Filtering the log data using "processImagePath BEGINSWITH "/Users/hubertwojcik/Library/Developer/CoreSimulator/Devices/5B9A3E60-C11E-483A-B1A7-E920607879BB/data/Containers/Bundle/Application/9F19ED3D-7D13-45D2-8101-37EC2D78321D/E2E_tests.app""
Timestamp               Ty Process[PID:TID]
2023-09-09 12:47:37.583 Db E2E_tests[71045:1e3f6cc] [com.apple.defaults:User Defaults] found no value for key CGContextHighlight2xScaledImages in CFPrefsPlistSource<0x600003c40480> (Domain: org.reactjs.native.example.E2E-tests, User: kCFPreferencesCurrentUser, ByHost: No, Container: (null), Contents Need Refresh: No)
2023-09-09 12:47:37.583 Db E2E_tests[71045:1e3f6cc] [com.apple.defaults:User Defaults] found no value for key CGContextHighlight2xScaledImages in CFPrefsPlistSource<0x600003c40480> (Domain: org.reactjs.native.example.E2E-tests, User: kCFPreferencesCurrentUser, ByHost: No, Container: (null), Contents Need Refresh: No)
2023-09-09 12:47:37.583 Db E2E_tests[71045:1e3f6cc] [com.apple.defaults:User Defaults] found no value for key CGContextHighlight2xScaledImages in CFPrefsPlistSource<0x600003c40780> (Domain: kCFPreferencesAnyApplication, User: kCFPreferencesCurrentUser, ByHost: No, Container: (null), Contents Need Refresh: No)
2023-09-09 12:47:37.583 Db E2E_tests[71045:1e3f6cc] [com.apple.defaults:User Defaults] found no value for key CGContextHighlight2xScaledImages in CFPrefsPlistSource<0x600003c40780> (Domain: kCFPreferencesAnyApplication, User: kCFPreferencesCurrentUser, ByHost: No, Container: (null), Contents Need Refresh: No)
2023-09-09 12:47:37.583 Db E2E_tests[71045:1e3f6cc] [com.apple.defaults:User Defaults] found no value for key CGContextTrackImageDrawing in CFPrefsPlistSource<0x600003c40480> (Domain: org.reactjs.native.example.E2E-tests, User: kCFPreferencesCurrentUser, ByHost: No, Container: (null), Contents Need Refresh: No)
2023-09-09 12:47:37.583 Db E2E_tests[71045:1e3f6cc] [com.apple.defaults:User Defaults] found no value for key CGContextTrackImageDrawing in CFPrefsPlistSource<0x600003c40480> (Domain: org.reactjs.native.example.E2E-tests, User: kCFPreferencesCurrentUser, ByHost: No, Container: (null), Contents Need Refresh: No)
2023-09-09 12:47:37.583 Db E2E_tests[71045:1e3f6cc] [com.apple.defaults:User Defaults] found no value for key CGContextTrackImageDrawing in CFPrefsPlistSource<0x600003c40780> (Domain: kCFPreferencesAnyApplication, User: kCFPreferencesCurrentUser, ByHost: No, Container: (null), Contents Need Refresh: No)
2023-09-09 12:47:37.583 Db E2E_tests[71045:1e3f6cc] [com.apple.defaults:User Defaults] found no value for key CGContextTrackImageDrawing in CFPrefsPlistSource<0x600003c40780> (Domain: kCFPreferencesAnyApplication, User: kCFPreferencesCurrentUser, ByHost: No, Container: (null), Contents Need Refresh: No)
2023-09-09 12:47:37.597 Db E2E_tests[71045:1e3f6cc] (IOSurface) IOSurface connected
2023-09-09 12:47:37.649 Db E2E_tests[71045:1e3f6cc] [com.apple.defaults:User Defaults] found no value for key LogTouch in CFPrefsSearchListSource<0x600003c41800> (Domain: com.apple.UIKit, Container: (null))
2023-09-09 12:47:37.650 Db E2E_tests[71045:1e3f6cc] [com.apple.defaults:User Defaults] found no value for key LogGesture in CFPrefsSearchListSource<0x600003c41800> (Domain: com.apple.UIKit, Container: (null))
2023-09-09 12:47:37.650 Db E2E_tests[71045:1e3f6cc] [com.apple.defaults:User Defaults] found no value for key LogEventDispatch in CFPrefsSearchListSource<0x600003c41800> (Domain: com.apple.UIKit, Container: (null))
2023-09-09 12:47:37.650 Df E2E_tests[71045:1e3f6cc] [com.apple.UIKit:EventDispatch] Sending UIEvent type: 0; subtype: 0; to windows: 1
2023-09-09 12:47:37.652 Df E2E_tests[71045:1e3f6cc] [com.apple.UIKit:EventDispatch] Sending UIEvent type: 0; subtype: 0; to window: <UIWindow: 0x13453db00>; contextId: 0x390F0C10
2023-09-09 12:47:37.652 Db E2E_tests[71045:1e3f6cc] [com.apple.defaults:User Defaults] found no value for key LogGestureExclusion in CFPrefsSearchListSource<0x600003c41800> (Domain: com.apple.UIKit, Container: (null))
2023-09-09 12:47:37.652 Db E2E_tests[71045:1e3f6cc] [com.apple.defaults:User Defaults] found no value for key LogGesturePerformance in CFPrefsSearchListSource<0x600003c41800> (Domain: com.apple.UIKit, Container: (null))
2023-09-09 12:47:37.652 A  E2E_tests[71045:1e3f6cc] (UIKitCore) send gesture actions
2023-09-09 12:47:37.652 A  E2E_tests[71045:1e3f6cc] (UIKitCore) send control actions
2023-09-09 12:47:37.665 Df E2E_tests[71045:1e3f6cc] [com.apple.UIKit:EventDispatch] Sending UIEvent type: 0; subtype: 0; to windows: 1
2023-09-09 12:47:37.666 Df E2E_tests[71045:1e3f6cc] [com.apple.UIKit:EventDispatch] Sending UIEvent type: 0; subtype: 0; to window: <UIWindow: 0x13453db00>; contextId: 0x390F0C10
2023-09-09 12:47:37.666 A  E2E_tests[71045:1e3f6cc] (UIKitCore) send gesture actions
2023-09-09 12:47:37.666 A  E2E_tests[71045:1e3f6cc] (UIKitCore) send control actions
2023-09-09 12:47:37.680 Db E2E_tests[71045:1e3f74f] [com.apple.defaults:User Defaults] looked up value 1 for key RCTI18nUtil_makeRTLFlipLeftAndRightStyles in CFPrefsPlistSource<0x600003c40480> (Domain: org.reactjs.native.example.E2E-tests, User: kCFPreferencesCurrentUser, ByHost: No, Container: (null), Contents Need Refresh: No) via CFPrefsSearchListSource<0x600003c48500> (Domain: org.reactjs.native.example.E2E-tests, Container: (null))
2023-09-09 12:47:37.680 Db E2E_tests[71045:1e3f74f] [com.apple.defaults:User Defaults] looked up value 1 for key RCTI18nUtil_makeRTLFlipLeftAndRightStyles in CFPrefsPlistSource<0x600003c40480> (Domain: org.reactjs.native.example.E2E-tests, User: kCFPreferencesCurrentUser, ByHost: No, Container: (null), Contents Need Refresh: No) via CFPrefsSearchListSource<0x600003c48500> (Domain: org.reactjs.native.example.E2E-tests, Container: (null))
2023-09-09 12:47:37.699 Db E2E_tests[71045:1e3f74f] [com.apple.defaults:User Defaults] looked up value 1 for key RCTI18nUtil_makeRTLFlipLeftAndRightStyles in CFPrefsPlistSource<0x600003c40480> (Domain: org.reactjs.native.example.E2E-tests, User: kCFPreferencesCurrentUser, ByHost: No, Container: (null), Contents Need Refresh: No) via CFPrefsSearchListSource<0x600003c48500> (Domain: org.reactjs.native.example.E2E-tests, Container: (null))
2023-09-09 12:47:37.700 Db E2E_tests[71045:1e3f74f] [com.apple.defaults:User Defaults] looked up value 1 for key RCTI18nUtil_makeRTLFlipLeftAndRightStyles in CFPrefsPlistSource<0x600003c40480> (Domain: org.reactjs.native.example.E2E-tests, User: kCFPreferencesCurrentUser, ByHost: No, Container: (null), Contents Need Refresh: No) via CFPrefsSearchListSource<0x600003c48500> (Domain: org.reactjs.native.example.E2E-tests, Container: (null))
2023-09-09 12:47:37.700 Db E2E_tests[71045:1e3f74f] [com.apple.defaults:User Defaults] looked up value 1 for key RCTI18nUtil_makeRTLFlipLeftAndRightStyles in CFPrefsPlistSource<0x600003c40480> (Domain: org.reactjs.native.example.E2E-tests, User: kCFPreferencesCurrentUser, ByHost: No, Container: (null), Contents Need Refresh: No) via CFPrefsSearchListSource<0x600003c48500> (Domain: org.reactjs.native.example.E2E-tests, Container: (null))
2023-09-09 12:47:37.700 Db E2E_tests[71045:1e3f74f] [com.apple.defaults:User Defaults] looked up value 1 for key RCTI18nUtil_makeRTLFlipLeftAndRightStyles in CFPrefsPlistSource<0x600003c40480> (Domain: org.reactjs.native.example.E2E-tests, User: kCFPreferencesCurrentUser, ByHost: No, Container: (null), Contents Need Refresh: No) via CFPrefsSearchListSource<0x600003c48500> (Domain: org.reactjs.native.example.E2E-tests, Container: (null))
2023-09-09 12:47:37.700 Db E2E_tests[71045:1e3f74f] [com.apple.defaults:User Defaults] looked up value 1 for key RCTI18nUtil_makeRTLFlipLeftAndRightStyles in CFPrefsPlistSource<0x600003c40480> (Domain: org.reactjs.native.example.E2E-tests, User: kCFPreferencesCurrentUser, ByHost: No, Container: (null), Contents Need Refresh: No) via CFPrefsSearchListSource<0x600003c48500> (Domain: org.reactjs.native.example.E2E-tests, Container: (null))
2023-09-09 12:47:37.700 Db E2E_tests[71045:1e3f74f] [com.apple.defaults:User Defaults] looked up value 1 for key RCTI18nUtil_makeRTLFlipLeftAndRightStyles in CFPrefsPlistSource<0x600003c40480> (Domain: org.reactjs.native.example.E2E-tests, User: kCFPreferencesCurrentUser, ByHost: No, Container: (null), Contents Need Refresh: No) via CFPrefsSearchListSource<0x600003c48500> (Domain: org.reactjs.native.example.E2E-tests, Container: (null))
2023-09-09 12:47:37.701 I  E2E_tests[71045:1e3f6cc] [com.apple.coreui:framework] CoreUI /Applications/Xcode.app/Contents/Developer/Platforms/iPhoneOS.platform/Library/Developer/CoreSimulator/Profiles/Runtimes/iOS.simruntime/Contents/Resources/RuntimeRoot/System/Library/PrivateFrameworks/CoreUI.framework/DesignLibrary-iOS.bundle/iOSRepositories/LightStandard.car 0x10d044000
2023-09-09 12:47:37.706 Db E2E_tests[71045:1e3f6cc] [com.apple.defaults:User Defaults] found no value for key IncreaseButtonLegibilityEnabled in CFPrefsSearchListSource<0x600003c4d780> (Domain: com.apple.Accessibility, Container: (null))
2023-09-09 12:47:37.706 Db E2E_tests[71045:1e3f6cc] [com.apple.Accessibility:AXSupportCommon] CF Read: domain = com.apple.Accessibility, preference = IncreaseButtonLegibilityEnabled, appID = (null) result = (null) (-1 - empty, 0 - false, 1 - true)
2023-09-09 12:47:37.706 Db E2E_tests[71045:1e3f6cc] [com.apple.defaults:User Defaults] found no value for key IncreaseButtonLegibilityEnabled in CFPrefsPlistSource<0x600003c4db00> (Domain: com.apple.Accessibility, User: kCFPreferencesCurrentUser, ByHost: No, Container: /Users/hubertwojcik/Library/Developer/CoreSimulator/Devices/5B9A3E60-C11E-483A-B1A7-E920607879BB/data, Contents Need Refresh: No)
2023-09-09 12:47:37.714 Db E2E_tests[71045:1e3f764] [com.apple.defaults:User Defaults] looked up value 1 for key RCTI18nUtil_makeRTLFlipLeftAndRightStyles in CFPrefsPlistSource<0x600003c40480> (Domain: org.reactjs.native.example.E2E-tests, User: kCFPreferencesCurrentUser, ByHost: No, Container: (null), Contents Need Refresh: No) via CFPrefsSearchListSource<0x600003c48500> (Domain: org.reactjs.native.example.E2E-tests, Container: (null))
2023-09-09 12:47:37.714 Db E2E_tests[71045:1e3f764] [com.apple.defaults:User Defaults] looked up value 1 for key RCTI18nUtil_makeRTLFlipLeftAndRightStyles in CFPrefsPlistSource<0x600003c40480> (Domain: org.reactjs.native.example.E2E-tests, User: kCFPreferencesCurrentUser, ByHost: No, Container: (null), Contents Need Refresh: No) via CFPrefsSearchListSource<0x600003c48500> (Domain: org.reactjs.native.example.E2E-tests, Container: (null))
2023-09-09 12:47:37.714 Db E2E_tests[71045:1e3f764] [com.apple.defaults:User Defaults] looked up value 1 for key RCTI18nUtil_makeRTLFlipLeftAndRightStyles in CFPrefsPlistSource<0x600003c40480> (Domain: org.reactjs.native.example.E2E-tests, User: kCFPreferencesCurrentUser, ByHost: No, Container: (null), Contents Need Refresh: No) via CFPrefsSearchListSource<0x600003c48500> (Domain: org.reactjs.native.example.E2E-tests, Container: (null))
2023-09-09 12:47:37.714 Db E2E_tests[71045:1e3f764] [com.apple.defaults:User Defaults] looked up value 1 for key RCTI18nUtil_makeRTLFlipLeftAndRightStyles in CFPrefsPlistSource<0x600003c40480> (Domain: org.reactjs.native.example.E2E-tests, User: kCFPreferencesCurrentUser, ByHost: No, Container: (null), Contents Need Refresh: No) via CFPrefsSearchListSource<0x600003c48500> (Domain: org.reactjs.native.example.E2E-tests, Container: (null))
2023-09-09 12:47:37.720 Df E2E_tests[71045:1e3f764] (CFNetwork) Task <4F938ED0-0EF9-4F4B-B262-A26919E89C46>.<1> resuming, timeouts(60.0, 604800.0) QOS(0x19) Voucher (null)
2023-09-09 12:47:37.720 Db E2E_tests[71045:1e3f764] [com.apple.network:activity] Returning should log: 0 for activity cfnetwork:foreground_task
2023-09-09 12:47:37.720 Db E2E_tests[71045:1e3f764] [com.apple.network:activity] Domain cfnetwork rate configured in registry as 1 / 20000
2023-09-09 12:47:37.720 Db E2E_tests[71045:1e3f764] [com.apple.network:activity] Domain cfnetwork rate configured after remote default override as 1 / 20000
2023-09-09 12:47:37.720 Db E2E_tests[71045:1e3f764] [com.apple.network:activity] After reading settings plist, domain cfnetwork rate configured as 1 / 2000000
2023-09-09 12:47:37.720 Db E2E_tests[71045:1e3f764] [com.apple.network:activity] After settings override, domain cfnetwork rate configured as 1 / 2000000
2023-09-09 12:47:37.720 Db E2E_tests[71045:1e3f764] [com.apple.network:activity] Final domain cfnetwork rate configured as 1 / 2000000
2023-09-09 12:47:37.720 I  E2E_tests[71045:1e3f6cc] [com.facebook.react.log:native] [GESTURE HANDLER] Initialize gesture handler for view <RCTRootContentView: 0x13531c920; frame = (0 0; 393 852); gestureRecognizers = <NSArray: 0x600001c32220>; layer = <CALayer: 0x600001260200>> reactTag: 1; frame = {{0, 0}, {393, 852}}; layer = <CALayer: 0x600001260200>
2023-09-09 12:47:37.720 Db E2E_tests[71045:1e3f764] [com.apple.network:activity] <nw_activity 12:2[No UUID] (reporting strategy default)> sampled at 1 / 2000000
2023-09-09 12:47:37.720 Db E2E_tests[71045:1e3f764] [com.apple.network:activity] Returning should log: 0 for activity cfnetwork:foreground_task
2023-09-09 12:47:37.720 Df E2E_tests[71045:1e3f764] (CFNetwork) [Telemetry]: Activity <nw_activity 12:2[75D45A55-4326-425B-891C-BE53DEC9BF76] (reporting strategy default)> on Task <4F938ED0-0EF9-4F4B-B262-A26919E89C46>.<1> was not selected for reporting
2023-09-09 12:47:37.720 Df E2E_tests[71045:1e3f764] (CFNetwork) Task <748D23F8-1310-46EB-BE15-780F2D5E3E22>.<2> resuming, timeouts(60.0, 604800.0) QOS(0x19) Voucher (null)
2023-09-09 12:47:37.720 Db E2E_tests[71045:1e3f764] [com.apple.network:activity] Returning should log: 0 for activity cfnetwork:foreground_task
2023-09-09 12:47:37.720 Db E2E_tests[71045:1e3f764] [com.apple.network:activity] Domain cfnetwork rate configured in registry as 1 / 20000
2023-09-09 12:47:37.720 Db E2E_tests[71045:1e3f764] [com.apple.network:activity] Domain cfnetwork rate configured after remote default override as 1 / 20000
2023-09-09 12:47:37.720 Db E2E_tests[71045:1e3f764] [com.apple.network:activity] After reading settings plist, domain cfnetwork rate configured as 1 / 2000000
2023-09-09 12:47:37.720 Db E2E_tests[71045:1e3f764] [com.apple.network:activity] After settings override, domain cfnetwork rate configured as 1 / 2000000
2023-09-09 12:47:37.720 Db E2E_tests[71045:1e3f764] [com.apple.network:activity] Final domain cfnetwork rate configured as 1 / 2000000
2023-09-09 12:47:37.720 Db E2E_tests[71045:1e3f764] [com.apple.network:activity] <nw_activity 12:2[No UUID] (reporting strategy default)> sampled at 1 / 2000000
2023-09-09 12:47:37.720 Db E2E_tests[71045:1e3f74e] [com.apple.CFNetwork:ATS] Uploading ATS exception ATSAllowsLocalNetworking
2023-09-09 12:47:37.720 Db E2E_tests[71045:1e3f764] [com.apple.network:activity] Returning should log: 0 for activity cfnetwork:foreground_task
2023-09-09 12:47:37.721 A  E2E_tests[71045:1e3f753] (Security) SecTrustReportNetworkingAnalytics
2023-09-09 12:47:37.721 Df E2E_tests[71045:1e3f764] (CFNetwork) [Telemetry]: Activity <nw_activity 12:2[2C89C1B9-2A77-4D8D-B992-A3DED63D9DB9] (reporting strategy default)> on Task <748D23F8-1310-46EB-BE15-780F2D5E3E22>.<2> was not selected for reporting
2023-09-09 12:47:37.721 I  E2E_tests[71045:1e3f74e] [com.apple.network:connection] nw_connection_create_with_id [C8] create connection to Hostname#c0ca3621:8081
2023-09-09 12:47:37.721 Df E2E_tests[71045:1e3f74e] (CFNetwork) Connection 8: starting, TC(0x0)
2023-09-09 12:47:37.721 Df E2E_tests[71045:1e3f74e] [com.apple.network:connection] [C8 D5894025-D7F9-4F1A-B414-37B991E8E0A9 localhost:8081 tcp, url hash: f1412b50, definite, attribution: developer, context: com.apple.CFNetwork.NSURLSession.{E50B6932-22AB-47FB-8FCE-677D011D0273}{(null)}{Y}{2} (private), proc: 570D0823-7E8F-3604-85C2-3DE0AE860944] start
2023-09-09 12:47:37.721 I  E2E_tests[71045:1e3f74e] [com.apple.network:connection] nw_endpoint_handler_start [C8 localhost:8081 initial parent-flow ((null))]
2023-09-09 12:47:37.721 Df E2E_tests[71045:1e3f74e] [com.apple.network:connection] [C8 localhost:8081 initial parent-flow ((null))] event: path:start @0.000s
2023-09-09 12:47:37.721 Db E2E_tests[71045:1e3f6cc] [com.apple.defaults:User Defaults] looked up value 1 for key RCTI18nUtil_makeRTLFlipLeftAndRightStyles in CFPrefsPlistSource<0x600003c40480> (Domain: org.reactjs.native.example.E2E-tests, User: kCFPreferencesCurrentUser, ByHost: No, Container: (null), Contents Need Refresh: No) via CFPrefsSearchListSource<0x600003c48500> (Domain: org.reactjs.native.example.E2E-tests, Container: (null))
2023-09-09 12:47:37.721 Db E2E_tests[71045:1e3f6cc] [com.apple.defaults:User Defaults] looked up value 1 for key RCTI18nUtil_makeRTLFlipLeftAndRightStyles in CFPrefsPlistSource<0x600003c40480> (Domain: org.reactjs.native.example.E2E-tests, User: kCFPreferencesCurrentUser, ByHost: No, Container: (null), Contents Need Refresh: No) via CFPrefsSearchListSource<0x600003c48500> (Domain: org.reactjs.native.example.E2E-tests, Container: (null))
2023-09-09 12:47:37.721 Db E2E_tests[71045:1e3f74e] [com.apple.network:connection] nw_endpoint_handler_path_change [C8 localhost:8081 waiting parent-flow (satisfied (Path is satisfied), interface: en0[802.11])]
2023-09-09 12:47:37.721 Df E2E_tests[71045:1e3f74e] [com.apple.network:connection] [C8 localhost:8081 waiting parent-flow (satisfied (Path is satisfied), interface: en0[802.11])] event: path:satisfied @0.000s, uuid: EBC12DEC-E71F-41C2-AD86-401FBA98C869
2023-09-09 12:47:37.721 Db E2E_tests[71045:1e3f6cc] [com.apple.defaults:User Defaults] looked up value 1 for key RCTI18nUtil_makeRTLFlipLeftAndRightStyles in CFPrefsPlistSource<0x600003c40480> (Domain: org.reactjs.native.example.E2E-tests, User: kCFPreferencesCurrentUser, ByHost: No, Container: (null), Contents Need Refresh: No) via CFPrefsSearchListSource<0x600003c48500> (Domain: org.reactjs.native.example.E2E-tests, Container: (null))
2023-09-09 12:47:37.721 I  E2E_tests[71045:1e3f74e] [com.apple.network:connection] nw_connection_endpoint_report_on_nw_queue_block_invoke [C8 localhost:8081 waiting parent-flow (satisfied (Path is satisfied), interface: en0[802.11])] skipping state update
2023-09-09 12:47:37.721 Db E2E_tests[71045:1e3f6cc] [com.apple.defaults:User Defaults] looked up value 1 for key RCTI18nUtil_makeRTLFlipLeftAndRightStyles in CFPrefsPlistSource<0x600003c40480> (Domain: org.reactjs.native.example.E2E-tests, User: kCFPreferencesCurrentUser, ByHost: No, Container: (null), Contents Need Refresh: No) via CFPrefsSearchListSource<0x600003c48500> (Domain: org.reactjs.native.example.E2E-tests, Container: (null))
2023-09-09 12:47:37.721 Db E2E_tests[71045:1e3f74e] [com.apple.network:] nw_endpoint_proxy_handler_should_use_proxy Looking up proxy for hostname: localhost, ifindex: 0
2023-09-09 12:47:37.721 Db E2E_tests[71045:1e3f6cc] [com.apple.defaults:User Defaults] looked up value 1 for key RCTI18nUtil_makeRTLFlipLeftAndRightStyles in CFPrefsPlistSource<0x600003c40480> (Domain: org.reactjs.native.example.E2E-tests, User: kCFPreferencesCurrentUser, ByHost: No, Container: (null), Contents Need Refresh: No) via CFPrefsSearchListSource<0x600003c48500> (Domain: org.reactjs.native.example.E2E-tests, Container: (null))
2023-09-09 12:47:37.721 Db E2E_tests[71045:1e3f74e] [com.apple.SystemConfiguration:SCPreferences] create <SCPreferences 0x1353bcb00 [0x10a9441d0]> {name = SCDynamicStoreCopyProxiesWithOptions, id = /Library/Managed Preferences/mobile/com.apple.SystemConfiguration.plist, path = /Library/Managed Preferences/mobile/com.apple.SystemConfiguration.plist}
2023-09-09 12:47:37.721 Db E2E_tests[71045:1e3f6cc] [com.apple.defaults:User Defaults] looked up value 1 for key RCTI18nUtil_makeRTLFlipLeftAndRightStyles in CFPrefsPlistSource<0x600003c40480> (Domain: org.reactjs.native.example.E2E-tests, User: kCFPreferencesCurrentUser, ByHost: No, Container: (null), Contents Need Refresh: No) via CFPrefsSearchListSource<0x600003c48500> (Domain: org.reactjs.native.example.E2E-tests, Container: (null))
2023-09-09 12:47:37.721 Db E2E_tests[71045:1e3f74e] [com.apple.SystemConfiguration:SCPreferences] SCPreferences() access: /Library/Managed Preferences/mobile/com.apple.SystemConfiguration.plist, size=0
2023-09-09 12:47:37.721 Db E2E_tests[71045:1e3f6cc] [com.apple.defaults:User Defaults] looked up value 1 for key RCTI18nUtil_makeRTLFlipLeftAndRightStyles in CFPrefsPlistSource<0x600003c40480> (Domain: org.reactjs.native.example.E2E-tests, User: kCFPreferencesCurrentUser, ByHost: No, Container: (null), Contents Need Refresh: No) via CFPrefsSearchListSource<0x600003c48500> (Domain: org.reactjs.native.example.E2E-tests, Container: (null))
2023-09-09 12:47:37.721 Db E2E_tests[71045:1e3f74e] [com.apple.SystemConfiguration:SCPreferences] release <SCPreferences 0x1353bcb00 [0x10a9441d0]> {name = SCDynamicStoreCopyProxiesWithOptions, id = /Library/Managed Preferences/mobile/com.apple.SystemConfiguration.plist, path = /Library/Managed Preferences/mobile/com.apple.SystemConfiguration.plist, accessed}
2023-09-09 12:47:37.721 Db E2E_tests[71045:1e3f6cc] [com.apple.defaults:User Defaults] looked up value 1 for key RCTI18nUtil_makeRTLFlipLeftAndRightStyles in CFPrefsPlistSource<0x600003c40480> (Domain: org.reactjs.native.example.E2E-tests, User: kCFPreferencesCurrentUser, ByHost: No, Container: (null), Contents Need Refresh: No) via CFPrefsSearchListSource<0x600003c48500> (Domain: org.reactjs.native.example.E2E-tests, Container: (null))
2023-09-09 12:47:37.721 Db E2E_tests[71045:1e3f6cc] [com.apple.defaults:User Defaults] looked up value 1 for key RCTI18nUtil_makeRTLFlipLeftAndRightStyles in CFPrefsPlistSource<0x600003c40480> (Domain: org.reactjs.native.example.E2E-tests, User: kCFPreferencesCurrentUser, ByHost: No, Container: (null), Contents Need Refresh: No) via CFPrefsSearchListSource<0x600003c48500> (Domain: org.reactjs.native.example.E2E-tests, Container: (null))
2023-09-09 12:47:37.721 Db E2E_tests[71045:1e3f6cc] [com.apple.defaults:User Defaults] looked up value 1 for key RCTI18nUtil_makeRTLFlipLeftAndRightStyles in CFPrefsPlistSource<0x600003c40480> (Domain: org.reactjs.native.example.E2E-tests, User: kCFPreferencesCurrentUser, ByHost: No, Container: (null), Contents Need Refresh: No) via CFPrefsSearchListSource<0x600003c48500> (Domain: org.reactjs.native.example.E2E-tests, Container: (null))
2023-09-09 12:47:37.721 Db E2E_tests[71045:1e3f6cc] [com.apple.defaults:User Defaults] looked up value 1 for key RCTI18nUtil_makeRTLFlipLeftAndRightStyles in CFPrefsPlistSource<0x600003c40480> (Domain: org.reactjs.native.example.E2E-tests, User: kCFPreferencesCurrentUser, ByHost: No, Container: (null), Contents Need Refresh: No) via CFPrefsSearchListSource<0x600003c48500> (Domain: org.reactjs.native.example.E2E-tests, Container: (null))
2023-09-09 12:47:37.722 Db E2E_tests[71045:1e3f6cc] [com.apple.defaults:User Defaults] looked up value 1 for key RCTI18nUtil_makeRTLFlipLeftAndRightStyles in CFPrefsPlistSource<0x600003c40480> (Domain: org.reactjs.native.example.E2E-tests, User: kCFPreferencesCurrentUser, ByHost: No, Container: (null), Contents Need Refresh: No) via CFPrefsSearchListSource<0x600003c48500> (Domain: org.reactjs.native.example.E2E-tests, Container: (null))
2023-09-09 12:47:37.722 Db E2E_tests[71045:1e3f6cc] [com.apple.defaults:User Defaults] looked up value 1 for key RCTI18nUtil_makeRTLFlipLeftAndRightStyles in CFPrefsPlistSource<0x600003c40480> (Domain: org.reactjs.native.example.E2E-tests, User: kCFPreferencesCurrentUser, ByHost: No, Container: (null), Contents Need Refresh: No) via CFPrefsSearchListSource<0x600003c48500> (Domain: org.reactjs.native.example.E2E-tests, Container: (null))
2023-09-09 12:47:37.722 Db E2E_tests[71045:1e3f6cc] [com.apple.defaults:User Defaults] looked up value 1 for key RCTI18nUtil_makeRTLFlipLeftAndRightStyles in CFPrefsPlistSource<0x600003c40480> (Domain: org.reactjs.native.example.E2E-tests, User: kCFPreferencesCurrentUser, ByHost: No, Container: (null), Contents Need Refresh: No) via CFPrefsSearchListSource<0x600003c48500> (Domain: org.reactjs.native.example.E2E-tests, Container: (null))
2023-09-09 12:47:37.722 Db E2E_tests[71045:1e3f6cc] [com.apple.defaults:User Defaults] looked up value 1 for key RCTI18nUtil_makeRTLFlipLeftAndRightStyles in CFPrefsPlistSource<0x600003c40480> (Domain: org.reactjs.native.example.E2E-tests, User: kCFPreferencesCurrentUser, ByHost: No, Container: (null), Contents Need Refresh: No) via CFPrefsSearchListSource<0x600003c48500> (Domain: org.reactjs.native.example.E2E-tests, Container: (null))
2023-09-09 12:47:37.722 Db E2E_tests[71045:1e3f6cc] [com.apple.defaults:User Defaults] looked up value 1 for key RCTI18nUtil_makeRTLFlipLeftAndRightStyles in CFPrefsPlistSource<0x600003c40480> (Domain: org.reactjs.native.example.E2E-tests, User: kCFPreferencesCurrentUser, ByHost: No, Container: (null), Contents Need Refresh: No) via CFPrefsSearchListSource<0x600003c48500> (Domain: org.reactjs.native.example.E2E-tests, Container: (null))
2023-09-09 12:47:37.722 Db E2E_tests[71045:1e3f6cc] [com.apple.defaults:User Defaults] looked up value 1 for key RCTI18nUtil_makeRTLFlipLeftAndRightStyles in CFPrefsPlistSource<0x600003c40480> (Domain: org.reactjs.native.example.E2E-tests, User: kCFPreferencesCurrentUser, ByHost: No, Container: (null), Contents Need Refresh: No) via CFPrefsSearchListSource<0x600003c48500> (Domain: org.reactjs.native.example.E2E-tests, Container: (null))
2023-09-09 12:47:37.722 Db E2E_tests[71045:1e3f6cc] [com.apple.defaults:User Defaults] looked up value 1 for key RCTI18nUtil_makeRTLFlipLeftAndRightStyles in CFPrefsPlistSource<0x600003c40480> (Domain: org.reactjs.native.example.E2E-tests, User: kCFPreferencesCurrentUser, ByHost: No, Container: (null), Contents Need Refresh: No) via CFPrefsSearchListSource<0x600003c48500> (Domain: org.reactjs.native.example.E2E-tests, Container: (null))
2023-09-09 12:47:37.722 Db E2E_tests[71045:1e3f6cc] [com.apple.defaults:User Defaults] looked up value 1 for key RCTI18nUtil_makeRTLFlipLeftAndRightStyles in CFPrefsPlistSource<0x600003c40480> (Domain: org.reactjs.native.example.E2E-tests, User: kCFPreferencesCurrentUser, ByHost: No, Container: (null), Contents Need Refresh: No) via CFPrefsSearchListSource<0x600003c48500> (Domain: org.reactjs.native.example.E2E-tests, Container: (null))
2023-09-09 12:47:37.722 Db E2E_tests[71045:1e3f6cc] [com.apple.defaults:User Defaults] looked up value 1 for key RCTI18nUtil_makeRTLFlipLeftAndRightStyles in CFPrefsPlistSource<0x600003c40480> (Domain: org.reactjs.native.example.E2E-tests, User: kCFPreferencesCurrentUser, ByHost: No, Container: (null), Contents Need Refresh: No) via CFPrefsSearchListSource<0x600003c48500> (Domain: org.reactjs.native.example.E2E-tests, Container: (null))
2023-09-09 12:47:37.722 Db E2E_tests[71045:1e3f6cc] [com.apple.defaults:User Defaults] looked up value 1 for key RCTI18nUtil_makeRTLFlipLeftAndRightStyles in CFPrefsPlistSource<0x600003c40480> (Domain: org.reactjs.native.example.E2E-tests, User: kCFPreferencesCurrentUser, ByHost: No, Container: (null), Contents Need Refresh: No) via CFPrefsSearchListSource<0x600003c48500> (Domain: org.reactjs.native.example.E2E-tests, Container: (null))
2023-09-09 12:47:37.722 Db E2E_tests[71045:1e3f6cc] [com.apple.defaults:User Defaults] looked up value 1 for key RCTI18nUtil_makeRTLFlipLeftAndRightStyles in CFPrefsPlistSource<0x600003c40480> (Domain: org.reactjs.native.example.E2E-tests, User: kCFPreferencesCurrentUser, ByHost: No, Container: (null), Contents Need Refresh: No) via CFPrefsSearchListSource<0x600003c48500> (Domain: org.reactjs.native.example.E2E-tests, Container: (null))
2023-09-09 12:47:37.722 Db E2E_tests[71045:1e3f6cc] [com.apple.defaults:User Defaults] looked up value 1 for key RCTI18nUtil_makeRTLFlipLeftAndRightStyles in CFPrefsPlistSource<0x600003c40480> (Domain: org.reactjs.native.example.E2E-tests, User: kCFPreferencesCurrentUser, ByHost: No, Container: (null), Contents Need Refresh: No) via CFPrefsSearchListSource<0x600003c48500> (Domain: org.reactjs.native.example.E2E-tests, Container: (null))
2023-09-09 12:47:37.722 Db E2E_tests[71045:1e3f74e] [com.apple.network:connection] nw_endpoint_flow_attach_protocols [C8 localhost:8081 in_progress parent-flow (satisfied (Path is satisfied), interface: en0[802.11])]
2023-09-09 12:47:37.722 Db E2E_tests[71045:1e3f6cc] [com.apple.defaults:User Defaults] looked up value 1 for key RCTI18nUtil_makeRTLFlipLeftAndRightStyles in CFPrefsPlistSource<0x600003c40480> (Domain: org.reactjs.native.example.E2E-tests, User: kCFPreferencesCurrentUser, ByHost: No, Container: (null), Contents Need Refresh: No) via CFPrefsSearchListSource<0x600003c48500> (Domain: org.reactjs.native.example.E2E-tests, Container: (null))
2023-09-09 12:47:37.722 Db E2E_tests[71045:1e3f6cc] [com.apple.defaults:User Defaults] looked up value 1 for key RCTI18nUtil_makeRTLFlipLeftAndRightStyles in CFPrefsPlistSource<0x600003c40480> (Domain: org.reactjs.native.example.E2E-tests, User: kCFPreferencesCurrentUser, ByHost: No, Container: (null), Contents Need Refresh: No) via CFPrefsSearchListSource<0x600003c48500> (Domain: org.reactjs.native.example.E2E-tests, Container: (null))
2023-09-09 12:47:37.722 Df E2E_tests[71045:1e3f753] [com.apple.securityd:SecError] SecTrustReportNetworkingAnalytics failed with error: -4
2023-09-09 12:47:37.722 Db E2E_tests[71045:1e3f6cc] [com.apple.defaults:User Defaults] looked up value 1 for key RCTI18nUtil_makeRTLFlipLeftAndRightStyles in CFPrefsPlistSource<0x600003c40480> (Domain: org.reactjs.native.example.E2E-tests, User: kCFPreferencesCurrentUser, ByHost: No, Container: (null), Contents Need Refresh: No) via CFPrefsSearchListSource<0x600003c48500> (Domain: org.reactjs.native.example.E2E-tests, Container: (null))
2023-09-09 12:47:37.722 Db E2E_tests[71045:1e3f74e] [com.apple.network:connection] nw_endpoint_flow_attach_protocols [C8 localhost:8081 in_progress parent-flow (satisfied (Path is satisfied), interface: en0[802.11])] stopping after adding persistent application protocols
2023-09-09 12:47:37.722 Db E2E_tests[71045:1e3f6cc] [com.apple.defaults:User Defaults] looked up value 1 for key RCTI18nUtil_makeRTLFlipLeftAndRightStyles in CFPrefsPlistSource<0x600003c40480> (Domain: org.reactjs.native.example.E2E-tests, User: kCFPreferencesCurrentUser, ByHost: No, Container: (null), Contents Need Refresh: No) via CFPrefsSearchListSource<0x600003c48500> (Domain: org.reactjs.native.example.E2E-tests, Container: (null))
2023-09-09 12:47:37.722 Db E2E_tests[71045:1e3f6cc] [com.apple.defaults:User Defaults] looked up value 1 for key RCTI18nUtil_makeRTLFlipLeftAndRightStyles in CFPrefsPlistSource<0x600003c40480> (Domain: org.reactjs.native.example.E2E-tests, User: kCFPreferencesCurrentUser, ByHost: No, Container: (null), Contents Need Refresh: No) via CFPrefsSearchListSource<0x600003c48500> (Domain: org.reactjs.native.example.E2E-tests, Container: (null))
2023-09-09 12:47:37.722 Db E2E_tests[71045:1e3f6cc] [com.apple.defaults:User Defaults] looked up value 1 for key RCTI18nUtil_makeRTLFlipLeftAndRightStyles in CFPrefsPlistSource<0x600003c40480> (Domain: org.reactjs.native.example.E2E-tests, User: kCFPreferencesCurrentUser, ByHost: No, Container: (null), Contents Need Refresh: No) via CFPrefsSearchListSource<0x600003c48500> (Domain: org.reactjs.native.example.E2E-tests, Container: (null))
2023-09-09 12:47:37.722 Db E2E_tests[71045:1e3f6cc] [com.apple.defaults:User Defaults] looked up value 1 for key RCTI18nUtil_makeRTLFlipLeftAndRightStyles in CFPrefsPlistSource<0x600003c40480> (Domain: org.reactjs.native.example.E2E-tests, User: kCFPreferencesCurrentUser, ByHost: No, Container: (null), Contents Need Refresh: No) via CFPrefsSearchListSource<0x600003c48500> (Domain: org.reactjs.native.example.E2E-tests, Container: (null))
2023-09-09 12:47:37.722 Db E2E_tests[71045:1e3f6cc] [com.apple.defaults:User Defaults] looked up value 1 for key RCTI18nUtil_makeRTLFlipLeftAndRightStyles in CFPrefsPlistSource<0x600003c40480> (Domain: org.reactjs.native.example.E2E-tests, User: kCFPreferencesCurrentUser, ByHost: No, Container: (null), Contents Need Refresh: No) via CFPrefsSearchListSource<0x600003c48500> (Domain: org.reactjs.native.example.E2E-tests, Container: (null))
2023-09-09 12:47:37.722 Df E2E_tests[71045:1e3f74e] [com.apple.network:connection] [C8 localhost:8081 in_progress parent-flow (satisfied (Path is satisfied), interface: en0[802.11])] event: flow:start_child @0.001s
2023-09-09 12:47:37.722 Db E2E_tests[71045:1e3f6cc] [com.apple.defaults:User Defaults] looked up value 1 for key RCTI18nUtil_makeRTLFlipLeftAndRightStyles in CFPrefsPlistSource<0x600003c40480> (Domain: org.reactjs.native.example.E2E-tests, User: kCFPreferencesCurrentUser, ByHost: No, Container: (null), Contents Need Refresh: No) via CFPrefsSearchListSource<0x600003c48500> (Domain: org.reactjs.native.example.E2E-tests, Container: (null))
2023-09-09 12:47:37.722 Db E2E_tests[71045:1e3f6cc] [com.apple.defaults:User Defaults] looked up value 1 for key RCTI18nUtil_makeRTLFlipLeftAndRightStyles in CFPrefsPlistSource<0x600003c40480> (Domain: org.reactjs.native.example.E2E-tests, User: kCFPreferencesCurrentUser, ByHost: No, Container: (null), Contents Need Refresh: No) via CFPrefsSearchListSource<0x600003c48500> (Domain: org.reactjs.native.example.E2E-tests, Container: (null))
2023-09-09 12:47:37.722 Df E2E_tests[71045:1e3f74e] [com.apple.network:connection] nw_connection_report_state_with_handler_on_nw_queue [C8] reporting state preparing
2023-09-09 12:47:37.722 Db E2E_tests[71045:1e3f6cc] [com.apple.defaults:User Defaults] looked up value 1 for key RCTI18nUtil_makeRTLFlipLeftAndRightStyles in CFPrefsPlistSource<0x600003c40480> (Domain: org.reactjs.native.example.E2E-tests, User: kCFPreferencesCurrentUser, ByHost: No, Container: (null), Contents Need Refresh: No) via CFPrefsSearchListSource<0x600003c48500> (Domain: org.reactjs.native.example.E2E-tests, Container: (null))
2023-09-09 12:47:37.722 Db E2E_tests[71045:1e3f6cc] [com.apple.defaults:User Defaults] looked up value 1 for key RCTI18nUtil_makeRTLFlipLeftAndRightStyles in CFPrefsPlistSource<0x600003c40480> (Domain: org.reactjs.native.example.E2E-tests, User: kCFPreferencesCurrentUser, ByHost: No, Container: (null), Contents Need Refresh: No) via CFPrefsSearchListSource<0x600003c48500> (Domain: org.reactjs.native.example.E2E-tests, Container: (null))
2023-09-09 12:47:37.722 Db E2E_tests[71045:1e3f6cc] [com.apple.defaults:User Defaults] looked up value 1 for key RCTI18nUtil_makeRTLFlipLeftAndRightStyles in CFPrefsPlistSource<0x600003c40480> (Domain: org.reactjs.native.example.E2E-tests, User: kCFPreferencesCurrentUser, ByHost: No, Container: (null), Contents Need Refresh: No) via CFPrefsSearchListSource<0x600003c48500> (Domain: org.reactjs.native.example.E2E-tests, Container: (null))
2023-09-09 12:47:37.722 Db E2E_tests[71045:1e3f6cc] [com.apple.defaults:User Defaults] looked up value 1 for key RCTI18nUtil_makeRTLFlipLeftAndRightStyles in CFPrefsPlistSource<0x600003c40480> (Domain: org.reactjs.native.example.E2E-tests, User: kCFPreferencesCurrentUser, ByHost: No, Container: (null), Contents Need Refresh: No) via CFPrefsSearchListSource<0x600003c48500> (Domain: org.reactjs.native.example.E2E-tests, Container: (null))
2023-09-09 12:47:37.722 I  E2E_tests[71045:1e3f74e] [com.apple.network:connection] nw_endpoint_handler_start [C8.1 localhost:8081 initial path ((null))]
2023-09-09 12:47:37.722 Db E2E_tests[71045:1e3f6cc] [com.apple.defaults:User Defaults] looked up value 1 for key RCTI18nUtil_makeRTLFlipLeftAndRightStyles in CFPrefsPlistSource<0x600003c40480> (Domain: org.reactjs.native.example.E2E-tests, User: kCFPreferencesCurrentUser, ByHost: No, Container: (null), Contents Need Refresh: No) via CFPrefsSearchListSource<0x600003c48500> (Domain: org.reactjs.native.example.E2E-tests, Container: (null))
2023-09-09 12:47:37.722 Db E2E_tests[71045:1e3f6cc] [com.apple.defaults:User Defaults] looked up value 1 for key RCTI18nUtil_makeRTLFlipLeftAndRightStyles in CFPrefsPlistSource<0x600003c40480> (Domain: org.reactjs.native.example.E2E-tests, User: kCFPreferencesCurrentUser, ByHost: No, Container: (null), Contents Need Refresh: No) via CFPrefsSearchListSource<0x600003c48500> (Domain: org.reactjs.native.example.E2E-tests, Container: (null))
2023-09-09 12:47:37.722 Db E2E_tests[71045:1e3f74e] [com.apple.network:connection] nw_endpoint_flow_receive_report [C8 localhost:8081 in_progress parent-flow (satisfied (Path is satisfied), interface: en0[802.11])] received child report: [C8.1 localhost:8081 initial path ((null))]
2023-09-09 12:47:37.722 Df E2E_tests[71045:1e3f74e] [com.apple.network:connection] [C8.1 localhost:8081 initial path ((null))] event: path:start @0.001s
2023-09-09 12:47:37.722 Db E2E_tests[71045:1e3f74e] [com.apple.network:connection] nw_endpoint_handler_path_change [C8.1 localhost:8081 waiting path (satisfied (Path is satisfied), interface: en0[802.11])]
2023-09-09 12:47:37.722 Db E2E_tests[71045:1e3f74e] [com.apple.network:connection] nw_endpoint_flow_receive_report [C8 localhost:8081 in_progress parent-flow (satisfied (Path is satisfied), interface: en0[802.11])] received child report: [C8.1 localhost:8081 waiting path (satisfied (Path is satisfied), interface: en0[802.11])]
2023-09-09 12:47:37.722 Df E2E_tests[71045:1e3f74e] [com.apple.network:connection] [C8.1 localhost:8081 waiting path (satisfied (Path is satisfied), interface: en0[802.11])] event: path:satisfied @0.001s, uuid: EBC12DEC-E71F-41C2-AD86-401FBA98C869
2023-09-09 12:47:37.722 Db E2E_tests[71045:1e3f6cc] [com.apple.defaults:User Defaults] looked up value 1 for key RCTI18nUtil_makeRTLFlipLeftAndRightStyles in CFPrefsPlistSource<0x600003c40480> (Domain: org.reactjs.native.example.E2E-tests, User: kCFPreferencesCurrentUser, ByHost: No, Container: (null), Contents Need Refresh: No) via CFPrefsSearchListSource<0x600003c48500> (Domain: org.reactjs.native.example.E2E-tests, Container: (null))
2023-09-09 12:47:37.722 Db E2E_tests[71045:1e3f74e] [com.apple.network:] nw_endpoint_proxy_handler_should_use_proxy Looking up proxy for hostname: localhost, ifindex: 0
2023-09-09 12:47:37.722 Db E2E_tests[71045:1e3f6cc] [com.apple.defaults:User Defaults] looked up value 1 for key RCTI18nUtil_makeRTLFlipLeftAndRightStyles in CFPrefsPlistSource<0x600003c40480> (Domain: org.reactjs.native.example.E2E-tests, User: kCFPreferencesCurrentUser, ByHost: No, Container: (null), Contents Need Refresh: No) via CFPrefsSearchListSource<0x600003c48500> (Domain: org.reactjs.native.example.E2E-tests, Container: (null))
2023-09-09 12:47:37.722 Db E2E_tests[71045:1e3f6cc] [com.apple.defaults:User Defaults] looked up value 1 for key RCTI18nUtil_makeRTLFlipLeftAndRightStyles in CFPrefsPlistSource<0x600003c40480> (Domain: org.reactjs.native.example.E2E-tests, User: kCFPreferencesCurrentUser, ByHost: No, Container: (null), Contents Need Refresh: No) via CFPrefsSearchListSource<0x600003c48500> (Domain: org.reactjs.native.example.E2E-tests, Container: (null))
2023-09-09 12:47:37.722 Db E2E_tests[71045:1e3f74e] [com.apple.SystemConfiguration:SCPreferences] create <SCPreferences 0x14ba39e10 [0x10a9441d0]> {name = SCDynamicStoreCopyProxiesWithOptions, id = /Library/Managed Preferences/mobile/com.apple.SystemConfiguration.plist, path = /Library/Managed Preferences/mobile/com.apple.SystemConfiguration.plist}
2023-09-09 12:47:37.723 Db E2E_tests[71045:1e3f6cc] [com.apple.defaults:User Defaults] looked up value 1 for key RCTI18nUtil_makeRTLFlipLeftAndRightStyles in CFPrefsPlistSource<0x600003c40480> (Domain: org.reactjs.native.example.E2E-tests, User: kCFPreferencesCurrentUser, ByHost: No, Container: (null), Contents Need Refresh: No) via CFPrefsSearchListSource<0x600003c48500> (Domain: org.reactjs.native.example.E2E-tests, Container: (null))
2023-09-09 12:47:37.723 Db E2E_tests[71045:1e3f6cc] [com.apple.defaults:User Defaults] looked up value 1 for key RCTI18nUtil_makeRTLFlipLeftAndRightStyles in CFPrefsPlistSource<0x600003c40480> (Domain: org.reactjs.native.example.E2E-tests, User: kCFPreferencesCurrentUser, ByHost: No, Container: (null), Contents Need Refresh: No) via CFPrefsSearchListSource<0x600003c48500> (Domain: org.reactjs.native.example.E2E-tests, Container: (null))
2023-09-09 12:47:37.723 Db E2E_tests[71045:1e3f74e] [com.apple.SystemConfiguration:SCPreferences] SCPreferences() access: /Library/Managed Preferences/mobile/com.apple.SystemConfiguration.plist, size=0
2023-09-09 12:47:37.723 Db E2E_tests[71045:1e3f6cc] [com.apple.defaults:User Defaults] looked up value 1 for key RCTI18nUtil_makeRTLFlipLeftAndRightStyles in CFPrefsPlistSource<0x600003c40480> (Domain: org.reactjs.native.example.E2E-tests, User: kCFPreferencesCurrentUser, ByHost: No, Container: (null), Contents Need Refresh: No) via CFPrefsSearchListSource<0x600003c48500> (Domain: org.reactjs.native.example.E2E-tests, Container: (null))
2023-09-09 12:47:37.723 Db E2E_tests[71045:1e3f74e] [com.apple.SystemConfiguration:SCPreferences] release <SCPreferences 0x14ba39e10 [0x10a9441d0]> {name = SCDynamicStoreCopyProxiesWithOptions, id = /Library/Managed Preferences/mobile/com.apple.SystemConfiguration.plist, path = /Library/Managed Preferences/mobile/com.apple.SystemConfiguration.plist, accessed}
2023-09-09 12:47:37.723 Db E2E_tests[71045:1e3f6cc] [com.apple.defaults:User Defaults] looked up value 1 for key RCTI18nUtil_makeRTLFlipLeftAndRightStyles in CFPrefsPlistSource<0x600003c40480> (Domain: org.reactjs.native.example.E2E-tests, User: kCFPreferencesCurrentUser, ByHost: No, Container: (null), Contents Need Refresh: No) via CFPrefsSearchListSource<0x600003c48500> (Domain: org.reactjs.native.example.E2E-tests, Container: (null))
2023-09-09 12:47:37.723 Db E2E_tests[71045:1e3f6cc] [com.apple.defaults:User Defaults] looked up value 1 for key RCTI18nUtil_makeRTLFlipLeftAndRightStyles in CFPrefsPlistSource<0x600003c40480> (Domain: org.reactjs.native.example.E2E-tests, User: kCFPreferencesCurrentUser, ByHost: No, Container: (null), Contents Need Refresh: No) via CFPrefsSearchListSource<0x600003c48500> (Domain: org.reactjs.native.example.E2E-tests, Container: (null))
2023-09-09 12:47:37.723 Db E2E_tests[71045:1e3f6cc] [com.apple.defaults:User Defaults] looked up value 1 for key RCTI18nUtil_makeRTLFlipLeftAndRightStyles in CFPrefsPlistSource<0x600003c40480> (Domain: org.reactjs.native.example.E2E-tests, User: kCFPreferencesCurrentUser, ByHost: No, Container: (null), Contents Need Refresh: No) via CFPrefsSearchListSource<0x600003c48500> (Domain: org.reactjs.native.example.E2E-tests, Container: (null))
2023-09-09 12:47:37.723 Db E2E_tests[71045:1e3f6cc] [com.apple.defaults:User Defaults] looked up value 1 for key RCTI18nUtil_makeRTLFlipLeftAndRightStyles in CFPrefsPlistSource<0x600003c40480> (Domain: org.reactjs.native.example.E2E-tests, User: kCFPreferencesCurrentUser, ByHost: No, Container: (null), Contents Need Refresh: No) via CFPrefsSearchListSource<0x600003c48500> (Domain: org.reactjs.native.example.E2E-tests, Container: (null))
2023-09-09 12:47:37.723 Db E2E_tests[71045:1e3f6cc] [com.apple.defaults:User Defaults] looked up value 1 for key RCTI18nUtil_makeRTLFlipLeftAndRightStyles in CFPrefsPlistSource<0x600003c40480> (Domain: org.reactjs.native.example.E2E-tests, User: kCFPreferencesCurrentUser, ByHost: No, Container: (null), Contents Need Refresh: No) via CFPrefsSearchListSource<0x600003c48500> (Domain: org.reactjs.native.example.E2E-tests, Container: (null))
2023-09-09 12:47:37.723 Db E2E_tests[71045:1e3f6cc] [com.apple.defaults:User Defaults] looked up value 1 for key RCTI18nUtil_makeRTLFlipLeftAndRightStyles in CFPrefsPlistSource<0x600003c40480> (Domain: org.reactjs.native.example.E2E-tests, User: kCFPreferencesCurrentUser, ByHost: No, Container: (null), Contents Need Refresh: No) via CFPrefsSearchListSource<0x600003c48500> (Domain: org.reactjs.native.example.E2E-tests, Container: (null))
2023-09-09 12:47:37.723 Db E2E_tests[71045:1e3f74e] [com.apple.network:connection] -[NWConcrete_nw_endpoint_resolver startWithHandler:] [C8.1 localhost:8081 waiting resolver (satisfied (Path is satisfied), interface: en0[802.11])]
2023-09-09 12:47:37.723 Db E2E_tests[71045:1e3f74e] [com.apple.network:connection] nw_endpoint_flow_receive_report [C8 localhost:8081 in_progress parent-flow (satisfied (Path is satisfied), interface: en0[802.11])] received child report: [C8.1 localhost:8081 in_progress resolver (satisfied (Path is satisfied), interface: en0[802.11])]
2023-09-09 12:47:37.723 Df E2E_tests[71045:1e3f74e] [com.apple.network:connection] [C8.1 localhost:8081 in_progress resolver (satisfied (Path is satisfied), interface: en0[802.11])] event: resolver:start_dns @0.001s
2023-09-09 12:47:37.723 Db E2E_tests[71045:1e3f6cc] [com.apple.defaults:User Defaults] looked up value 1 for key RCTI18nUtil_makeRTLFlipLeftAndRightStyles in CFPrefsPlistSource<0x600003c40480> (Domain: org.reactjs.native.example.E2E-tests, User: kCFPreferencesCurrentUser, ByHost: No, Container: (null), Contents Need Refresh: No) via CFPrefsSearchListSource<0x600003c48500> (Domain: org.reactjs.native.example.E2E-tests, Container: (null))
2023-09-09 12:47:37.723 Db E2E_tests[71045:1e3f6cc] [com.apple.defaults:User Defaults] looked up value 1 for key RCTI18nUtil_makeRTLFlipLeftAndRightStyles in CFPrefsPlistSource<0x600003c40480> (Domain: org.reactjs.native.example.E2E-tests, User: kCFPreferencesCurrentUser, ByHost: No, Container: (null), Contents Need Refresh: No) via CFPrefsSearchListSource<0x600003c48500> (Domain: org.reactjs.native.example.E2E-tests, Container: (null))
2023-09-09 12:47:37.723 Db E2E_tests[71045:1e3f6cc] [com.apple.defaults:User Defaults] looked up value 1 for key RCTI18nUtil_makeRTLFlipLeftAndRightStyles in CFPrefsPlistSource<0x600003c40480> (Domain: org.reactjs.native.example.E2E-tests, User: kCFPreferencesCurrentUser, ByHost: No, Container: (null), Contents Need Refresh: No) via CFPrefsSearchListSource<0x600003c48500> (Domain: org.reactjs.native.example.E2E-tests, Container: (null))
2023-09-09 12:47:37.723 Db E2E_tests[71045:1e3f6cc] [com.apple.defaults:User Defaults] looked up value 1 for key RCTI18nUtil_makeRTLFlipLeftAndRightStyles in CFPrefsPlistSource<0x600003c40480> (Domain: org.reactjs.native.example.E2E-tests, User: kCFPreferencesCurrentUser, ByHost: No, Container: (null), Contents Need Refresh: No) via CFPrefsSearchListSource<0x600003c48500> (Domain: org.reactjs.native.example.E2E-tests, Container: (null))
2023-09-09 12:47:37.723 Db E2E_tests[71045:1e3f6cc] [com.apple.defaults:User Defaults] looked up value 1 for key RCTI18nUtil_makeRTLFlipLeftAndRightStyles in CFPrefsPlistSource<0x600003c40480> (Domain: org.reactjs.native.example.E2E-tests, User: kCFPreferencesCurrentUser, ByHost: No, Container: (null), Contents Need Refresh: No) via CFPrefsSearchListSource<0x600003c48500> (Domain: org.reactjs.native.example.E2E-tests, Container: (null))
2023-09-09 12:47:37.723 Db E2E_tests[71045:1e3f6cc] [com.apple.defaults:User Defaults] looked up value 1 for key RCTI18nUtil_makeRTLFlipLeftAndRightStyles in CFPrefsPlistSource<0x600003c40480> (Domain: org.reactjs.native.example.E2E-tests, User: kCFPreferencesCurrentUser, ByHost: No, Container: (null), Contents Need Refresh: No) via CFPrefsSearchListSource<0x600003c48500> (Domain: org.reactjs.native.example.E2E-tests, Container: (null))
2023-09-09 12:47:37.723 Db E2E_tests[71045:1e3f6cc] [com.apple.defaults:User Defaults] looked up value 1 for key RCTI18nUtil_makeRTLFlipLeftAndRightStyles in CFPrefsPlistSource<0x600003c40480> (Domain: org.reactjs.native.example.E2E-tests, User: kCFPreferencesCurrentUser, ByHost: No, Container: (null), Contents Need Refresh: No) via CFPrefsSearchListSource<0x600003c48500> (Domain: org.reactjs.native.example.E2E-tests, Container: (null))
2023-09-09 12:47:37.723 Db E2E_tests[71045:1e3f6cc] [com.apple.defaults:User Defaults] looked up value 1 for key RCTI18nUtil_makeRTLFlipLeftAndRightStyles in CFPrefsPlistSource<0x600003c40480> (Domain: org.reactjs.native.example.E2E-tests, User: kCFPreferencesCurrentUser, ByHost: No, Container: (null), Contents Need Refresh: No) via CFPrefsSearchListSource<0x600003c48500> (Domain: org.reactjs.native.example.E2E-tests, Container: (null))
2023-09-09 12:47:37.723 Db E2E_tests[71045:1e3f6cc] [com.apple.defaults:User Defaults] looked up value 1 for key RCTI18nUtil_makeRTLFlipLeftAndRightStyles in CFPrefsPlistSource<0x600003c40480> (Domain: org.reactjs.native.example.E2E-tests, User: kCFPreferencesCurrentUser, ByHost: No, Container: (null), Contents Need Refresh: No) via CFPrefsSearchListSource<0x600003c48500> (Domain: org.reactjs.native.example.E2E-tests, Container: (null))
2023-09-09 12:47:37.723 I  E2E_tests[71045:1e3f74e] [com.apple.network:connection] nw_resolver_create_dns_service_locked [C8.1] Starting host resolution localhost:8081, flags 0xc000d000 proto 0
2023-09-09 12:47:37.723 Db E2E_tests[71045:1e3f6cc] [com.apple.defaults:User Defaults] looked up value 1 for key RCTI18nUtil_makeRTLFlipLeftAndRightStyles in CFPrefsPlistSource<0x600003c40480> (Domain: org.reactjs.native.example.E2E-tests, User: kCFPreferencesCurrentUser, ByHost: No, Container: (null), Contents Need Refresh: No) via CFPrefsSearchListSource<0x600003c48500> (Domain: org.reactjs.native.example.E2E-tests, Container: (null))
2023-09-09 12:47:37.723 Db E2E_tests[71045:1e3f6cc] [com.apple.defaults:User Defaults] looked up value 1 for key RCTI18nUtil_makeRTLFlipLeftAndRightStyles in CFPrefsPlistSource<0x600003c40480> (Domain: org.reactjs.native.example.E2E-tests, User: kCFPreferencesCurrentUser, ByHost: No, Container: (null), Contents Need Refresh: No) via CFPrefsSearchListSource<0x600003c48500> (Domain: org.reactjs.native.example.E2E-tests, Container: (null))
2023-09-09 12:47:37.723 Df E2E_tests[71045:1e3f74e] (CFNetwork) Task <4F938ED0-0EF9-4F4B-B262-A26919E89C46>.<1> setting up Connection 8
