2023-09-09 12:49:34.553 Db E2E_tests[71045:1e3f6cc] [com.apple.defaults:User Defaults] looked up value 1 for key RCTI18nUtil_makeRTLFlipLeftAndRightStyles in CFPrefsPlistSource<0x600003c40480> (Domain: org.reactjs.native.example.E2E-tests, User: kCFPreferencesCurrentUser, ByHost: No, Container: (null), Contents Need Refresh: No) via CFPrefsSearchListSource<0x600003c48500> (Domain: org.reactjs.native.example.E2E-tests, Container: (null))
2023-09-09 12:49:34.553 Db E2E_tests[71045:1e3f6cc] [com.apple.defaults:User Defaults] looked up value 1 for key RCTI18nUtil_makeRTLFlipLeftAndRightStyles in CFPrefsPlistSource<0x600003c40480> (Domain: org.reactjs.native.example.E2E-tests, User: kCFPreferencesCurrentUser, ByHost: No, Container: (null), Contents Need Refresh: No) via CFPrefsSearchListSource<0x600003c48500> (Domain: org.reactjs.native.example.E2E-tests, Container: (null))
2023-09-09 12:49:34.553 Df E2E_tests[71045:1e40105] (CFNetwork) Connection 10: starting, TC(0x0)
2023-09-09 12:49:34.553 Db E2E_tests[71045:1e3f6cc] [com.apple.defaults:User Defaults] looked up value 1 for key RCTI18nUtil_makeRTLFlipLeftAndRightStyles in CFPrefsPlistSource<0x600003c40480> (Domain: org.reactjs.native.example.E2E-tests, User: kCFPreferencesCurrentUser, ByHost: No, Container: (null), Contents Need Refresh: No) via CFPrefsSearchListSource<0x600003c48500> (Domain: org.reactjs.native.example.E2E-tests, Container: (null))
2023-09-09 12:49:34.553 Db E2E_tests[71045:1e3f6cc] [com.apple.defaults:User Defaults] looked up value 1 for key RCTI18nUtil_makeRTLFlipLeftAndRightStyles in CFPrefsPlistSource<0x600003c40480> (Domain: org.reactjs.native.example.E2E-tests, User: kCFPreferencesCurrentUser, ByHost: No, Container: (null), Contents Need Refresh: No) via CFPrefsSearchListSource<0x600003c48500> (Domain: org.reactjs.native.example.E2E-tests, Container: (null))
2023-09-09 12:49:34.553 Db E2E_tests[71045:1e3f6cc] [com.apple.defaults:User Defaults] looked up value 1 for key RCTI18nUtil_makeRTLFlipLeftAndRightStyles in CFPrefsPlistSource<0x600003c40480> (Domain: org.reactjs.native.example.E2E-tests, User: kCFPreferencesCurrentUser, ByHost: No, Container: (null), Contents Need Refresh: No) via CFPrefsSearchListSource<0x600003c48500> (Domain: org.reactjs.native.example.E2E-tests, Container: (null))
2023-09-09 12:49:34.553 Db E2E_tests[71045:1e3f6cc] [com.apple.defaults:User Defaults] looked up value 1 for key RCTI18nUtil_makeRTLFlipLeftAndRightStyles in CFPrefsPlistSource<0x600003c40480> (Domain: org.reactjs.native.example.E2E-tests, User: kCFPreferencesCurrentUser, ByHost: No, Container: (null), Contents Need Refresh: No) via CFPrefsSearchListSource<0x600003c48500> (Domain: org.reactjs.native.example.E2E-tests, Container: (null))
2023-09-09 12:49:34.553 Db E2E_tests[71045:1e3f6cc] [com.apple.defaults:User Defaults] looked up value 1 for key RCTI18nUtil_makeRTLFlipLeftAndRightStyles in CFPrefsPlistSource<0x600003c40480> (Domain: org.reactjs.native.example.E2E-tests, User: kCFPreferencesCurrentUser, ByHost: No, Container: (null), Contents Need Refresh: No) via CFPrefsSearchListSource<0x600003c48500> (Domain: org.reactjs.native.example.E2E-tests, Container: (null))
2023-09-09 12:49:34.553 Db E2E_tests[71045:1e3f6cc] [com.apple.defaults:User Defaults] looked up value 1 for key RCTI18nUtil_makeRTLFlipLeftAndRightStyles in CFPrefsPlistSource<0x600003c40480> (Domain: org.reactjs.native.example.E2E-tests, User: kCFPreferencesCurrentUser, ByHost: No, Container: (null), Contents Need Refresh: No) via CFPrefsSearchListSource<0x600003c48500> (Domain: org.reactjs.native.example.E2E-tests, Container: (null))
2023-09-09 12:49:34.553 Db E2E_tests[71045:1e3f6cc] [com.apple.defaults:User Defaults] looked up value 1 for key RCTI18nUtil_makeRTLFlipLeftAndRightStyles in CFPrefsPlistSource<0x600003c40480> (Domain: org.reactjs.native.example.E2E-tests, User: kCFPreferencesCurrentUser, ByHost: No, Container: (null), Contents Need Refresh: No) via CFPrefsSearchListSource<0x600003c48500> (Domain: org.reactjs.native.example.E2E-tests, Container: (null))
2023-09-09 12:49:34.553 Db E2E_tests[71045:1e3f6cc] [com.apple.defaults:User Defaults] looked up value 1 for key RCTI18nUtil_makeRTLFlipLeftAndRightStyles in CFPrefsPlistSource<0x600003c40480> (Domain: org.reactjs.native.example.E2E-tests, User: kCFPreferencesCurrentUser, ByHost: No, Container: (null), Contents Need Refresh: No) via CFPrefsSearchListSource<0x600003c48500> (Domain: org.reactjs.native.example.E2E-tests, Container: (null))
2023-09-09 12:49:34.553 Db E2E_tests[71045:1e3f6cc] [com.apple.defaults:User Defaults] looked up value 1 for key RCTI18nUtil_makeRTLFlipLeftAndRightStyles in CFPrefsPlistSource<0x600003c40480> (Domain: org.reactjs.native.example.E2E-tests, User: kCFPreferencesCurrentUser, ByHost: No, Container: (null), Contents Need Refresh: No) via CFPrefsSearchListSource<0x600003c48500> (Domain: org.reactjs.native.example.E2E-tests, Container: (null))
2023-09-09 12:49:34.553 Db E2E_tests[71045:1e3f6cc] [com.apple.defaults:User Defaults] looked up value 1 for key RCTI18nUtil_makeRTLFlipLeftAndRightStyles in CFPrefsPlistSource<0x600003c40480> (Domain: org.reactjs.native.example.E2E-tests, User: kCFPreferencesCurrentUser, ByHost: No, Container: (null), Contents Need Refresh: No) via CFPrefsSearchListSource<0x600003c48500> (Domain: org.reactjs.native.example.E2E-tests, Container: (null))
2023-09-09 12:49:34.553 Db E2E_tests[71045:1e3f6cc] [com.apple.defaults:User Defaults] looked up value 1 for key RCTI18nUtil_makeRTLFlipLeftAndRightStyles in CFPrefsPlistSource<0x600003c40480> (Domain: org.reactjs.native.example.E2E-tests, User: kCFPreferencesCurrentUser, ByHost: No, Container: (null), Contents Need Refresh: No) via CFPrefsSearchListSource<0x600003c48500> (Domain: org.reactjs.native.example.E2E-tests, Container: (null))
2023-09-09 12:49:34.553 Db E2E_tests[71045:1e3f6cc] [com.apple.defaults:User Defaults] looked up value 1 for key RCTI18nUtil_makeRTLFlipLeftAndRightStyles in CFPrefsPlistSource<0x600003c40480> (Domain: org.reactjs.native.example.E2E-tests, User: kCFPreferencesCurrentUser, ByHost: No, Container: (null), Contents Need Refresh: No) via CFPrefsSearchListSource<0x600003c48500> (Domain: org.reactjs.native.example.E2E-tests, Container: (null))
2023-09-09 12:49:34.553 Df E2E_tests[71045:1e40520] [com.apple.securityd:SecError] SecTrustReportNetworkingAnalytics failed with error: -4
2023-09-09 12:49:34.553 Db E2E_tests[71045:1e3f6cc] [com.apple.defaults:User Defaults] looked up value 1 for key RCTI18nUtil_makeRTLFlipLeftAndRightStyles in CFPrefsPlistSource<0x600003c40480> (Domain: org.reactjs.native.example.E2E-tests, User: kCFPreferencesCurrentUser, ByHost: No, Container: (null), Contents Need Refresh: No) via CFPrefsSearchListSource<0x600003c48500> (Domain: org.reactjs.native.example.E2E-tests, Container: (null))
2023-09-09 12:49:34.553 Db E2E_tests[71045:1e3f6cc] [com.apple.defaults:User Defaults] looked up value 1 for key RCTI18nUtil_makeRTLFlipLeftAndRightStyles in CFPrefsPlistSource<0x600003c40480> (Domain: org.reactjs.native.example.E2E-tests, User: kCFPreferencesCurrentUser, ByHost: No, Container: (null), Contents Need Refresh: No) via CFPrefsSearchListSource<0x600003c48500> (Domain: org.reactjs.native.example.E2E-tests, Container: (null))
2023-09-09 12:49:34.553 Db E2E_tests[71045:1e3f6cc] [com.apple.defaults:User Defaults] looked up value 1 for key RCTI18nUtil_makeRTLFlipLeftAndRightStyles in CFPrefsPlistSource<0x600003c40480> (Domain: org.reactjs.native.example.E2E-tests, User: kCFPreferencesCurrentUser, ByHost: No, Container: (null), Contents Need Refresh: No) via CFPrefsSearchListSource<0x600003c48500> (Domain: org.reactjs.native.example.E2E-tests, Container: (null))
2023-09-09 12:49:34.553 A  E2E_tests[71045:1e40520] (Security) SecTrustReportNetworkingAnalytics
2023-09-09 12:49:34.554 Db E2E_tests[71045:1e3f6cc] [com.apple.defaults:User Defaults] looked up value 1 for key RCTI18nUtil_makeRTLFlipLeftAndRightStyles in CFPrefsPlistSource<0x600003c40480> (Domain: org.reactjs.native.example.E2E-tests, User: kCFPreferencesCurrentUser, ByHost: No, Container: (null), Contents Need Refresh: No) via CFPrefsSearchListSource<0x600003c48500> (Domain: org.reactjs.native.example.E2E-tests, Container: (null))
2023-09-09 12:49:34.553 Df E2E_tests[71045:1e40105] [com.apple.network:connection] [C10 DB3083F3-F327-4483-ADDC-98AF5C2BE1D7 localhost:8081 tcp, url hash: f1412b50, definite, attribution: developer, context: com.apple.CFNetwork.NSURLSession.{E50B6932-22AB-47FB-8FCE-677D011D0273}{(null)}{Y}{2} (private), proc: 570D0823-7E8F-3604-85C2-3DE0AE860944] start
2023-09-09 12:49:34.554 Db E2E_tests[71045:1e3f6cc] [com.apple.defaults:User Defaults] looked up value 1 for key RCTI18nUtil_makeRTLFlipLeftAndRightStyles in CFPrefsPlistSource<0x600003c40480> (Domain: org.reactjs.native.example.E2E-tests, User: kCFPreferencesCurrentUser, ByHost: No, Container: (null), Contents Need Refresh: No) via CFPrefsSearchListSource<0x600003c48500> (Domain: org.reactjs.native.example.E2E-tests, Container: (null))
2023-09-09 12:49:34.554 Db E2E_tests[71045:1e3f6cc] [com.apple.defaults:User Defaults] looked up value 1 for key RCTI18nUtil_makeRTLFlipLeftAndRightStyles in CFPrefsPlistSource<0x600003c40480> (Domain: org.reactjs.native.example.E2E-tests, User: kCFPreferencesCurrentUser, ByHost: No, Container: (null), Contents Need Refresh: No) via CFPrefsSearchListSource<0x600003c48500> (Domain: org.reactjs.native.example.E2E-tests, Container: (null))
2023-09-09 12:49:34.554 Db E2E_tests[71045:1e3f6cc] [com.apple.defaults:User Defaults] looked up value 1 for key RCTI18nUtil_makeRTLFlipLeftAndRightStyles in CFPrefsPlistSource<0x600003c40480> (Domain: org.reactjs.native.example.E2E-tests, User: kCFPreferencesCurrentUser, ByHost: No, Container: (null), Contents Need Refresh: No) via CFPrefsSearchListSource<0x600003c48500> (Domain: org.reactjs.native.example.E2E-tests, Container: (null))
2023-09-09 12:49:34.554 Df E2E_tests[71045:1e40520] [com.apple.securityd:SecError] SecTrustReportNetworkingAnalytics failed with error: -4
2023-09-09 12:49:34.554 I  E2E_tests[71045:1e40105] [com.apple.network:connection] nw_endpoint_handler_start [C10 localhost:8081 initial parent-flow ((null))]
2023-09-09 12:49:34.554 Df E2E_tests[71045:1e40105] [com.apple.network:connection] [C10 localhost:8081 initial parent-flow ((null))] event: path:start @0.000s
2023-09-09 12:49:34.554 Db E2E_tests[71045:1e40105] [com.apple.network:connection] nw_endpoint_handler_path_change [C10 localhost:8081 waiting parent-flow (satisfied (Path is satisfied), interface: en0[802.11])]
2023-09-09 12:49:34.554 Df E2E_tests[71045:1e40105] [com.apple.network:connection] [C10 localhost:8081 waiting parent-flow (satisfied (Path is satisfied), interface: en0[802.11])] event: path:satisfied @0.000s, uuid: 4558A6A2-A89F-4A5C-94FD-2C98671CF034
2023-09-09 12:49:34.554 I  E2E_tests[71045:1e40105] [com.apple.network:connection] nw_connection_endpoint_report_on_nw_queue_block_invoke [C10 localhost:8081 waiting parent-flow (satisfied (Path is satisfied), interface: en0[802.11])] skipping state update
2023-09-09 12:49:34.554 Db E2E_tests[71045:1e40105] [com.apple.network:] nw_endpoint_proxy_handler_should_use_proxy Looking up proxy for hostname: localhost, ifindex: 0
2023-09-09 12:49:34.555 Db E2E_tests[71045:1e40105] [com.apple.SystemConfiguration:SCPreferences] create <SCPreferences 0x135325bb0 [0x10a9441d0]> {name = SCDynamicStoreCopyProxiesWithOptions, id = /Library/Managed Preferences/mobile/com.apple.SystemConfiguration.plist, path = /Library/Managed Preferences/mobile/com.apple.SystemConfiguration.plist}
2023-09-09 12:49:34.555 Db E2E_tests[71045:1e40105] [com.apple.SystemConfiguration:SCPreferences] SCPreferences() access: /Library/Managed Preferences/mobile/com.apple.SystemConfiguration.plist, size=0
2023-09-09 12:49:34.555 Db E2E_tests[71045:1e40105] [com.apple.SystemConfiguration:SCPreferences] release <SCPreferences 0x135325bb0 [0x10a9441d0]> {name = SCDynamicStoreCopyProxiesWithOptions, id = /Library/Managed Preferences/mobile/com.apple.SystemConfiguration.plist, path = /Library/Managed Preferences/mobile/com.apple.SystemConfiguration.plist, accessed}
2023-09-09 12:49:34.555 Db E2E_tests[71045:1e40105] [com.apple.network:connection] nw_endpoint_flow_attach_protocols [C10 localhost:8081 in_progress parent-flow (satisfied (Path is satisfied), interface: en0[802.11])]
2023-09-09 12:49:34.555 Db E2E_tests[71045:1e40105] [com.apple.network:connection] nw_endpoint_flow_attach_protocols [C10 localhost:8081 in_progress parent-flow (satisfied (Path is satisfied), interface: en0[802.11])] stopping after adding persistent application protocols
2023-09-09 12:49:34.555 Df E2E_tests[71045:1e40105] [com.apple.network:connection] [C10 localhost:8081 in_progress parent-flow (satisfied (Path is satisfied), interface: en0[802.11])] event: flow:start_child @0.001s
2023-09-09 12:49:34.555 Df E2E_tests[71045:1e40105] [com.apple.network:connection] nw_connection_report_state_with_handler_on_nw_queue [C10] reporting state preparing
2023-09-09 12:49:34.555 I  E2E_tests[71045:1e40105] [com.apple.network:connection] nw_endpoint_handler_start [C10.1 localhost:8081 initial path ((null))]
2023-09-09 12:49:34.555 Db E2E_tests[71045:1e40105] [com.apple.network:connection] nw_endpoint_flow_receive_report [C10 localhost:8081 in_progress parent-flow (satisfied (Path is satisfied), interface: en0[802.11])] received child report: [C10.1 localhost:8081 initial path ((null))]
2023-09-09 12:49:34.555 Df E2E_tests[71045:1e40105] [com.apple.network:connection] [C10.1 localhost:8081 initial path ((null))] event: path:start @0.001s
2023-09-09 12:49:34.555 Db E2E_tests[71045:1e40105] [com.apple.network:connection] nw_endpoint_handler_path_change [C10.1 localhost:8081 waiting path (satisfied (Path is satisfied), interface: en0[802.11])]
2023-09-09 12:49:34.555 Db E2E_tests[71045:1e40105] [com.apple.network:connection] nw_endpoint_flow_receive_report [C10 localhost:8081 in_progress parent-flow (satisfied (Path is satisfied), interface: en0[802.11])] received child report: [C10.1 localhost:8081 waiting path (satisfied (Path is satisfied), interface: en0[802.11])]
2023-09-09 12:49:34.555 Df E2E_tests[71045:1e40105] [com.apple.network:connection] [C10.1 localhost:8081 waiting path (satisfied (Path is satisfied), interface: en0[802.11])] event: path:satisfied @0.001s, uuid: 4558A6A2-A89F-4A5C-94FD-2C98671CF034
2023-09-09 12:49:34.555 Db E2E_tests[71045:1e40105] [com.apple.network:] nw_endpoint_proxy_handler_should_use_proxy Looking up proxy for hostname: localhost, ifindex: 0
2023-09-09 12:49:34.556 Db E2E_tests[71045:1e40105] [com.apple.SystemConfiguration:SCPreferences] create <SCPreferences 0x14bb2aa40 [0x10a9441d0]> {name = SCDynamicStoreCopyProxiesWithOptions, id = /Library/Managed Preferences/mobile/com.apple.SystemConfiguration.plist, path = /Library/Managed Preferences/mobile/com.apple.SystemConfiguration.plist}
2023-09-09 12:49:34.556 Db E2E_tests[71045:1e40105] [com.apple.SystemConfiguration:SCPreferences] SCPreferences() access: /Library/Managed Preferences/mobile/com.apple.SystemConfiguration.plist, size=0
2023-09-09 12:49:34.556 Db E2E_tests[71045:1e40105] [com.apple.SystemConfiguration:SCPreferences] release <SCPreferences 0x14bb2aa40 [0x10a9441d0]> {name = SCDynamicStoreCopyProxiesWithOptions, id = /Library/Managed Preferences/mobile/com.apple.SystemConfiguration.plist, path = /Library/Managed Preferences/mobile/com.apple.SystemConfiguration.plist, accessed}
2023-09-09 12:49:34.557 Db E2E_tests[71045:1e40105] [com.apple.network:connection] -[NWConcrete_nw_endpoint_resolver startWithHandler:] [C10.1 localhost:8081 waiting resolver (satisfied (Path is satisfied), interface: en0[802.11])]
2023-09-09 12:49:34.557 Db E2E_tests[71045:1e40105] [com.apple.network:connection] nw_endpoint_flow_receive_report [C10 localhost:8081 in_progress parent-flow (satisfied (Path is satisfied), interface: en0[802.11])] received child report: [C10.1 localhost:8081 in_progress resolver (satisfied (Path is satisfied), interface: en0[802.11])]
2023-09-09 12:49:34.557 Df E2E_tests[71045:1e40105] [com.apple.network:connection] [C10.1 localhost:8081 in_progress resolver (satisfied (Path is satisfied), interface: en0[802.11])] event: resolver:start_dns @0.003s
2023-09-09 12:49:34.558 I  E2E_tests[71045:1e40105] [com.apple.network:connection] nw_resolver_create_dns_service_locked [C10.1] Starting host resolution localhost:8081, flags 0xc000d000 proto 0
2023-09-09 12:49:34.559 Df E2E_tests[71045:1e40105] (CFNetwork) Task <2C16A66D-0CC0-49FE-A8D2-05B02B9155B5>.<3> setting up Connection 10
2023-09-09 12:49:34.559 Db E2E_tests[71045:1e40105] [com.apple.network:activity] Returning should log: 0 for activity cfnetwork:foreground_task
2023-09-09 12:49:34.559 I  E2E_tests[71045:1e40105] [com.apple.network:connection] nw_connection_create_with_id [C11] create connection to Hostname#c0ca3621:8081
2023-09-09 12:49:34.559 Df E2E_tests[71045:1e40105] (CFNetwork) Connection 11: starting, TC(0x0)
2023-09-09 12:49:34.559 Df E2E_tests[71045:1e40105] [com.apple.network:connection] [C11 C6C44A98-F75E-46EA-850C-B303D06B6041 localhost:8081 tcp, url hash: c6830a54, definite, attribution: developer, context: com.apple.CFNetwork.NSURLSession.{E50B6932-22AB-47FB-8FCE-677D011D0273}{(null)}{Y}{2} (private), proc: 570D0823-7E8F-3604-85C2-3DE0AE860944] start
2023-09-09 12:49:34.559 I  E2E_tests[71045:1e40105] [com.apple.network:connection] nw_endpoint_handler_start [C11 localhost:8081 initial parent-flow ((null))]
2023-09-09 12:49:34.559 Df E2E_tests[71045:1e40105] [com.apple.network:connection] [C11 localhost:8081 initial parent-flow ((null))] event: path:start @0.000s
2023-09-09 12:49:34.560 Db E2E_tests[71045:1e40105] [com.apple.network:connection] nw_endpoint_handler_path_change [C11 localhost:8081 waiting parent-flow (satisfied (Path is satisfied), interface: en0[802.11])]
2023-09-09 12:49:34.560 Df E2E_tests[71045:1e40105] [com.apple.network:connection] [C11 localhost:8081 waiting parent-flow (satisfied (Path is satisfied), interface: en0[802.11])] event: path:satisfied @0.001s, uuid: 4558A6A2-A89F-4A5C-94FD-2C98671CF034
2023-09-09 12:49:34.560 I  E2E_tests[71045:1e40105] [com.apple.network:connection] nw_connection_endpoint_report_on_nw_queue_block_invoke [C11 localhost:8081 waiting parent-flow (satisfied (Path is satisfied), interface: en0[802.11])] skipping state update
2023-09-09 12:49:34.560 Db E2E_tests[71045:1e40105] [com.apple.network:] nw_endpoint_proxy_handler_should_use_proxy Looking up proxy for hostname: localhost, ifindex: 0
2023-09-09 12:49:34.560 Db E2E_tests[71045:1e40105] [com.apple.SystemConfiguration:SCPreferences] create <SCPreferences 0x1345cf100 [0x10a9441d0]> {name = SCDynamicStoreCopyProxiesWithOptions, id = /Library/Managed Preferences/mobile/com.apple.SystemConfiguration.plist, path = /Library/Managed Preferences/mobile/com.apple.SystemConfiguration.plist}
2023-09-09 12:49:34.561 Db E2E_tests[71045:1e40105] [com.apple.SystemConfiguration:SCPreferences] SCPreferences() access: /Library/Managed Preferences/mobile/com.apple.SystemConfiguration.plist, size=0
2023-09-09 12:49:34.561 Db E2E_tests[71045:1e40105] [com.apple.SystemConfiguration:SCPreferences] release <SCPreferences 0x1345cf100 [0x10a9441d0]> {name = SCDynamicStoreCopyProxiesWithOptions, id = /Library/Managed Preferences/mobile/com.apple.SystemConfiguration.plist, path = /Library/Managed Preferences/mobile/com.apple.SystemConfiguration.plist, accessed}
2023-09-09 12:49:34.565 Db E2E_tests[71045:1e40105] [com.apple.network:connection] nw_endpoint_flow_attach_protocols [C11 localhost:8081 in_progress parent-flow (satisfied (Path is satisfied), interface: en0[802.11])]
2023-09-09 12:49:34.567 Db E2E_tests[71045:1e40105] [com.apple.network:connection] nw_endpoint_flow_attach_protocols [C11 localhost:8081 in_progress parent-flow (satisfied (Path is satisfied), interface: en0[802.11])] stopping after adding persistent application protocols
2023-09-09 12:49:34.567 Df E2E_tests[71045:1e40105] [com.apple.network:connection] [C11 localhost:8081 in_progress parent-flow (satisfied (Path is satisfied), interface: en0[802.11])] event: flow:start_child @0.008s
2023-09-09 12:49:34.567 Df E2E_tests[71045:1e40105] [com.apple.network:connection] nw_connection_report_state_with_handler_on_nw_queue [C11] reporting state preparing
2023-09-09 12:49:34.567 I  E2E_tests[71045:1e40105] [com.apple.network:connection] nw_endpoint_handler_start [C11.1 localhost:8081 initial path ((null))]
2023-09-09 12:49:34.567 Db E2E_tests[71045:1e40105] [com.apple.network:connection] nw_endpoint_flow_receive_report [C11 localhost:8081 in_progress parent-flow (satisfied (Path is satisfied), interface: en0[802.11])] received child report: [C11.1 localhost:8081 initial path ((null))]
2023-09-09 12:49:34.568 Df E2E_tests[71045:1e40105] [com.apple.network:connection] [C11.1 localhost:8081 initial path ((null))] event: path:start @0.009s
2023-09-09 12:49:34.568 Db E2E_tests[71045:1e40105] [com.apple.network:connection] nw_endpoint_handler_path_change [C11.1 localhost:8081 waiting path (satisfied (Path is satisfied), interface: en0[802.11])]
2023-09-09 12:49:34.568 Db E2E_tests[71045:1e40105] [com.apple.network:connection] nw_endpoint_flow_receive_report [C11 localhost:8081 in_progress parent-flow (satisfied (Path is satisfied), interface: en0[802.11])] received child report: [C11.1 localhost:8081 waiting path (satisfied (Path is satisfied), interface: en0[802.11])]
2023-09-09 12:49:34.570 Df E2E_tests[71045:1e40105] [com.apple.network:connection] [C11.1 localhost:8081 waiting path (satisfied (Path is satisfied), interface: en0[802.11])] event: path:satisfied @0.011s, uuid: 4558A6A2-A89F-4A5C-94FD-2C98671CF034
2023-09-09 12:49:34.570 Db E2E_tests[71045:1e40105] [com.apple.network:] nw_endpoint_proxy_handler_should_use_proxy Looking up proxy for hostname: localhost, ifindex: 0
2023-09-09 12:49:34.570 Db E2E_tests[71045:1e40105] [com.apple.SystemConfiguration:SCPreferences] create <SCPreferences 0x13aa04a00 [0x10a9441d0]> {name = SCDynamicStoreCopyProxiesWithOptions, id = /Library/Managed Preferences/mobile/com.apple.SystemConfiguration.plist, path = /Library/Managed Preferences/mobile/com.apple.SystemConfiguration.plist}

