Filtering the log data using "processImagePath BEGINSWITH "/Users/hubertwojcik/Library/Developer/CoreSimulator/Devices/5B9A3E60-C11E-483A-B1A7-E920607879BB/data/Containers/Bundle/Application/AC71A28D-C573-44A0-9CC9-ECBC9B9FD0A8/E2E_tests.app""
Timestamp               Ty Process[PID:TID]
2023-09-09 12:50:31.753 Db E2E_tests[72348:1e414bc] [com.apple.defaults:User Defaults] found no value for key LogTouch in CFPrefsSearchListSource<0x60000133b980> (Domain: com.apple.UIKit, Container: (null))
2023-09-09 12:50:31.754 Db E2E_tests[72348:1e414bc] [com.apple.defaults:User Defaults] found no value for key LogGesture in CFPrefsSearchListSource<0x60000133b980> (Domain: com.apple.UIKit, Container: (null))
2023-09-09 12:50:31.754 Db E2E_tests[72348:1e414bc] [com.apple.defaults:User Defaults] found no value for key LogEventDispatch in CFPrefsSearchListSource<0x60000133b980> (Domain: com.apple.UIKit, Container: (null))
2023-09-09 12:50:31.754 Df E2E_tests[72348:1e414bc] [com.apple.UIKit:EventDispatch] Sending UIEvent type: 0; subtype: 0; to windows: 1
2023-09-09 12:50:31.755 Df E2E_tests[72348:1e414bc] [com.apple.UIKit:EventDispatch] Sending UIEvent type: 0; subtype: 0; to window: <UIWindow: 0x1335626d0>; contextId: 0x2BBC68C9
2023-09-09 12:50:31.756 Db E2E_tests[72348:1e414bc] [com.apple.defaults:User Defaults] found no value for key LogGestureExclusion in CFPrefsSearchListSource<0x60000133b980> (Domain: com.apple.UIKit, Container: (null))
2023-09-09 12:50:31.756 Db E2E_tests[72348:1e414bc] [com.apple.defaults:User Defaults] found no value for key LogGesturePerformance in CFPrefsSearchListSource<0x60000133b980> (Domain: com.apple.UIKit, Container: (null))
2023-09-09 12:50:31.756 A  E2E_tests[72348:1e414bc] (UIKitCore) send gesture actions
2023-09-09 12:50:31.756 A  E2E_tests[72348:1e414bc] (UIKitCore) send control actions
2023-09-09 12:50:31.771 Df E2E_tests[72348:1e414bc] [com.apple.UIKit:EventDispatch] Sending UIEvent type: 0; subtype: 0; to windows: 1
2023-09-09 12:50:31.771 Df E2E_tests[72348:1e414bc] [com.apple.UIKit:EventDispatch] Sending UIEvent type: 0; subtype: 0; to window: <UIWindow: 0x1335626d0>; contextId: 0x2BBC68C9
2023-09-09 12:50:31.771 A  E2E_tests[72348:1e414bc] (UIKitCore) send gesture actions
2023-09-09 12:50:31.771 A  E2E_tests[72348:1e414bc] (UIKitCore) send control actions
2023-09-09 12:50:31.787 Db E2E_tests[72348:1e4151e] [com.apple.defaults:User Defaults] looked up value 1 for key RCTI18nUtil_makeRTLFlipLeftAndRightStyles in CFPrefsPlistSource<0x600001338080> (Domain: org.reactjs.native.example.E2E-tests, User: kCFPreferencesCurrentUser, ByHost: No, Container: (null), Contents Need Refresh: No) via CFPrefsSearchListSource<0x600001330700> (Domain: org.reactjs.native.example.E2E-tests, Container: (null))
2023-09-09 12:50:31.787 Db E2E_tests[72348:1e4151e] [com.apple.defaults:User Defaults] looked up value 1 for key RCTI18nUtil_makeRTLFlipLeftAndRightStyles in CFPrefsPlistSource<0x600001338080> (Domain: org.reactjs.native.example.E2E-tests, User: kCFPreferencesCurrentUser, ByHost: No, Container: (null), Contents Need Refresh: No) via CFPrefsSearchListSource<0x600001330700> (Domain: org.reactjs.native.example.E2E-tests, Container: (null))
2023-09-09 12:50:31.798 I  E2E_tests[72348:1e4152c] [com.facebook.react.log:javascript] '🚀 ~ file: AnimationScreen.js:11 ~ Config:', {}
2023-09-09 12:50:31.803 I  E2E_tests[72348:1e414bc] [com.apple.coreui:framework] CoreUI /Applications/Xcode.app/Contents/Developer/Platforms/iPhoneOS.platform/Library/Developer/CoreSimulator/Profiles/Runtimes/iOS.simruntime/Contents/Resources/RuntimeRoot/System/Library/PrivateFrameworks/CoreUI.framework/DesignLibrary-iOS.bundle/iOSRepositories/LightStandard.car 0x115834000
2023-09-09 12:50:31.805 Db E2E_tests[72348:1e414bc] [com.apple.defaults:User Defaults] found no value for key IncreaseButtonLegibilityEnabled in CFPrefsSearchListSource<0x60000133c080> (Domain: com.apple.Accessibility, Container: (null))
2023-09-09 12:50:31.805 Db E2E_tests[72348:1e414bc] [com.apple.Accessibility:AXSupportCommon] CF Read: domain = com.apple.Accessibility, preference = IncreaseButtonLegibilityEnabled, appID = (null) result = (null) (-1 - empty, 0 - false, 1 - true)
2023-09-09 12:50:31.805 Db E2E_tests[72348:1e414bc] [com.apple.defaults:User Defaults] found no value for key IncreaseButtonLegibilityEnabled in CFPrefsPlistSource<0x60000133c400> (Domain: com.apple.Accessibility, User: kCFPreferencesCurrentUser, ByHost: No, Container: /Users/hubertwojcik/Library/Developer/CoreSimulator/Devices/5B9A3E60-C11E-483A-B1A7-E920607879BB/data, Contents Need Refresh: No)
2023-09-09 12:50:31.806 Db E2E_tests[72348:1e41530] [com.apple.containermanager:xpc] connection <0x600003334de0/1/0> released; cnt = 2
2023-09-09 12:50:31.806 Db E2E_tests[72348:1e41530] [com.apple.containermanager:xpc] connection <0x600003334de0/1/0> will be canceled in 2 seconds; cnt = 2
2023-09-09 12:50:31.810 Db E2E_tests[72348:1e41530] [com.apple.defaults:User Defaults] looked up value 1 for key RCTI18nUtil_makeRTLFlipLeftAndRightStyles in CFPrefsPlistSource<0x600001338080> (Domain: org.reactjs.native.example.E2E-tests, User: kCFPreferencesCurrentUser, ByHost: No, Container: (null), Contents Need Refresh: No) via CFPrefsSearchListSource<0x600001330700> (Domain: org.reactjs.native.example.E2E-tests, Container: (null))
2023-09-09 12:50:31.810 Db E2E_tests[72348:1e41530] [com.apple.defaults:User Defaults] looked up value 1 for key RCTI18nUtil_makeRTLFlipLeftAndRightStyles in CFPrefsPlistSource<0x600001338080> (Domain: org.reactjs.native.example.E2E-tests, User: kCFPreferencesCurrentUser, ByHost: No, Container: (null), Contents Need Refresh: No) via CFPrefsSearchListSource<0x600001330700> (Domain: org.reactjs.native.example.E2E-tests, Container: (null))
2023-09-09 12:50:31.811 Db E2E_tests[72348:1e41530] [com.apple.defaults:User Defaults] looked up value 1 for key RCTI18nUtil_makeRTLFlipLeftAndRightStyles in CFPrefsPlistSource<0x600001338080> (Domain: org.reactjs.native.example.E2E-tests, User: kCFPreferencesCurrentUser, ByHost: No, Container: (null), Contents Need Refresh: No) via CFPrefsSearchListSource<0x600001330700> (Domain: org.reactjs.native.example.E2E-tests, Container: (null))
2023-09-09 12:50:31.811 Db E2E_tests[72348:1e41530] [com.apple.defaults:User Defaults] looked up value 1 for key RCTI18nUtil_makeRTLFlipLeftAndRightStyles in CFPrefsPlistSource<0x600001338080> (Domain: org.reactjs.native.example.E2E-tests, User: kCFPreferencesCurrentUser, ByHost: No, Container: (null), Contents Need Refresh: No) via CFPrefsSearchListSource<0x600001330700> (Domain: org.reactjs.native.example.E2E-tests, Container: (null))
2023-09-09 12:50:31.811 Db E2E_tests[72348:1e41530] [com.apple.defaults:User Defaults] looked up value 1 for key RCTI18nUtil_makeRTLFlipLeftAndRightStyles in CFPrefsPlistSource<0x600001338080> (Domain: org.reactjs.native.example.E2E-tests, User: kCFPreferencesCurrentUser, ByHost: No, Container: (null), Contents Need Refresh: No) via CFPrefsSearchListSource<0x600001330700> (Domain: org.reactjs.native.example.E2E-tests, Container: (null))
2023-09-09 12:50:31.811 Db E2E_tests[72348:1e41530] [com.apple.defaults:User Defaults] looked up value 1 for key RCTI18nUtil_makeRTLFlipLeftAndRightStyles in CFPrefsPlistSource<0x600001338080> (Domain: org.reactjs.native.example.E2E-tests, User: kCFPreferencesCurrentUser, ByHost: No, Container: (null), Contents Need Refresh: No) via CFPrefsSearchListSource<0x600001330700> (Domain: org.reactjs.native.example.E2E-tests, Container: (null))
2023-09-09 12:50:31.825 Db E2E_tests[72348:1e41530] [com.apple.defaults:User Defaults] looked up value 1 for key RCTI18nUtil_makeRTLFlipLeftAndRightStyles in CFPrefsPlistSource<0x600001338080> (Domain: org.reactjs.native.example.E2E-tests, User: kCFPreferencesCurrentUser, ByHost: No, Container: (null), Contents Need Refresh: No) via CFPrefsSearchListSource<0x600001330700> (Domain: org.reactjs.native.example.E2E-tests, Container: (null))
2023-09-09 12:50:31.825 Db E2E_tests[72348:1e41530] [com.apple.defaults:User Defaults] looked up value 1 for key RCTI18nUtil_makeRTLFlipLeftAndRightStyles in CFPrefsPlistSource<0x600001338080> (Domain: org.reactjs.native.example.E2E-tests, User: kCFPreferencesCurrentUser, ByHost: No, Container: (null), Contents Need Refresh: No) via CFPrefsSearchListSource<0x600001330700> (Domain: org.reactjs.native.example.E2E-tests, Container: (null))
2023-09-09 12:50:31.825 Db E2E_tests[72348:1e41530] [com.apple.defaults:User Defaults] looked up value 1 for key RCTI18nUtil_makeRTLFlipLeftAndRightStyles in CFPrefsPlistSource<0x600001338080> (Domain: org.reactjs.native.example.E2E-tests, User: kCFPreferencesCurrentUser, ByHost: No, Container: (null), Contents Need Refresh: No) via CFPrefsSearchListSource<0x600001330700> (Domain: org.reactjs.native.example.E2E-tests, Container: (null))
2023-09-09 12:50:31.825 Db E2E_tests[72348:1e41530] [com.apple.defaults:User Defaults] looked up value 1 for key RCTI18nUtil_makeRTLFlipLeftAndRightStyles in CFPrefsPlistSource<0x600001338080> (Domain: org.reactjs.native.example.E2E-tests, User: kCFPreferencesCurrentUser, ByHost: No, Container: (null), Contents Need Refresh: No) via CFPrefsSearchListSource<0x600001330700> (Domain: org.reactjs.native.example.E2E-tests, Container: (null))
2023-09-09 12:50:31.830 I  E2E_tests[72348:1e414bc] [com.facebook.react.log:native] [GESTURE HANDLER] Initialize gesture handler for view <RCTRootContentView: 0x133522a60; frame = (0 0; 393 852); gestureRecognizers = <NSArray: 0x6000033715f0>; layer = <CALayer: 0x600003d7c240>> reactTag: 1; frame = {{0, 0}, {393, 852}}; layer = <CALayer: 0x600003d7c240>
2023-09-09 12:50:31.830 Df E2E_tests[72348:1e41530] (CFNetwork) Task <0B648D0D-35FD-44E8-97CE-EACAA9A7CBBF>.<1> resuming, timeouts(60.0, 604800.0) QOS(0x19) Voucher (null)
2023-09-09 12:50:31.830 Db E2E_tests[72348:1e41530] [com.apple.network:activity] Returning should log: 0 for activity cfnetwork:foreground_task
2023-09-09 12:50:31.830 Db E2E_tests[72348:1e41530] [com.apple.network:activity] Domain cfnetwork rate configured in registry as 1 / 20000
2023-09-09 12:50:31.830 Db E2E_tests[72348:1e41530] [com.apple.network:activity] Domain cfnetwork rate configured after remote default override as 1 / 20000
2023-09-09 12:50:31.830 Db E2E_tests[72348:1e41530] [com.apple.network:activity] After reading settings plist, domain cfnetwork rate configured as 1 / 2000000
2023-09-09 12:50:31.830 Db E2E_tests[72348:1e41530] [com.apple.network:activity] After settings override, domain cfnetwork rate configured as 1 / 2000000
2023-09-09 12:50:31.830 Db E2E_tests[72348:1e41530] [com.apple.network:activity] Final domain cfnetwork rate configured as 1 / 2000000
2023-09-09 12:50:31.830 Db E2E_tests[72348:1e41530] [com.apple.network:activity] <nw_activity 12:2[No UUID] (reporting strategy default)> sampled at 1 / 2000000
2023-09-09 12:50:31.830 Db E2E_tests[72348:1e41530] [com.apple.network:activity] Returning should log: 0 for activity cfnetwork:foreground_task
2023-09-09 12:50:31.830 Df E2E_tests[72348:1e41530] (CFNetwork) [Telemetry]: Activity <nw_activity 12:2[DAB67F3A-0BEA-4422-8E58-A34A8BE903DB] (reporting strategy default)> on Task <0B648D0D-35FD-44E8-97CE-EACAA9A7CBBF>.<1> was not selected for reporting
2023-09-09 12:50:31.830 Df E2E_tests[72348:1e41530] (CFNetwork) Task <0BF5F9F5-827F-493C-B3D4-6CC19A22E1D0>.<2> resuming, timeouts(60.0, 604800.0) QOS(0x19) Voucher (null)
2023-09-09 12:50:31.830 Db E2E_tests[72348:1e41530] [com.apple.network:activity] Returning should log: 0 for activity cfnetwork:foreground_task
2023-09-09 12:50:31.830 Db E2E_tests[72348:1e41530] [com.apple.network:activity] Domain cfnetwork rate configured in registry as 1 / 20000
2023-09-09 12:50:31.831 Db E2E_tests[72348:1e41530] [com.apple.network:activity] Domain cfnetwork rate configured after remote default override as 1 / 20000
2023-09-09 12:50:31.831 Db E2E_tests[72348:1e41530] [com.apple.network:activity] After reading settings plist, domain cfnetwork rate configured as 1 / 2000000
2023-09-09 12:50:31.831 Db E2E_tests[72348:1e41530] [com.apple.network:activity] After settings override, domain cfnetwork rate configured as 1 / 2000000
2023-09-09 12:50:31.831 Db E2E_tests[72348:1e41530] [com.apple.network:activity] Final domain cfnetwork rate configured as 1 / 2000000
2023-09-09 12:50:31.831 Db E2E_tests[72348:1e4151d] [com.apple.CFNetwork:ATS] Uploading ATS exception ATSAllowsLocalNetworking
2023-09-09 12:50:31.831 Db E2E_tests[72348:1e41530] [com.apple.network:activity] <nw_activity 12:2[No UUID] (reporting strategy default)> sampled at 1 / 2000000
2023-09-09 12:50:31.831 A  E2E_tests[72348:1e4151e] (Security) SecTrustReportNetworkingAnalytics
2023-09-09 12:50:31.831 Db E2E_tests[72348:1e41530] [com.apple.network:activity] Returning should log: 0 for activity cfnetwork:foreground_task
2023-09-09 12:50:31.831 Df E2E_tests[72348:1e41530] (CFNetwork) [Telemetry]: Activity <nw_activity 12:2[A6E28294-1E76-4651-BBB2-AD3E0791E465] (reporting strategy default)> on Task <0BF5F9F5-827F-493C-B3D4-6CC19A22E1D0>.<2> was not selected for reporting
2023-09-09 12:50:31.831 Db E2E_tests[72348:1e414bc] [com.apple.defaults:User Defaults] looked up value 1 for key RCTI18nUtil_makeRTLFlipLeftAndRightStyles in CFPrefsPlistSource<0x600001338080> (Domain: org.reactjs.native.example.E2E-tests, User: kCFPreferencesCurrentUser, ByHost: No, Container: (null), Contents Need Refresh: No) via CFPrefsSearchListSource<0x600001330700> (Domain: org.reactjs.native.example.E2E-tests, Container: (null))
2023-09-09 12:50:31.831 Db E2E_tests[72348:1e414bc] [com.apple.defaults:User Defaults] looked up value 1 for key RCTI18nUtil_makeRTLFlipLeftAndRightStyles in CFPrefsPlistSource<0x600001338080> (Domain: org.reactjs.native.example.E2E-tests, User: kCFPreferencesCurrentUser, ByHost: No, Container: (null), Contents Need Refresh: No) via CFPrefsSearchListSource<0x600001330700> (Domain: org.reactjs.native.example.E2E-tests, Container: (null))
2023-09-09 12:50:31.831 Db E2E_tests[72348:1e414bc] [com.apple.defaults:User Defaults] looked up value 1 for key RCTI18nUtil_makeRTLFlipLeftAndRightStyles in CFPrefsPlistSource<0x600001338080> (Domain: org.reactjs.native.example.E2E-tests, User: kCFPreferencesCurrentUser, ByHost: No, Container: (null), Contents Need Refresh: No) via CFPrefsSearchListSource<0x600001330700> (Domain: org.reactjs.native.example.E2E-tests, Container: (null))
2023-09-09 12:50:31.831 Db E2E_tests[72348:1e414bc] [com.apple.defaults:User Defaults] looked up value 1 for key RCTI18nUtil_makeRTLFlipLeftAndRightStyles in CFPrefsPlistSource<0x600001338080> (Domain: org.reactjs.native.example.E2E-tests, User: kCFPreferencesCurrentUser, ByHost: No, Container: (null), Contents Need Refresh: No) via CFPrefsSearchListSource<0x600001330700> (Domain: org.reactjs.native.example.E2E-tests, Container: (null))
2023-09-09 12:50:31.831 Db E2E_tests[72348:1e414bc] [com.apple.defaults:User Defaults] looked up value 1 for key RCTI18nUtil_makeRTLFlipLeftAndRightStyles in CFPrefsPlistSource<0x600001338080> (Domain: org.reactjs.native.example.E2E-tests, User: kCFPreferencesCurrentUser, ByHost: No, Container: (null), Contents Need Refresh: No) via CFPrefsSearchListSource<0x600001330700> (Domain: org.reactjs.native.example.E2E-tests, Container: (null))
2023-09-09 12:50:31.831 Db E2E_tests[72348:1e414bc] [com.apple.defaults:User Defaults] looked up value 1 for key RCTI18nUtil_makeRTLFlipLeftAndRightStyles in CFPrefsPlistSource<0x600001338080> (Domain: org.reactjs.native.example.E2E-tests, User: kCFPreferencesCurrentUser, ByHost: No, Container: (null), Contents Need Refresh: No) via CFPrefsSearchListSource<0x600001330700> (Domain: org.reactjs.native.example.E2E-tests, Container: (null))
2023-09-09 12:50:31.831 I  E2E_tests[72348:1e4151d] [com.apple.network:connection] nw_connection_create_with_id [C8] create connection to Hostname#83c3fd88:8081
2023-09-09 12:50:31.831 Db E2E_tests[72348:1e414bc] [com.apple.defaults:User Defaults] looked up value 1 for key RCTI18nUtil_makeRTLFlipLeftAndRightStyles in CFPrefsPlistSource<0x600001338080> (Domain: org.reactjs.native.example.E2E-tests, User: kCFPreferencesCurrentUser, ByHost: No, Container: (null), Contents Need Refresh: No) via CFPrefsSearchListSource<0x600001330700> (Domain: org.reactjs.native.example.E2E-tests, Container: (null))
2023-09-09 12:50:31.831 Db E2E_tests[72348:1e414bc] [com.apple.defaults:User Defaults] looked up value 1 for key RCTI18nUtil_makeRTLFlipLeftAndRightStyles in CFPrefsPlistSource<0x600001338080> (Domain: org.reactjs.native.example.E2E-tests, User: kCFPreferencesCurrentUser, ByHost: No, Container: (null), Contents Need Refresh: No) via CFPrefsSearchListSource<0x600001330700> (Domain: org.reactjs.native.example.E2E-tests, Container: (null))
2023-09-09 12:50:31.831 Db E2E_tests[72348:1e414bc] [com.apple.defaults:User Defaults] looked up value 1 for key RCTI18nUtil_makeRTLFlipLeftAndRightStyles in CFPrefsPlistSource<0x600001338080> (Domain: org.reactjs.native.example.E2E-tests, User: kCFPreferencesCurrentUser, ByHost: No, Container: (null), Contents Need Refresh: No) via CFPrefsSearchListSource<0x600001330700> (Domain: org.reactjs.native.example.E2E-tests, Container: (null))
2023-09-09 12:50:31.831 Db E2E_tests[72348:1e414bc] [com.apple.defaults:User Defaults] looked up value 1 for key RCTI18nUtil_makeRTLFlipLeftAndRightStyles in CFPrefsPlistSource<0x600001338080> (Domain: org.reactjs.native.example.E2E-tests, User: kCFPreferencesCurrentUser, ByHost: No, Container: (null), Contents Need Refresh: No) via CFPrefsSearchListSource<0x600001330700> (Domain: org.reactjs.native.example.E2E-tests, Container: (null))
2023-09-09 12:50:31.831 Db E2E_tests[72348:1e414bc] [com.apple.defaults:User Defaults] looked up value 1 for key RCTI18nUtil_makeRTLFlipLeftAndRightStyles in CFPrefsPlistSource<0x600001338080> (Domain: org.reactjs.native.example.E2E-tests, User: kCFPreferencesCurrentUser, ByHost: No, Container: (null), Contents Need Refresh: No) via CFPrefsSearchListSource<0x600001330700> (Domain: org.reactjs.native.example.E2E-tests, Container: (null))
2023-09-09 12:50:31.831 Db E2E_tests[72348:1e414bc] [com.apple.defaults:User Defaults] looked up value 1 for key RCTI18nUtil_makeRTLFlipLeftAndRightStyles in CFPrefsPlistSource<0x600001338080> (Domain: org.reactjs.native.example.E2E-tests, User: kCFPreferencesCurrentUser, ByHost: No, Container: (null), Contents Need Refresh: No) via CFPrefsSearchListSource<0x600001330700> (Domain: org.reactjs.native.example.E2E-tests, Container: (null))
2023-09-09 12:50:31.831 Db E2E_tests[72348:1e414bc] [com.apple.defaults:User Defaults] looked up value 1 for key RCTI18nUtil_makeRTLFlipLeftAndRightStyles in CFPrefsPlistSource<0x600001338080> (Domain: org.reactjs.native.example.E2E-tests, User: kCFPreferencesCurrentUser, ByHost: No, Container: (null), Contents Need Refresh: No) via CFPrefsSearchListSource<0x600001330700> (Domain: org.reactjs.native.example.E2E-tests, Container: (null))
2023-09-09 12:50:31.831 Db E2E_tests[72348:1e414bc] [com.apple.defaults:User Defaults] looked up value 1 for key RCTI18nUtil_makeRTLFlipLeftAndRightStyles in CFPrefsPlistSource<0x600001338080> (Domain: org.reactjs.native.example.E2E-tests, User: kCFPreferencesCurrentUser, ByHost: No, Container: (null), Contents Need Refresh: No) via CFPrefsSearchListSource<0x600001330700> (Domain: org.reactjs.native.example.E2E-tests, Container: (null))
2023-09-09 12:50:31.831 Db E2E_tests[72348:1e414bc] [com.apple.defaults:User Defaults] looked up value 1 for key RCTI18nUtil_makeRTLFlipLeftAndRightStyles in CFPrefsPlistSource<0x600001338080> (Domain: org.reactjs.native.example.E2E-tests, User: kCFPreferencesCurrentUser, ByHost: No, Container: (null), Contents Need Refresh: No) via CFPrefsSearchListSource<0x600001330700> (Domain: org.reactjs.native.example.E2E-tests, Container: (null))
2023-09-09 12:50:31.831 Db E2E_tests[72348:1e414bc] [com.apple.defaults:User Defaults] looked up value 1 for key RCTI18nUtil_makeRTLFlipLeftAndRightStyles in CFPrefsPlistSource<0x600001338080> (Domain: org.reactjs.native.example.E2E-tests, User: kCFPreferencesCurrentUser, ByHost: No, Container: (null), Contents Need Refresh: No) via CFPrefsSearchListSource<0x600001330700> (Domain: org.reactjs.native.example.E2E-tests, Container: (null))
2023-09-09 12:50:31.831 Db E2E_tests[72348:1e414bc] [com.apple.defaults:User Defaults] looked up value 1 for key RCTI18nUtil_makeRTLFlipLeftAndRightStyles in CFPrefsPlistSource<0x600001338080> (Domain: org.reactjs.native.example.E2E-tests, User: kCFPreferencesCurrentUser, ByHost: No, Container: (null), Contents Need Refresh: No) via CFPrefsSearchListSource<0x600001330700> (Domain: org.reactjs.native.example.E2E-tests, Container: (null))
2023-09-09 12:50:31.831 Db E2E_tests[72348:1e414bc] [com.apple.defaults:User Defaults] looked up value 1 for key RCTI18nUtil_makeRTLFlipLeftAndRightStyles in CFPrefsPlistSource<0x600001338080> (Domain: org.reactjs.native.example.E2E-tests, User: kCFPreferencesCurrentUser, ByHost: No, Container: (null), Contents Need Refresh: No) via CFPrefsSearchListSource<0x600001330700> (Domain: org.reactjs.native.example.E2E-tests, Container: (null))
2023-09-09 12:50:31.831 Db E2E_tests[72348:1e414bc] [com.apple.defaults:User Defaults] looked up value 1 for key RCTI18nUtil_makeRTLFlipLeftAndRightStyles in CFPrefsPlistSource<0x600001338080> (Domain: org.reactjs.native.example.E2E-tests, User: kCFPreferencesCurrentUser, ByHost: No, Container: (null), Contents Need Refresh: No) via CFPrefsSearchListSource<0x600001330700> (Domain: org.reactjs.native.example.E2E-tests, Container: (null))
2023-09-09 12:50:31.831 Db E2E_tests[72348:1e414bc] [com.apple.defaults:User Defaults] looked up value 1 for key RCTI18nUtil_makeRTLFlipLeftAndRightStyles in CFPrefsPlistSource<0x600001338080> (Domain: org.reactjs.native.example.E2E-tests, User: kCFPreferencesCurrentUser, ByHost: No, Container: (null), Contents Need Refresh: No) via CFPrefsSearchListSource<0x600001330700> (Domain: org.reactjs.native.example.E2E-tests, Container: (null))
2023-09-09 12:50:31.831 Db E2E_tests[72348:1e414bc] [com.apple.defaults:User Defaults] looked up value 1 for key RCTI18nUtil_makeRTLFlipLeftAndRightStyles in CFPrefsPlistSource<0x600001338080> (Domain: org.reactjs.native.example.E2E-tests, User: kCFPreferencesCurrentUser, ByHost: No, Container: (null), Contents Need Refresh: No) via CFPrefsSearchListSource<0x600001330700> (Domain: org.reactjs.native.example.E2E-tests, Container: (null))
2023-09-09 12:50:31.831 Df E2E_tests[72348:1e4151e] [com.apple.securityd:SecError] SecTrustReportNetworkingAnalytics failed with error: -4
2023-09-09 12:50:31.832 Db E2E_tests[72348:1e414bc] [com.apple.defaults:User Defaults] looked up value 1 for key RCTI18nUtil_makeRTLFlipLeftAndRightStyles in CFPrefsPlistSource<0x600001338080> (Domain: org.reactjs.native.example.E2E-tests, User: kCFPreferencesCurrentUser, ByHost: No, Container: (null), Contents Need Refresh: No) via CFPrefsSearchListSource<0x600001330700> (Domain: org.reactjs.native.example.E2E-tests, Container: (null))
2023-09-09 12:50:31.832 Db E2E_tests[72348:1e414bc] [com.apple.defaults:User Defaults] looked up value 1 for key RCTI18nUtil_makeRTLFlipLeftAndRightStyles in CFPrefsPlistSource<0x600001338080> (Domain: org.reactjs.native.example.E2E-tests, User: kCFPreferencesCurrentUser, ByHost: No, Container: (null), Contents Need Refresh: No) via CFPrefsSearchListSource<0x600001330700> (Domain: org.reactjs.native.example.E2E-tests, Container: (null))
2023-09-09 12:50:31.832 Db E2E_tests[72348:1e414bc] [com.apple.defaults:User Defaults] looked up value 1 for key RCTI18nUtil_makeRTLFlipLeftAndRightStyles in CFPrefsPlistSource<0x600001338080> (Domain: org.reactjs.native.example.E2E-tests, User: kCFPreferencesCurrentUser, ByHost: No, Container: (null), Contents Need Refresh: No) via CFPrefsSearchListSource<0x600001330700> (Domain: org.reactjs.native.example.E2E-tests, Container: (null))
2023-09-09 12:50:31.832 Db E2E_tests[72348:1e414bc] [com.apple.defaults:User Defaults] looked up value 1 for key RCTI18nUtil_makeRTLFlipLeftAndRightStyles in CFPrefsPlistSource<0x600001338080> (Domain: org.reactjs.native.example.E2E-tests, User: kCFPreferencesCurrentUser, ByHost: No, Container: (null), Contents Need Refresh: No) via CFPrefsSearchListSource<0x600001330700> (Domain: org.reactjs.native.example.E2E-tests, Container: (null))
2023-09-09 12:50:31.832 Db E2E_tests[72348:1e414bc] [com.apple.defaults:User Defaults] looked up value 1 for key RCTI18nUtil_makeRTLFlipLeftAndRightStyles in CFPrefsPlistSource<0x600001338080> (Domain: org.reactjs.native.example.E2E-tests, User: kCFPreferencesCurrentUser, ByHost: No, Container: (null), Contents Need Refresh: No) via CFPrefsSearchListSource<0x600001330700> (Domain: org.reactjs.native.example.E2E-tests, Container: (null))
2023-09-09 12:50:31.831 Df E2E_tests[72348:1e4151d] (CFNetwork) Connection 8: starting, TC(0x0)
2023-09-09 12:50:31.832 Db E2E_tests[72348:1e414bc] [com.apple.defaults:User Defaults] looked up value 1 for key RCTI18nUtil_makeRTLFlipLeftAndRightStyles in CFPrefsPlistSource<0x600001338080> (Domain: org.reactjs.native.example.E2E-tests, User: kCFPreferencesCurrentUser, ByHost: No, Container: (null), Contents Need Refresh: No) via CFPrefsSearchListSource<0x600001330700> (Domain: org.reactjs.native.example.E2E-tests, Container: (null))
2023-09-09 12:50:31.832 Db E2E_tests[72348:1e414bc] [com.apple.defaults:User Defaults] looked up value 1 for key RCTI18nUtil_makeRTLFlipLeftAndRightStyles in CFPrefsPlistSource<0x600001338080> (Domain: org.reactjs.native.example.E2E-tests, User: kCFPreferencesCurrentUser, ByHost: No, Container: (null), Contents Need Refresh: No) via CFPrefsSearchListSource<0x600001330700> (Domain: org.reactjs.native.example.E2E-tests, Container: (null))
2023-09-09 12:50:31.832 Db E2E_tests[72348:1e414bc] [com.apple.defaults:User Defaults] looked up value 1 for key RCTI18nUtil_makeRTLFlipLeftAndRightStyles in CFPrefsPlistSource<0x600001338080> (Domain: org.reactjs.native.example.E2E-tests, User: kCFPreferencesCurrentUser, ByHost: No, Container: (null), Contents Need Refresh: No) via CFPrefsSearchListSource<0x600001330700> (Domain: org.reactjs.native.example.E2E-tests, Container: (null))
2023-09-09 12:50:31.832 Df E2E_tests[72348:1e4151d] [com.apple.network:connection] [C8 734528C5-747B-4765-B947-F68E724EEC89 localhost:8081 tcp, url hash: 665cf162, definite, attribution: developer, context: com.apple.CFNetwork.NSURLSession.{B4C98D60-1C49-465A-A146-0A55C36AF4BA}{(null)}{Y}{2} (private), proc: 570D0823-7E8F-3604-85C2-3DE0AE860944] start
2023-09-09 12:50:31.832 I  E2E_tests[72348:1e4151d] [com.apple.network:connection] nw_endpoint_handler_start [C8 localhost:8081 initial parent-flow ((null))]
2023-09-09 12:50:31.832 Db E2E_tests[72348:1e414bc] [com.apple.defaults:User Defaults] looked up value 1 for key RCTI18nUtil_makeRTLFlipLeftAndRightStyles in CFPrefsPlistSource<0x600001338080> (Domain: org.reactjs.native.example.E2E-tests, User: kCFPreferencesCurrentUser, ByHost: No, Container: (null), Contents Need Refresh: No) via CFPrefsSearchListSource<0x600001330700> (Domain: org.reactjs.native.example.E2E-tests, Container: (null))
2023-09-09 12:50:31.832 Df E2E_tests[72348:1e4151d] [com.apple.network:connection] [C8 localhost:8081 initial parent-flow ((null))] event: path:start @0.000s
2023-09-09 12:50:31.832 Db E2E_tests[72348:1e414bc] [com.apple.defaults:User Defaults] looked up value 1 for key RCTI18nUtil_makeRTLFlipLeftAndRightStyles in CFPrefsPlistSource<0x600001338080> (Domain: org.reactjs.native.example.E2E-tests, User: kCFPreferencesCurrentUser, ByHost: No, Container: (null), Contents Need Refresh: No) via CFPrefsSearchListSource<0x600001330700> (Domain: org.reactjs.native.example.E2E-tests, Container: (null))
2023-09-09 12:50:31.832 Db E2E_tests[72348:1e414bc] [com.apple.defaults:User Defaults] looked up value 1 for key RCTI18nUtil_makeRTLFlipLeftAndRightStyles in CFPrefsPlistSource<0x600001338080> (Domain: org.reactjs.native.example.E2E-tests, User: kCFPreferencesCurrentUser, ByHost: No, Container: (null), Contents Need Refresh: No) via CFPrefsSearchListSource<0x600001330700> (Domain: org.reactjs.native.example.E2E-tests, Container: (null))
2023-09-09 12:50:31.832 Db E2E_tests[72348:1e414bc] [com.apple.defaults:User Defaults] looked up value 1 for key RCTI18nUtil_makeRTLFlipLeftAndRightStyles in CFPrefsPlistSource<0x600001338080> (Domain: org.reactjs.native.example.E2E-tests, User: kCFPreferencesCurrentUser, ByHost: No, Container: (null), Contents Need Refresh: No) via CFPrefsSearchListSource<0x600001330700> (Domain: org.reactjs.native.example.E2E-tests, Container: (null))
2023-09-09 12:50:31.832 Db E2E_tests[72348:1e414bc] [com.apple.defaults:User Defaults] looked up value 1 for key RCTI18nUtil_makeRTLFlipLeftAndRightStyles in CFPrefsPlistSource<0x600001338080> (Domain: org.reactjs.native.example.E2E-tests, User: kCFPreferencesCurrentUser, ByHost: No, Container: (null), Contents Need Refresh: No) via CFPrefsSearchListSource<0x600001330700> (Domain: org.reactjs.native.example.E2E-tests, Container: (null))
2023-09-09 12:50:31.832 Db E2E_tests[72348:1e414bc] [com.apple.defaults:User Defaults] looked up value 1 for key RCTI18nUtil_makeRTLFlipLeftAndRightStyles in CFPrefsPlistSource<0x600001338080> (Domain: org.reactjs.native.example.E2E-tests, User: kCFPreferencesCurrentUser, ByHost: No, Container: (null), Contents Need Refresh: No) via CFPrefsSearchListSource<0x600001330700> (Domain: org.reactjs.native.example.E2E-tests, Container: (null))
2023-09-09 12:50:31.832 Db E2E_tests[72348:1e414bc] [com.apple.defaults:User Defaults] looked up value 1 for key RCTI18nUtil_makeRTLFlipLeftAndRightStyles in CFPrefsPlistSource<0x600001338080> (Domain: org.reactjs.native.example.E2E-tests, User: kCFPreferencesCurrentUser, ByHost: No, Container: (null), Contents Need Refresh: No) via CFPrefsSearchListSource<0x600001330700> (Domain: org.reactjs.native.example.E2E-tests, Container: (null))
2023-09-09 12:50:31.832 Db E2E_tests[72348:1e414bc] [com.apple.defaults:User Defaults] looked up value 1 for key RCTI18nUtil_makeRTLFlipLeftAndRightStyles in CFPrefsPlistSource<0x600001338080> (Domain: org.reactjs.native.example.E2E-tests, User: kCFPreferencesCurrentUser, ByHost: No, Container: (null), Contents Need Refresh: No) via CFPrefsSearchListSource<0x600001330700> (Domain: org.reactjs.native.example.E2E-tests, Container: (null))
2023-09-09 12:50:31.832 Db E2E_tests[72348:1e414bc] [com.apple.defaults:User Defaults] looked up value 1 for key RCTI18nUtil_makeRTLFlipLeftAndRightStyles in CFPrefsPlistSource<0x600001338080> (Domain: org.reactjs.native.example.E2E-tests, User: kCFPreferencesCurrentUser, ByHost: No, Container: (null), Contents Need Refresh: No) via CFPrefsSearchListSource<0x600001330700> (Domain: org.reactjs.native.example.E2E-tests, Container: (null))
2023-09-09 12:50:31.832 Db E2E_tests[72348:1e414bc] [com.apple.defaults:User Defaults] looked up value 1 for key RCTI18nUtil_makeRTLFlipLeftAndRightStyles in CFPrefsPlistSource<0x600001338080> (Domain: org.reactjs.native.example.E2E-tests, User: kCFPreferencesCurrentUser, ByHost: No, Container: (null), Contents Need Refresh: No) via CFPrefsSearchListSource<0x600001330700> (Domain: org.reactjs.native.example.E2E-tests, Container: (null))
2023-09-09 12:50:31.832 Db E2E_tests[72348:1e4151d] [com.apple.network:connection] nw_endpoint_handler_path_change [C8 localhost:8081 waiting parent-flow (satisfied (Path is satisfied), interface: en0[802.11])]
2023-09-09 12:50:31.832 Db E2E_tests[72348:1e414bc] [com.apple.defaults:User Defaults] looked up value 1 for key RCTI18nUtil_makeRTLFlipLeftAndRightStyles in CFPrefsPlistSource<0x600001338080> (Domain: org.reactjs.native.example.E2E-tests, User: kCFPreferencesCurrentUser, ByHost: No, Container: (null), Contents Need Refresh: No) via CFPrefsSearchListSource<0x600001330700> (Domain: org.reactjs.native.example.E2E-tests, Container: (null))
2023-09-09 12:50:31.832 Df E2E_tests[72348:1e4151d] [com.apple.network:connection] [C8 localhost:8081 waiting parent-flow (satisfied (Path is satisfied), interface: en0[802.11])] event: path:satisfied @0.000s, uuid: 6AE46103-867B-462D-BEF5-6B745D14E292
2023-09-09 12:50:31.832 Db E2E_tests[72348:1e414bc] [com.apple.defaults:User Defaults] looked up value 1 for key RCTI18nUtil_makeRTLFlipLeftAndRightStyles in CFPrefsPlistSource<0x600001338080> (Domain: org.reactjs.native.example.E2E-tests, User: kCFPreferencesCurrentUser, ByHost: No, Container: (null), Contents Need Refresh: No) via CFPrefsSearchListSource<0x600001330700> (Domain: org.reactjs.native.example.E2E-tests, Container: (null))
2023-09-09 12:50:31.832 I  E2E_tests[72348:1e4151d] [com.apple.network:connection] nw_connection_endpoint_report_on_nw_queue_block_invoke [C8 localhost:8081 waiting parent-flow (satisfied (Path is satisfied), interface: en0[802.11])] skipping state update
2023-09-09 12:50:31.832 Db E2E_tests[72348:1e414bc] [com.apple.defaults:User Defaults] looked up value 1 for key RCTI18nUtil_makeRTLFlipLeftAndRightStyles in CFPrefsPlistSource<0x600001338080> (Domain: org.reactjs.native.example.E2E-tests, User: kCFPreferencesCurrentUser, ByHost: No, Container: (null), Contents Need Refresh: No) via CFPrefsSearchListSource<0x600001330700> (Domain: org.reactjs.native.example.E2E-tests, Container: (null))
2023-09-09 12:50:31.832 Db E2E_tests[72348:1e4151d] [com.apple.network:] nw_endpoint_proxy_handler_should_use_proxy Looking up proxy for hostname: localhost, ifindex: 0
2023-09-09 12:50:31.832 Db E2E_tests[72348:1e414bc] [com.apple.defaults:User Defaults] looked up value 1 for key RCTI18nUtil_makeRTLFlipLeftAndRightStyles in CFPrefsPlistSource<0x600001338080> (Domain: org.reactjs.native.example.E2E-tests, User: kCFPreferencesCurrentUser, ByHost: No, Container: (null), Contents Need Refresh: No) via CFPrefsSearchListSource<0x600001330700> (Domain: org.reactjs.native.example.E2E-tests, Container: (null))
2023-09-09 12:50:31.832 Db E2E_tests[72348:1e414bc] [com.apple.defaults:User Defaults] looked up value 1 for key RCTI18nUtil_makeRTLFlipLeftAndRightStyles in CFPrefsPlistSource<0x600001338080> (Domain: org.reactjs.native.example.E2E-tests, User: kCFPreferencesCurrentUser, ByHost: No, Container: (null), Contents Need Refresh: No) via CFPrefsSearchListSource<0x600001330700> (Domain: org.reactjs.native.example.E2E-tests, Container: (null))
2023-09-09 12:50:31.832 Db E2E_tests[72348:1e4151d] [com.apple.SystemConfiguration:SCPreferences] create <SCPreferences 0x146004870 [0x10e7ac1d0]> {name = SCDynamicStoreCopyProxiesWithOptions, id = /Library/Managed Preferences/mobile/com.apple.SystemConfiguration.plist, path = /Library/Managed Preferences/mobile/com.apple.SystemConfiguration.plist}
2023-09-09 12:50:31.832 Db E2E_tests[72348:1e414bc] [com.apple.defaults:User Defaults] looked up value 1 for key RCTI18nUtil_makeRTLFlipLeftAndRightStyles in CFPrefsPlistSource<0x600001338080> (Domain: org.reactjs.native.example.E2E-tests, User: kCFPreferencesCurrentUser, ByHost: No, Container: (null), Contents Need Refresh: No) via CFPrefsSearchListSource<0x600001330700> (Domain: org.reactjs.native.example.E2E-tests, Container: (null))
2023-09-09 12:50:31.832 Db E2E_tests[72348:1e4151d] [com.apple.SystemConfiguration:SCPreferences] SCPreferences() access: /Library/Managed Preferences/mobile/com.apple.SystemConfiguration.plist, size=0
2023-09-09 12:50:31.832 Db E2E_tests[72348:1e4151d] [com.apple.SystemConfiguration:SCPreferences] release <SCPreferences 0x146004870 [0x10e7ac1d0]> {name = SCDynamicStoreCopyProxiesWithOptions, id = /Library/Managed Preferences/mobile/com.apple.SystemConfiguration.plist, path = /Library/Managed Preferences/mobile/com.apple.SystemConfiguration.plist, accessed}
2023-09-09 12:50:31.832 Db E2E_tests[72348:1e414bc] [com.apple.defaults:User Defaults] looked up value 1 for key RCTI18nUtil_makeRTLFlipLeftAndRightStyles in CFPrefsPlistSource<0x600001338080> (Domain: org.reactjs.native.example.E2E-tests, User: kCFPreferencesCurrentUser, ByHost: No, Container: (null), Contents Need Refresh: No) via CFPrefsSearchListSource<0x600001330700> (Domain: org.reactjs.native.example.E2E-tests, Container: (null))
2023-09-09 12:50:31.833 Db E2E_tests[72348:1e414bc] [com.apple.defaults:User Defaults] looked up value 1 for key RCTI18nUtil_makeRTLFlipLeftAndRightStyles in CFPrefsPlistSource<0x600001338080> (Domain: org.reactjs.native.example.E2E-tests, User: kCFPreferencesCurrentUser, ByHost: No, Container: (null), Contents Need Refresh: No) via CFPrefsSearchListSource<0x600001330700> (Domain: org.reactjs.native.example.E2E-tests, Container: (null))
2023-09-09 12:50:31.833 Db E2E_tests[72348:1e414bc] [com.apple.defaults:User Defaults] looked up value 1 for key RCTI18nUtil_makeRTLFlipLeftAndRightStyles in CFPrefsPlistSource<0x600001338080> (Domain: org.reactjs.native.example.E2E-tests, User: kCFPreferencesCurrentUser, ByHost: No, Container: (null), Contents Need Refresh: No) via CFPrefsSearchListSource<0x600001330700> (Domain: org.reactjs.native.example.E2E-tests, Container: (null))
2023-09-09 12:50:31.833 Db E2E_tests[72348:1e414bc] [com.apple.defaults:User Defaults] looked up value 1 for key RCTI18nUtil_makeRTLFlipLeftAndRightStyles in CFPrefsPlistSource<0x600001338080> (Domain: org.reactjs.native.example.E2E-tests, User: kCFPreferencesCurrentUser, ByHost: No, Container: (null), Contents Need Refresh: No) via CFPrefsSearchListSource<0x600001330700> (Domain: org.reactjs.native.example.E2E-tests, Container: (null))
2023-09-09 12:50:31.833 Db E2E_tests[72348:1e414bc] [com.apple.defaults:User Defaults] looked up value 1 for key RCTI18nUtil_makeRTLFlipLeftAndRightStyles in CFPrefsPlistSource<0x600001338080> (Domain: org.reactjs.native.example.E2E-tests, User: kCFPreferencesCurrentUser, ByHost: No, Container: (null), Contents Need Refresh: No) via CFPrefsSearchListSource<0x600001330700> (Domain: org.reactjs.native.example.E2E-tests, Container: (null))
2023-09-09 12:50:31.833 Db E2E_tests[72348:1e414bc] [com.apple.defaults:User Defaults] looked up value 1 for key RCTI18nUtil_makeRTLFlipLeftAndRightStyles in CFPrefsPlistSource<0x600001338080> (Domain: org.reactjs.native.example.E2E-tests, User: kCFPreferencesCurrentUser, ByHost: No, Container: (null), Contents Need Refresh: No) via CFPrefsSearchListSource<0x600001330700> (Domain: org.reactjs.native.example.E2E-tests, Container: (null))
2023-09-09 12:50:31.833 Db E2E_tests[72348:1e4151d] [com.apple.network:connection] nw_endpoint_flow_attach_protocols [C8 localhost:8081 in_progress parent-flow (satisfied (Path is satisfied), interface: en0[802.11])]
2023-09-09 12:50:31.833 Db E2E_tests[72348:1e4151d] [com.apple.network:connection] nw_endpoint_flow_attach_protocols [C8 localhost:8081 in_progress parent-flow (satisfied (Path is satisfied), interface: en0[802.11])] stopping after adding persistent application protocols
2023-09-09 12:50:31.833 Df E2E_tests[72348:1e4151d] [com.apple.network:connection] [C8 localhost:8081 in_progress parent-flow (satisfied (Path is satisfied), interface: en0[802.11])] event: flow:start_child @0.001s
2023-09-09 12:50:31.833 Df E2E_tests[72348:1e4151d] [com.apple.network:connection] nw_connection_report_state_with_handler_on_nw_queue [C8] reporting state preparing
2023-09-09 12:50:31.833 I  E2E_tests[72348:1e4151d] [com.apple.network:connection] nw_endpoint_handler_start [C8.1 localhost:8081 initial path ((null))]
2023-09-09 12:50:31.833 Db E2E_tests[72348:1e4151d] [com.apple.network:connection] nw_endpoint_flow_receive_report [C8 localhost:8081 in_progress parent-flow (satisfied (Path is satisfied), interface: en0[802.11])] received child report: [C8.1 localhost:8081 initial path ((null))]
2023-09-09 12:50:31.833 Df E2E_tests[72348:1e4151d] [com.apple.network:connection] [C8.1 localhost:8081 initial path ((null))] event: path:start @0.001s
2023-09-09 12:50:31.833 Db E2E_tests[72348:1e414bc] [com.apple.defaults:User Defaults] looked up value 1 for key RCTI18nUtil_makeRTLFlipLeftAndRightStyles in CFPrefsPlistSource<0x600001338080> (Domain: org.reactjs.native.example.E2E-tests, User: kCFPreferencesCurrentUser, ByHost: No, Container: (null), Contents Need Refresh: No) via CFPrefsSearchListSource<0x600001330700> (Domain: org.reactjs.native.example.E2E-tests, Container: (null))
2023-09-09 12:50:31.833 Db E2E_tests[72348:1e4151d] [com.apple.network:connection] nw_endpoint_handler_path_change [C8.1 localhost:8081 waiting path (satisfied (Path is satisfied), interface: en0[802.11])]
2023-09-09 12:50:31.833 Db E2E_tests[72348:1e414bc] [com.apple.defaults:User Defaults] looked up value 1 for key RCTI18nUtil_makeRTLFlipLeftAndRightStyles in CFPrefsPlistSource<0x600001338080> (Domain: org.reactjs.native.example.E2E-tests, User: kCFPreferencesCurrentUser, ByHost: No, Container: (null), Contents Need Refresh: No) via CFPrefsSearchListSource<0x600001330700> (Domain: org.reactjs.native.example.E2E-tests, Container: (null))
2023-09-09 12:50:31.833 Db E2E_tests[72348:1e414bc] [com.apple.defaults:User Defaults] looked up value 1 for key RCTI18nUtil_makeRTLFlipLeftAndRightStyles in CFPrefsPlistSource<0x600001338080> (Domain: org.reactjs.native.example.E2E-tests, User: kCFPreferencesCurrentUser, ByHost: No, Container: (null), Contents Need Refresh: No) via CFPrefsSearchListSource<0x600001330700> (Domain: org.reactjs.native.example.E2E-tests, Container: (null))
2023-09-09 12:50:31.833 Db E2E_tests[72348:1e414bc] [com.apple.defaults:User Defaults] looked up value 1 for key RCTI18nUtil_makeRTLFlipLeftAndRightStyles in CFPrefsPlistSource<0x600001338080> (Domain: org.reactjs.native.example.E2E-tests, User: kCFPreferencesCurrentUser, ByHost: No, Container: (null), Contents Need Refresh: No) via CFPrefsSearchListSource<0x600001330700> (Domain: org.reactjs.native.example.E2E-tests, Container: (null))
2023-09-09 12:50:31.833 Db E2E_tests[72348:1e4151d] [com.apple.network:connection] nw_endpoint_flow_receive_report [C8 localhost:8081 in_progress parent-flow (satisfied (Path is satisfied), interface: en0[802.11])] received child report: [C8.1 localhost:8081 waiting path (satisfied (Path is satisfied), interface: en0[802.11])]
2023-09-09 12:50:31.833 Db E2E_tests[72348:1e414bc] [com.apple.defaults:User Defaults] looked up value 1 for key RCTI18nUtil_makeRTLFlipLeftAndRightStyles in CFPrefsPlistSource<0x600001338080> (Domain: org.reactjs.native.example.E2E-tests, User: kCFPreferencesCurrentUser, ByHost: No, Container: (null), Contents Need Refresh: No) via CFPrefsSearchListSource<0x600001330700> (Domain: org.reactjs.native.example.E2E-tests, Container: (null))
2023-09-09 12:50:31.833 Df E2E_tests[72348:1e4151d] [com.apple.network:connection] [C8.1 localhost:8081 waiting path (satisfied (Path is satisfied), interface: en0[802.11])] event: path:satisfied @0.001s, uuid: 6AE46103-867B-462D-BEF5-6B745D14E292
2023-09-09 12:50:31.833 Db E2E_tests[72348:1e414bc] [com.apple.defaults:User Defaults] looked up value 1 for key RCTI18nUtil_makeRTLFlipLeftAndRightStyles in CFPrefsPlistSource<0x600001338080> (Domain: org.reactjs.native.example.E2E-tests, User: kCFPreferencesCurrentUser, ByHost: No, Container: (null), Contents Need Refresh: No) via CFPrefsSearchListSource<0x600001330700> (Domain: org.reactjs.native.example.E2E-tests, Container: (null))
2023-09-09 12:50:31.833 Db E2E_tests[72348:1e4151d] [com.apple.network:] nw_endpoint_proxy_handler_should_use_proxy Looking up proxy for hostname: localhost, ifindex: 0
2023-09-09 12:50:31.833 Db E2E_tests[72348:1e414bc] [com.apple.defaults:User Defaults] looked up value 1 for key RCTI18nUtil_makeRTLFlipLeftAndRightStyles in CFPrefsPlistSource<0x600001338080> (Domain: org.reactjs.native.example.E2E-tests, User: kCFPreferencesCurrentUser, ByHost: No, Container: (null), Contents Need Refresh: No) via CFPrefsSearchListSource<0x600001330700> (Domain: org.reactjs.native.example.E2E-tests, Container: (null))
2023-09-09 12:50:31.833 Db E2E_tests[72348:1e414bc] [com.apple.defaults:User Defaults] looked up value 1 for key RCTI18nUtil_makeRTLFlipLeftAndRightStyles in CFPrefsPlistSource<0x600001338080> (Domain: org.reactjs.native.example.E2E-tests, User: kCFPreferencesCurrentUser, ByHost: No, Container: (null), Contents Need Refresh: No) via CFPrefsSearchListSource<0x600001330700> (Domain: org.reactjs.native.example.E2E-tests, Container: (null))
2023-09-09 12:50:31.833 Db E2E_tests[72348:1e414bc] [com.apple.defaults:User Defaults] looked up value 1 for key RCTI18nUtil_makeRTLFlipLeftAndRightStyles in CFPrefsPlistSource<0x600001338080> (Domain: org.reactjs.native.example.E2E-tests, User: kCFPreferencesCurrentUser, ByHost: No, Container: (null), Contents Need Refresh: No) via CFPrefsSearchListSource<0x600001330700> (Domain: org.reactjs.native.example.E2E-tests, Container: (null))
2023-09-09 12:50:31.833 Db E2E_tests[72348:1e4151d] [com.apple.SystemConfiguration:SCPreferences] create <SCPreferences 0x14f363fa0 [0x10e7ac1d0]> {name = SCDynamicStoreCopyProxiesWithOptions, id = /Library/Managed Preferences/mobile/com.apple.SystemConfiguration.plist, path = /Library/Managed Preferences/mobile/com.apple.SystemConfiguration.plist}
2023-09-09 12:50:31.833 Db E2E_tests[72348:1e4151d] [com.apple.SystemConfiguration:SCPreferences] SCPreferences() access: /Library/Managed Preferences/mobile/com.apple.SystemConfiguration.plist, size=0
2023-09-09 12:50:31.833 Db E2E_tests[72348:1e4151d] [com.apple.SystemConfiguration:SCPreferences] release <SCPreferences 0x14f363fa0 [0x10e7ac1d0]> {name = SCDynamicStoreCopyProxiesWithOptions, id = /Library/Managed Preferences/mobile/com.apple.SystemConfiguration.plist, path = /Library/Managed Preferences/mobile/com.apple.SystemConfiguration.plist, accessed}
2023-09-09 12:50:31.833 Db E2E_tests[72348:1e414bc] [com.apple.defaults:User Defaults] looked up value 1 for key RCTI18nUtil_makeRTLFlipLeftAndRightStyles in CFPrefsPlistSource<0x600001338080> (Domain: org.reactjs.native.example.E2E-tests, User: kCFPreferencesCurrentUser, ByHost: No, Container: (null), Contents Need Refresh: No) via CFPrefsSearchListSource<0x600001330700> (Domain: org.reactjs.native.example.E2E-tests, Container: (null))
2023-09-09 12:50:31.833 Db E2E_tests[72348:1e414bc] [com.apple.defaults:User Defaults] looked up value 1 for key RCTI18nUtil_makeRTLFlipLeftAndRightStyles in CFPrefsPlistSource<0x600001338080> (Domain: org.reactjs.native.example.E2E-tests, User: kCFPreferencesCurrentUser, ByHost: No, Container: (null), Contents Need Refresh: No) via CFPrefsSearchListSource<0x600001330700> (Domain: org.reactjs.native.example.E2E-tests, Container: (null))
2023-09-09 12:50:31.833 Db E2E_tests[72348:1e414bc] [com.apple.defaults:User Defaults] looked up value 1 for key RCTI18nUtil_makeRTLFlipLeftAndRightStyles in CFPrefsPlistSource<0x600001338080> (Domain: org.reactjs.native.example.E2E-tests, User: kCFPreferencesCurrentUser, ByHost: No, Container: (null), Contents Need Refresh: No) via CFPrefsSearchListSource<0x600001330700> (Domain: org.reactjs.native.example.E2E-tests, Container: (null))
2023-09-09 12:50:31.833 Db E2E_tests[72348:1e414bc] [com.apple.defaults:User Defaults] looked up value 1 for key RCTI18nUtil_makeRTLFlipLeftAndRightStyles in CFPrefsPlistSource<0x600001338080> (Domain: org.reactjs.native.example.E2E-tests, User: kCFPreferencesCurrentUser, ByHost: No, Container: (null), Contents Need Refresh: No) via CFPrefsSearchListSource<0x600001330700> (Domain: org.reactjs.native.example.E2E-tests, Container: (null))
2023-09-09 12:50:31.833 Db E2E_tests[72348:1e414bc] [com.apple.defaults:User Defaults] looked up value 1 for key RCTI18nUtil_makeRTLFlipLeftAndRightStyles in CFPrefsPlistSource<0x600001338080> (Domain: org.reactjs.native.example.E2E-tests, User: kCFPreferencesCurrentUser, ByHost: No, Container: (null), Contents Need Refresh: No) via CFPrefsSearchListSource<0x600001330700> (Domain: org.reactjs.native.example.E2E-tests, Container: (null))
2023-09-09 12:50:31.833 Db E2E_tests[72348:1e4151d] [com.apple.network:connection] -[NWConcrete_nw_endpoint_resolver startWithHandler:] [C8.1 localhost:8081 waiting resolver (satisfied (Path is satisfied), interface: en0[802.11])]
2023-09-09 12:50:31.833 Db E2E_tests[72348:1e414bc] [com.apple.defaults:User Defaults] looked up value 1 for key RCTI18nUtil_makeRTLFlipLeftAndRightStyles in CFPrefsPlistSource<0x600001338080> (Domain: org.reactjs.native.example.E2E-tests, User: kCFPreferencesCurrentUser, ByHost: No, Container: (null), Contents Need Refresh: No) via CFPrefsSearchListSource<0x600001330700> (Domain: org.reactjs.native.example.E2E-tests, Container: (null))
2023-09-09 12:50:31.833 Db E2E_tests[72348:1e4151d] [com.apple.network:connection] nw_endpoint_flow_receive_report [C8 localhost:8081 in_progress parent-flow (satisfied (Path is satisfied), interface: en0[802.11])] received child report: [C8.1 localhost:8081 in_progress resolver (satisfied (Path is satisfied), interface: en0[802.11])]
2023-09-09 12:50:31.833 Db E2E_tests[72348:1e414bc] [com.apple.defaults:User Defaults] looked up value 1 for key RCTI18nUtil_makeRTLFlipLeftAndRightStyles in CFPrefsPlistSource<0x600001338080> (Domain: org.reactjs.native.example.E2E-tests, User: kCFPreferencesCurrentUser, ByHost: No, Container: (null), Contents Need Refresh: No) via CFPrefsSearchListSource<0x600001330700> (Domain: org.reactjs.native.example.E2E-tests, Container: (null))
2023-09-09 12:50:31.833 Db E2E_tests[72348:1e414bc] [com.apple.defaults:User Defaults] looked up value 1 for key RCTI18nUtil_makeRTLFlipLeftAndRightStyles in CFPrefsPlistSource<0x600001338080> (Domain: org.reactjs.native.example.E2E-tests, User: kCFPreferencesCurrentUser, ByHost: No, Container: (null), Contents Need Refresh: No) via CFPrefsSearchListSource<0x600001330700> (Domain: org.reactjs.native.example.E2E-tests, Container: (null))
