2023-09-09 12:50:30.640 Db E2E_tests[72348:1e4151f] [com.apple.defaults:User Defaults] looked up value 1 for key RCTI18nUtil_makeRTLFlipLeftAndRightStyles in CFPrefsPlistSource<0x600001338080> (Domain: org.reactjs.native.example.E2E-tests, User: kCFPreferencesCurrentUser, ByHost: No, Container: (null), Contents Need Refresh: No) via CFPrefsSearchListSource<0x600001330700> (Domain: org.reactjs.native.example.E2E-tests, Container: (null))
2023-09-09 12:50:30.641 Db E2E_tests[72348:1e41522] [com.apple.CFBundle:loading] dlfcn check load bundle CFBundle 0x60000013fc00 </Applications/Xcode.app/Contents/Developer/Platforms/iPhoneOS.platform/Library/Developer/CoreSimulator/Profiles/Runtimes/iOS.simruntime/Contents/Resources/RuntimeRoot/System/Library/AccessibilityBundles/FrontBoard.axbundle> (not loaded), dlopen of /Applications/Xcode.app/Contents/Developer/Platforms/iPhoneOS.platform/Library/Developer/CoreSimulator/Profiles/Runtimes/iOS.simruntime/Contents/Resources/RuntimeRoot/System/Library/AccessibilityBundles/FrontBoard.axbundle/FrontBoard mode 0x115 no handle
2023-09-09 12:50:30.646 Db E2E_tests[72348:1e41522] [com.apple.CFBundle:loading] dlfcn load bundle CFBundle 0x60000013fc00 </Applications/Xcode.app/Contents/Developer/Platforms/iPhoneOS.platform/Library/Developer/CoreSimulator/Profiles/Runtimes/iOS.simruntime/Contents/Resources/RuntimeRoot/System/Library/AccessibilityBundles/FrontBoard.axbundle> (bundle, not loaded), dlopen of /Applications/Xcode.app/Contents/Developer/Platforms/iPhoneOS.platform/Library/Developer/CoreSimulator/Profiles/Runtimes/iOS.simruntime/Contents/Resources/RuntimeRoot/System/Library/AccessibilityBundles/FrontBoard.axbundle/FrontBoard mode 0x109 returns handle 0x22e25441
2023-09-09 12:50:30.646 Db E2E_tests[72348:1e41522] [com.apple.defaults:User Defaults] found no value for key UseNewAXBundleLoader in CFPrefsSearchListSource<0x600001326680> (Domain: com.apple.Accessibility, Container: /Users/hubertwojcik/Library/Developer/CoreSimulator/Devices/5B9A3E60-C11E-483A-B1A7-E920607879BB/data)
2023-09-09 12:50:30.646 Db E2E_tests[72348:1e41522] [com.apple.defaults:User Defaults] found no value for key UseNewAXBundleLoader in CFPrefsSearchListSource<0x60000133c080> (Domain: com.apple.Accessibility, Container: (null))
2023-09-09 12:50:30.646 Db E2E_tests[72348:1e414bc] [com.apple.defaults:User Defaults] found no value for key UseNewAXBundleLoader in CFPrefsSearchListSource<0x600001326680> (Domain: com.apple.Accessibility, Container: /Users/hubertwojcik/Library/Developer/CoreSimulator/Devices/5B9A3E60-C11E-483A-B1A7-E920607879BB/data)
2023-09-09 12:50:30.646 Db E2E_tests[72348:1e414bc] [com.apple.defaults:User Defaults] found no value for key UseNewAXBundleLoader in CFPrefsSearchListSource<0x60000133c080> (Domain: com.apple.Accessibility, Container: (null))
2023-09-09 12:50:30.648 Db E2E_tests[72348:1e41522] [com.apple.CFBundle:loading] dlfcn check load bundle CFBundle 0x600000157e00 </Applications/Xcode.app/Contents/Developer/Platforms/iPhoneOS.platform/Library/Developer/CoreSimulator/Profiles/Runtimes/iOS.simruntime/Contents/Resources/RuntimeRoot/System/Library/AccessibilityBundles/WebKitLegacy.axbundle> (not loaded), dlopen of /Applications/Xcode.app/Contents/Developer/Platforms/iPhoneOS.platform/Library/Developer/CoreSimulator/Profiles/Runtimes/iOS.simruntime/Contents/Resources/RuntimeRoot/System/Library/AccessibilityBundles/WebKitLegacy.axbundle/WebKitLegacy mode 0x115 no handle
2023-09-09 12:50:30.654 Db E2E_tests[72348:1e41522] [com.apple.CFBundle:loading] dlfcn load framework CFBundle 0x600000157e00 </Applications/Xcode.app/Contents/Developer/Platforms/iPhoneOS.platform/Library/Developer/CoreSimulator/Profiles/Runtimes/iOS.simruntime/Contents/Resources/RuntimeRoot/System/Library/AccessibilityBundles/WebKitLegacy.axbundle> (framework, not loaded), dlopen of /Applications/Xcode.app/Contents/Developer/Platforms/iPhoneOS.platform/Library/Developer/CoreSimulator/Profiles/Runtimes/iOS.simruntime/Contents/Resources/RuntimeRoot/System/Library/AccessibilityBundles/WebKitLegacy.axbundle/WebKitLegacy mode 0x109 returns handle 0x22e255f1
2023-09-09 12:50:30.654 Db E2E_tests[72348:1e41522] [com.apple.defaults:User Defaults] found no value for key UseNewAXBundleLoader in CFPrefsSearchListSource<0x600001326680> (Domain: com.apple.Accessibility, Container: /Users/hubertwojcik/Library/Developer/CoreSimulator/Devices/5B9A3E60-C11E-483A-B1A7-E920607879BB/data)
2023-09-09 12:50:30.654 Db E2E_tests[72348:1e41522] [com.apple.defaults:User Defaults] found no value for key UseNewAXBundleLoader in CFPrefsSearchListSource<0x60000133c080> (Domain: com.apple.Accessibility, Container: (null))
2023-09-09 12:50:30.654 Db E2E_tests[72348:1e414bc] [com.apple.defaults:User Defaults] found no value for key UseNewAXBundleLoader in CFPrefsSearchListSource<0x600001326680> (Domain: com.apple.Accessibility, Container: /Users/hubertwojcik/Library/Developer/CoreSimulator/Devices/5B9A3E60-C11E-483A-B1A7-E920607879BB/data)
2023-09-09 12:50:30.654 Db E2E_tests[72348:1e414bc] [com.apple.defaults:User Defaults] found no value for key UseNewAXBundleLoader in CFPrefsSearchListSource<0x60000133c080> (Domain: com.apple.Accessibility, Container: (null))
2023-09-09 12:50:30.655 Db E2E_tests[72348:1e41522] [com.apple.CFBundle:loading] dlfcn check load bundle CFBundle 0x600000120b00 </Applications/Xcode.app/Contents/Developer/Platforms/iPhoneOS.platform/Library/Developer/CoreSimulator/Profiles/Runtimes/iOS.simruntime/Contents/Resources/RuntimeRoot/System/Library/AccessibilityBundles/SwiftUI.axbundle> (not loaded), dlopen of /Applications/Xcode.app/Contents/Developer/Platforms/iPhoneOS.platform/Library/Developer/CoreSimulator/Profiles/Runtimes/iOS.simruntime/Contents/Resources/RuntimeRoot/System/Library/AccessibilityBundles/SwiftUI.axbundle/SwiftUI mode 0x115 no handle
2023-09-09 12:50:30.660 Db E2E_tests[72348:1e41522] [com.apple.CFBundle:loading] dlfcn load bundle CFBundle 0x600000120b00 </Applications/Xcode.app/Contents/Developer/Platforms/iPhoneOS.platform/Library/Developer/CoreSimulator/Profiles/Runtimes/iOS.simruntime/Contents/Resources/RuntimeRoot/System/Library/AccessibilityBundles/SwiftUI.axbundle> (bundle, not loaded), dlopen of /Applications/Xcode.app/Contents/Developer/Platforms/iPhoneOS.platform/Library/Developer/CoreSimulator/Profiles/Runtimes/iOS.simruntime/Contents/Resources/RuntimeRoot/System/Library/AccessibilityBundles/SwiftUI.axbundle/SwiftUI mode 0x109 returns handle 0x22e25861
2023-09-09 12:50:30.660 Db E2E_tests[72348:1e41522] [com.apple.defaults:User Defaults] found no value for key UseNewAXBundleLoader in CFPrefsSearchListSource<0x600001326680> (Domain: com.apple.Accessibility, Container: /Users/hubertwojcik/Library/Developer/CoreSimulator/Devices/5B9A3E60-C11E-483A-B1A7-E920607879BB/data)
2023-09-09 12:50:30.660 Db E2E_tests[72348:1e41522] [com.apple.defaults:User Defaults] found no value for key UseNewAXBundleLoader in CFPrefsSearchListSource<0x60000133c080> (Domain: com.apple.Accessibility, Container: (null))
2023-09-09 12:50:30.660 Db E2E_tests[72348:1e414bc] [com.apple.defaults:User Defaults] found no value for key UseNewAXBundleLoader in CFPrefsSearchListSource<0x600001326680> (Domain: com.apple.Accessibility, Container: /Users/hubertwojcik/Library/Developer/CoreSimulator/Devices/5B9A3E60-C11E-483A-B1A7-E920607879BB/data)
2023-09-09 12:50:30.660 Db E2E_tests[72348:1e414bc] [com.apple.defaults:User Defaults] found no value for key UseNewAXBundleLoader in CFPrefsSearchListSource<0x60000133c080> (Domain: com.apple.Accessibility, Container: (null))
2023-09-09 12:50:30.662 Db E2E_tests[72348:1e41522] [com.apple.CFBundle:loading] dlfcn check load bundle CFBundle 0x600000123100 </Applications/Xcode.app/Contents/Developer/Platforms/iPhoneOS.platform/Library/Developer/CoreSimulator/Profiles/Runtimes/iOS.simruntime/Contents/Resources/RuntimeRoot/System/Library/AccessibilityBundles/SearchFoundation.axbundle> (not loaded), dlopen of /Applications/Xcode.app/Contents/Developer/Platforms/iPhoneOS.platform/Library/Developer/CoreSimulator/Profiles/Runtimes/iOS.simruntime/Contents/Resources/RuntimeRoot/System/Library/AccessibilityBundles/SearchFoundation.axbundle/SearchFoundation mode 0x115 no handle
2023-09-09 12:50:30.667 Db E2E_tests[72348:1e4151e] [com.apple.defaults:User Defaults] looked up value 1 for key RCTI18nUtil_makeRTLFlipLeftAndRightStyles in CFPrefsPlistSource<0x600001338080> (Domain: org.reactjs.native.example.E2E-tests, User: kCFPreferencesCurrentUser, ByHost: No, Container: (null), Contents Need Refresh: No) via CFPrefsSearchListSource<0x600001330700> (Domain: org.reactjs.native.example.E2E-tests, Container: (null))
2023-09-09 12:50:30.667 Db E2E_tests[72348:1e4151e] [com.apple.defaults:User Defaults] looked up value 1 for key RCTI18nUtil_makeRTLFlipLeftAndRightStyles in CFPrefsPlistSource<0x600001338080> (Domain: org.reactjs.native.example.E2E-tests, User: kCFPreferencesCurrentUser, ByHost: No, Container: (null), Contents Need Refresh: No) via CFPrefsSearchListSource<0x600001330700> (Domain: org.reactjs.native.example.E2E-tests, Container: (null))
2023-09-09 12:50:30.667 Db E2E_tests[72348:1e4151e] [com.apple.defaults:User Defaults] looked up value 1 for key RCTI18nUtil_makeRTLFlipLeftAndRightStyles in CFPrefsPlistSource<0x600001338080> (Domain: org.reactjs.native.example.E2E-tests, User: kCFPreferencesCurrentUser, ByHost: No, Container: (null), Contents Need Refresh: No) via CFPrefsSearchListSource<0x600001330700> (Domain: org.reactjs.native.example.E2E-tests, Container: (null))
2023-09-09 12:50:30.667 Db E2E_tests[72348:1e4151e] [com.apple.defaults:User Defaults] looked up value 1 for key RCTI18nUtil_makeRTLFlipLeftAndRightStyles in CFPrefsPlistSource<0x600001338080> (Domain: org.reactjs.native.example.E2E-tests, User: kCFPreferencesCurrentUser, ByHost: No, Container: (null), Contents Need Refresh: No) via CFPrefsSearchListSource<0x600001330700> (Domain: org.reactjs.native.example.E2E-tests, Container: (null))
2023-09-09 12:50:30.667 Db E2E_tests[72348:1e4151e] [com.apple.defaults:User Defaults] looked up value 1 for key RCTI18nUtil_makeRTLFlipLeftAndRightStyles in CFPrefsPlistSource<0x600001338080> (Domain: org.reactjs.native.example.E2E-tests, User: kCFPreferencesCurrentUser, ByHost: No, Container: (null), Contents Need Refresh: No) via CFPrefsSearchListSource<0x600001330700> (Domain: org.reactjs.native.example.E2E-tests, Container: (null))
2023-09-09 12:50:30.667 Db E2E_tests[72348:1e4151e] [com.apple.defaults:User Defaults] looked up value 1 for key RCTI18nUtil_makeRTLFlipLeftAndRightStyles in CFPrefsPlistSource<0x600001338080> (Domain: org.reactjs.native.example.E2E-tests, User: kCFPreferencesCurrentUser, ByHost: No, Container: (null), Contents Need Refresh: No) via CFPrefsSearchListSource<0x600001330700> (Domain: org.reactjs.native.example.E2E-tests, Container: (null))
2023-09-09 12:50:30.667 Db E2E_tests[72348:1e414bc] [com.apple.CFBundle:resources] Resource lookup at CFBundle 0x600000130500 </Users/hubertwojcik/Library/Developer/CoreSimulator/Devices/5B9A3E60-C11E-483A-B1A7-E920607879BB/data/Containers/Bundle/Application/AC71A28D-C573-44A0-9CC9-ECBC9B9FD0A8/E2E_tests.app> (executable, loaded)
	Request       : RNSViewController type: nib
	Result        : None
2023-09-09 12:50:30.667 Db E2E_tests[72348:1e4151e] [com.apple.defaults:User Defaults] looked up value 1 for key RCTI18nUtil_makeRTLFlipLeftAndRightStyles in CFPrefsPlistSource<0x600001338080> (Domain: org.reactjs.native.example.E2E-tests, User: kCFPreferencesCurrentUser, ByHost: No, Container: (null), Contents Need Refresh: No) via CFPrefsSearchListSource<0x600001330700> (Domain: org.reactjs.native.example.E2E-tests, Container: (null))
2023-09-09 12:50:30.668 Db E2E_tests[72348:1e4151e] [com.apple.defaults:User Defaults] looked up value 1 for key RCTI18nUtil_makeRTLFlipLeftAndRightStyles in CFPrefsPlistSource<0x600001338080> (Domain: org.reactjs.native.example.E2E-tests, User: kCFPreferencesCurrentUser, ByHost: No, Container: (null), Contents Need Refresh: No) via CFPrefsSearchListSource<0x600001330700> (Domain: org.reactjs.native.example.E2E-tests, Container: (null))
2023-09-09 12:50:30.668 Db E2E_tests[72348:1e414bc] [com.apple.CFBundle:resources] Resource lookup at CFBundle 0x600000130500 </Users/hubertwojcik/Library/Developer/CoreSimulator/Devices/5B9A3E60-C11E-483A-B1A7-E920607879BB/data/Containers/Bundle/Application/AC71A28D-C573-44A0-9CC9-ECBC9B9FD0A8/E2E_tests.app> (executable, loaded)
	Request       : RNSView type: nib
	Result        : None
2023-09-09 12:50:30.668 Db E2E_tests[72348:1e41522] [com.apple.CFBundle:loading] dlfcn load bundle CFBundle 0x600000123100 </Applications/Xcode.app/Contents/Developer/Platforms/iPhoneOS.platform/Library/Developer/CoreSimulator/Profiles/Runtimes/iOS.simruntime/Contents/Resources/RuntimeRoot/System/Library/AccessibilityBundles/SearchFoundation.axbundle> (bundle, not loaded), dlopen of /Applications/Xcode.app/Contents/Developer/Platforms/iPhoneOS.platform/Library/Developer/CoreSimulator/Profiles/Runtimes/iOS.simruntime/Contents/Resources/RuntimeRoot/System/Library/AccessibilityBundles/SearchFoundation.axbundle/SearchFoundation mode 0x109 returns handle 0x22e25a01
2023-09-09 12:50:30.668 Db E2E_tests[72348:1e41522] [com.apple.defaults:User Defaults] found no value for key UseNewAXBundleLoader in CFPrefsSearchListSource<0x600001326680> (Domain: com.apple.Accessibility, Container: /Users/hubertwojcik/Library/Developer/CoreSimulator/Devices/5B9A3E60-C11E-483A-B1A7-E920607879BB/data)
2023-09-09 12:50:30.668 Db E2E_tests[72348:1e41522] [com.apple.defaults:User Defaults] found no value for key UseNewAXBundleLoader in CFPrefsSearchListSource<0x60000133c080> (Domain: com.apple.Accessibility, Container: (null))
2023-09-09 12:50:30.668 Db E2E_tests[72348:1e414bc] [com.apple.defaults:User Defaults] found no value for key UseNewAXBundleLoader in CFPrefsSearchListSource<0x600001326680> (Domain: com.apple.Accessibility, Container: /Users/hubertwojcik/Library/Developer/CoreSimulator/Devices/5B9A3E60-C11E-483A-B1A7-E920607879BB/data)
2023-09-09 12:50:30.668 Db E2E_tests[72348:1e414bc] [com.apple.defaults:User Defaults] found no value for key UseNewAXBundleLoader in CFPrefsSearchListSource<0x60000133c080> (Domain: com.apple.Accessibility, Container: (null))
2023-09-09 12:50:30.671 Db E2E_tests[72348:1e41522] [com.apple.CFBundle:loading] dlfcn check load bundle CFBundle 0x600000123b00 </Applications/Xcode.app/Contents/Developer/Platforms/iPhoneOS.platform/Library/Developer/CoreSimulator/Profiles/Runtimes/iOS.simruntime/Contents/Resources/RuntimeRoot/System/Library/AccessibilityBundles/OnBoardingKit.axbundle> (not loaded), dlopen of /Applications/Xcode.app/Contents/Developer/Platforms/iPhoneOS.platform/Library/Developer/CoreSimulator/Profiles/Runtimes/iOS.simruntime/Contents/Resources/RuntimeRoot/System/Library/AccessibilityBundles/OnBoardingKit.axbundle/OnBoardingKit mode 0x115 no handle
2023-09-09 12:50:30.675 Db E2E_tests[72348:1e41530] [com.apple.defaults:User Defaults] looked up value 1 for key RCTI18nUtil_makeRTLFlipLeftAndRightStyles in CFPrefsPlistSource<0x600001338080> (Domain: org.reactjs.native.example.E2E-tests, User: kCFPreferencesCurrentUser, ByHost: No, Container: (null), Contents Need Refresh: No) via CFPrefsSearchListSource<0x600001330700> (Domain: org.reactjs.native.example.E2E-tests, Container: (null))
2023-09-09 12:50:30.675 Db E2E_tests[72348:1e41530] [com.apple.defaults:User Defaults] looked up value 1 for key RCTI18nUtil_makeRTLFlipLeftAndRightStyles in CFPrefsPlistSource<0x600001338080> (Domain: org.reactjs.native.example.E2E-tests, User: kCFPreferencesCurrentUser, ByHost: No, Container: (null), Contents Need Refresh: No) via CFPrefsSearchListSource<0x600001330700> (Domain: org.reactjs.native.example.E2E-tests, Container: (null))
2023-09-09 12:50:30.675 Df E2E_tests[72348:1e414bc] [PrototypeTools:domain] Not observing PTDefaults on customer install.
2023-09-09 12:50:30.676 Db E2E_tests[72348:1e41522] [com.apple.CFBundle:loading] dlfcn load bundle CFBundle 0x600000123b00 </Applications/Xcode.app/Contents/Developer/Platforms/iPhoneOS.platform/Library/Developer/CoreSimulator/Profiles/Runtimes/iOS.simruntime/Contents/Resources/RuntimeRoot/System/Library/AccessibilityBundles/OnBoardingKit.axbundle> (bundle, not loaded), dlopen of /Applications/Xcode.app/Contents/Developer/Platforms/iPhoneOS.platform/Library/Developer/CoreSimulator/Profiles/Runtimes/iOS.simruntime/Contents/Resources/RuntimeRoot/System/Library/AccessibilityBundles/OnBoardingKit.axbundle/OnBoardingKit mode 0x109 returns handle 0x22e25bb1
2023-09-09 12:50:30.676 Db E2E_tests[72348:1e41522] [com.apple.defaults:User Defaults] found no value for key UseNewAXBundleLoader in CFPrefsSearchListSource<0x600001326680> (Domain: com.apple.Accessibility, Container: /Users/hubertwojcik/Library/Developer/CoreSimulator/Devices/5B9A3E60-C11E-483A-B1A7-E920607879BB/data)
2023-09-09 12:50:30.676 Db E2E_tests[72348:1e41522] [com.apple.defaults:User Defaults] found no value for key UseNewAXBundleLoader in CFPrefsSearchListSource<0x60000133c080> (Domain: com.apple.Accessibility, Container: (null))
2023-09-09 12:50:30.676 Db E2E_tests[72348:1e414bc] [com.apple.defaults:User Defaults] found no value for key BarAppearanceVersion in CFPrefsSearchListSource<0x600001330700> (Domain: org.reactjs.native.example.E2E-tests, Container: (null))
2023-09-09 12:50:30.676 Db E2E_tests[72348:1e414bc] [com.apple.defaults:User Defaults] found no value for key BarAppearanceVersion in CFPrefsSearchListSource<0x60000133b980> (Domain: com.apple.UIKit, Container: (null))
2023-09-09 12:50:30.676 Db E2E_tests[72348:1e414bc] [com.apple.defaults:User Defaults] found no value for key BarAppearanceVersionOverride in CFPrefsSearchListSource<0x60000133b980> (Domain: com.apple.UIKit, Container: (null))
2023-09-09 12:50:30.677 Db E2E_tests[72348:1e414bc] [com.apple.defaults:User Defaults] found no value for key UseNewAXBundleLoader in CFPrefsSearchListSource<0x600001326680> (Domain: com.apple.Accessibility, Container: /Users/hubertwojcik/Library/Developer/CoreSimulator/Devices/5B9A3E60-C11E-483A-B1A7-E920607879BB/data)
2023-09-09 12:50:30.677 Db E2E_tests[72348:1e414bc] [com.apple.defaults:User Defaults] found no value for key UseNewAXBundleLoader in CFPrefsSearchListSource<0x60000133c080> (Domain: com.apple.Accessibility, Container: (null))
2023-09-09 12:50:30.678 Db E2E_tests[72348:1e41522] [com.apple.CFBundle:loading] dlfcn check load bundle CFBundle 0x60000011ab00 </Applications/Xcode.app/Contents/Developer/Platforms/iPhoneOS.platform/Library/Developer/CoreSimulator/Profiles/Runtimes/iOS.simruntime/Contents/Resources/RuntimeRoot/System/Library/AccessibilityBundles/WebKit.axbundle> (not loaded), dlopen of /Applications/Xcode.app/Contents/Developer/Platforms/iPhoneOS.platform/Library/Developer/CoreSimulator/Profiles/Runtimes/iOS.simruntime/Contents/Resources/RuntimeRoot/System/Library/AccessibilityBundles/WebKit.axbundle/WebKit mode 0x115 no handle
2023-09-09 12:50:30.683 Db E2E_tests[72348:1e41522] [com.apple.CFBundle:loading] dlfcn load framework CFBundle 0x60000011ab00 </Applications/Xcode.app/Contents/Developer/Platforms/iPhoneOS.platform/Library/Developer/CoreSimulator/Profiles/Runtimes/iOS.simruntime/Contents/Resources/RuntimeRoot/System/Library/AccessibilityBundles/WebKit.axbundle> (framework, not loaded), dlopen of /Applications/Xcode.app/Contents/Developer/Platforms/iPhoneOS.platform/Library/Developer/CoreSimulator/Profiles/Runtimes/iOS.simruntime/Contents/Resources/RuntimeRoot/System/Library/AccessibilityBundles/WebKit.axbundle/WebKit mode 0x109 returns handle 0x22e25d61
2023-09-09 12:50:30.683 Db E2E_tests[72348:1e41522] [com.apple.defaults:User Defaults] found no value for key UseNewAXBundleLoader in CFPrefsSearchListSource<0x600001326680> (Domain: com.apple.Accessibility, Container: /Users/hubertwojcik/Library/Developer/CoreSimulator/Devices/5B9A3E60-C11E-483A-B1A7-E920607879BB/data)
2023-09-09 12:50:30.683 Db E2E_tests[72348:1e41522] [com.apple.defaults:User Defaults] found no value for key UseNewAXBundleLoader in CFPrefsSearchListSource<0x60000133c080> (Domain: com.apple.Accessibility, Container: (null))
2023-09-09 12:50:30.683 Db E2E_tests[72348:1e414bc] [com.apple.defaults:User Defaults] found no value for key UseNewAXBundleLoader in CFPrefsSearchListSource<0x600001326680> (Domain: com.apple.Accessibility, Container: /Users/hubertwojcik/Library/Developer/CoreSimulator/Devices/5B9A3E60-C11E-483A-B1A7-E920607879BB/data)
2023-09-09 12:50:30.683 Db E2E_tests[72348:1e414bc] [com.apple.defaults:User Defaults] found no value for key UseNewAXBundleLoader in CFPrefsSearchListSource<0x60000133c080> (Domain: com.apple.Accessibility, Container: (null))
2023-09-09 12:50:30.685 Db E2E_tests[72348:1e41522] [com.apple.CFBundle:loading] dlfcn check load bundle CFBundle 0x600000119a00 </Applications/Xcode.app/Contents/Developer/Platforms/iPhoneOS.platform/Library/Developer/CoreSimulator/Profiles/Runtimes/iOS.simruntime/Contents/Resources/RuntimeRoot/System/Library/AccessibilityBundles/ShareSheet.axbundle> (not loaded), dlopen of /Applications/Xcode.app/Contents/Developer/Platforms/iPhoneOS.platform/Library/Developer/CoreSimulator/Profiles/Runtimes/iOS.simruntime/Contents/Resources/RuntimeRoot/System/Library/AccessibilityBundles/ShareSheet.axbundle/ShareSheet mode 0x115 no handle
2023-09-09 12:50:30.686 Db E2E_tests[72348:1e4151e] [com.apple.defaults:User Defaults] looked up value 1 for key RCTI18nUtil_makeRTLFlipLeftAndRightStyles in CFPrefsPlistSource<0x600001338080> (Domain: org.reactjs.native.example.E2E-tests, User: kCFPreferencesCurrentUser, ByHost: No, Container: (null), Contents Need Refresh: No) via CFPrefsSearchListSource<0x600001330700> (Domain: org.reactjs.native.example.E2E-tests, Container: (null))
2023-09-09 12:50:30.686 Db E2E_tests[72348:1e4151e] [com.apple.defaults:User Defaults] looked up value 1 for key RCTI18nUtil_makeRTLFlipLeftAndRightStyles in CFPrefsPlistSource<0x600001338080> (Domain: org.reactjs.native.example.E2E-tests, User: kCFPreferencesCurrentUser, ByHost: No, Container: (null), Contents Need Refresh: No) via CFPrefsSearchListSource<0x600001330700> (Domain: org.reactjs.native.example.E2E-tests, Container: (null))
2023-09-09 12:50:30.690 Db E2E_tests[72348:1e41522] [com.apple.CFBundle:loading] dlfcn load bundle CFBundle 0x600000119a00 </Applications/Xcode.app/Contents/Developer/Platforms/iPhoneOS.platform/Library/Developer/CoreSimulator/Profiles/Runtimes/iOS.simruntime/Contents/Resources/RuntimeRoot/System/Library/AccessibilityBundles/ShareSheet.axbundle> (bundle, not loaded), dlopen of /Applications/Xcode.app/Contents/Developer/Platforms/iPhoneOS.platform/Library/Developer/CoreSimulator/Profiles/Runtimes/iOS.simruntime/Contents/Resources/RuntimeRoot/System/Library/AccessibilityBundles/ShareSheet.axbundle/ShareSheet mode 0x109 returns handle 0x22e25fb1
2023-09-09 12:50:30.690 Db E2E_tests[72348:1e41522] [com.apple.defaults:User Defaults] found no value for key UseNewAXBundleLoader in CFPrefsSearchListSource<0x600001326680> (Domain: com.apple.Accessibility, Container: /Users/hubertwojcik/Library/Developer/CoreSimulator/Devices/5B9A3E60-C11E-483A-B1A7-E920607879BB/data)
2023-09-09 12:50:30.690 Db E2E_tests[72348:1e41522] [com.apple.defaults:User Defaults] found no value for key UseNewAXBundleLoader in CFPrefsSearchListSource<0x60000133c080> (Domain: com.apple.Accessibility, Container: (null))
2023-09-09 12:50:30.690 Db E2E_tests[72348:1e414bc] [com.apple.defaults:User Defaults] found no value for key UseNewAXBundleLoader in CFPrefsSearchListSource<0x600001326680> (Domain: com.apple.Accessibility, Container: /Users/hubertwojcik/Library/Developer/CoreSimulator/Devices/5B9A3E60-C11E-483A-B1A7-E920607879BB/data)
2023-09-09 12:50:30.690 Db E2E_tests[72348:1e414bc] [com.apple.defaults:User Defaults] found no value for key UseNewAXBundleLoader in CFPrefsSearchListSource<0x60000133c080> (Domain: com.apple.Accessibility, Container: (null))
2023-09-09 12:50:30.692 Db E2E_tests[72348:1e41522] [com.apple.CFBundle:loading] dlfcn check load bundle CFBundle 0x600000118f00 </Applications/Xcode.app/Contents/Developer/Platforms/iPhoneOS.platform/Library/Developer/CoreSimulator/Profiles/Runtimes/iOS.simruntime/Contents/Resources/RuntimeRoot/System/Library/AccessibilityBundles/AVFoundation.axbundle> (not loaded), dlopen of /Applications/Xcode.app/Contents/Developer/Platforms/iPhoneOS.platform/Library/Developer/CoreSimulator/Profiles/Runtimes/iOS.simruntime/Contents/Resources/RuntimeRoot/System/Library/AccessibilityBundles/AVFoundation.axbundle/AVFoundation mode 0x115 no handle
2023-09-09 12:50:30.697 Db E2E_tests[72348:1e41522] [com.apple.CFBundle:loading] dlfcn load bundle CFBundle 0x600000118f00 </Applications/Xcode.app/Contents/Developer/Platforms/iPhoneOS.platform/Library/Developer/CoreSimulator/Profiles/Runtimes/iOS.simruntime/Contents/Resources/RuntimeRoot/System/Library/AccessibilityBundles/AVFoundation.axbundle> (bundle, not loaded), dlopen of /Applications/Xcode.app/Contents/Developer/Platforms/iPhoneOS.platform/Library/Developer/CoreSimulator/Profiles/Runtimes/iOS.simruntime/Contents/Resources/RuntimeRoot/System/Library/AccessibilityBundles/AVFoundation.axbundle/AVFoundation mode 0x109 returns handle 0x22e26161
2023-09-09 12:50:30.697 Db E2E_tests[72348:1e41522] [com.apple.defaults:User Defaults] found no value for key UseNewAXBundleLoader in CFPrefsSearchListSource<0x600001326680> (Domain: com.apple.Accessibility, Container: /Users/hubertwojcik/Library/Developer/CoreSimulator/Devices/5B9A3E60-C11E-483A-B1A7-E920607879BB/data)
2023-09-09 12:50:30.697 Db E2E_tests[72348:1e41522] [com.apple.defaults:User Defaults] found no value for key UseNewAXBundleLoader in CFPrefsSearchListSource<0x60000133c080> (Domain: com.apple.Accessibility, Container: (null))
2023-09-09 12:50:30.697 Db E2E_tests[72348:1e414bc] [com.apple.defaults:User Defaults] found no value for key UseNewAXBundleLoader in CFPrefsSearchListSource<0x600001326680> (Domain: com.apple.Accessibility, Container: /Users/hubertwojcik/Library/Developer/CoreSimulator/Devices/5B9A3E60-C11E-483A-B1A7-E920607879BB/data)
2023-09-09 12:50:30.697 Db E2E_tests[72348:1e414bc] [com.apple.defaults:User Defaults] found no value for key UseNewAXBundleLoader in CFPrefsSearchListSource<0x60000133c080> (Domain: com.apple.Accessibility, Container: (null))
2023-09-09 12:50:30.698 Db E2E_tests[72348:1e414bc] [com.apple.defaults:User Defaults] CFPrefsManagedSource<0x600001374980> (Domain: com.apple.coremedia, User: kCFPreferencesCurrentUser, ByHost: Yes, Container: (null), Contents Need Refresh: No) loaded: an empty base plist and no additional changes from the base plist
2023-09-09 12:50:30.698 Db E2E_tests[72348:1e414bc] [com.apple.defaults:User Defaults] CFPrefsManagedSource<0x600001374900> (Domain: com.apple.coremedia, User: kCFPreferencesAnyUser, ByHost: Yes, Container: (null), Contents Need Refresh: No) loaded: an empty base plist and no additional changes from the base plist
2023-09-09 12:50:30.698 Db E2E_tests[72348:1e414bc] [com.apple.defaults:User Defaults] CFPrefsPlistSource<0x600001374a00> (Domain: com.apple.coremedia, User: kCFPreferencesCurrentUser, ByHost: No, Container: (null), Contents Need Refresh: No) loaded: an empty base plist and no additional changes from the base plist
2023-09-09 12:50:30.698 Db E2E_tests[72348:1e414bc] [com.apple.defaults:User Defaults] CFPrefsPlistSource<0x600001374700> (Domain: com.apple.coremedia, User: kCFPreferencesCurrentUser, ByHost: No, Container: /Users/hubertwojcik/Library/Developer/CoreSimulator/Devices/5B9A3E60-C11E-483A-B1A7-E920607879BB/data, Contents Need Refresh: No) loaded: an empty base plist and no additional changes from the base plist
2023-09-09 12:50:30.698 Db E2E_tests[72348:1e414bc] [com.apple.defaults:User Defaults] CFPrefsPlistSource<0x600001374600> (Domain: com.apple.coremedia, User: kCFPreferencesCurrentUser, ByHost: Yes, Container: (null), Contents Need Refresh: No) loaded: an empty base plist and no additional changes from the base plist
2023-09-09 12:50:30.698 Db E2E_tests[72348:1e414bc] [com.apple.defaults:User Defaults] found no value for key fig_notes in CFPrefsSearchListSource<0x600001374a80> (Domain: com.apple.coremedia, Container: (null))
2023-09-09 12:50:30.698 Db E2E_tests[72348:1e414bc] [com.apple.defaults:User Defaults] found no value for key automatic_fig_notes in CFPrefsSearchListSource<0x600001374a80> (Domain: com.apple.coremedia, Container: (null))
2023-09-09 12:50:30.699 Db E2E_tests[72348:1e414bc] [com.apple.defaults:User Defaults] CFPrefsManagedSource<0x600001367b00> (Domain: com.apple.avfoundation, User: kCFPreferencesCurrentUser, ByHost: Yes, Container: (null), Contents Need Refresh: No) loaded: an empty base plist and no additional changes from the base plist
2023-09-09 12:50:30.699 Db E2E_tests[72348:1e414bc] [com.apple.defaults:User Defaults] CFPrefsManagedSource<0x600001367b80> (Domain: com.apple.avfoundation, User: kCFPreferencesAnyUser, ByHost: Yes, Container: (null), Contents Need Refresh: No) loaded: an empty base plist and no additional changes from the base plist
2023-09-09 12:50:30.699 Db E2E_tests[72348:1e414bc] [com.apple.defaults:User Defaults] CFPrefsPlistSource<0x600001367a80> (Domain: com.apple.avfoundation, User: kCFPreferencesCurrentUser, ByHost: No, Container: (null), Contents Need Refresh: No) loaded: an empty base plist and no additional changes from the base plist
2023-09-09 12:50:30.699 Db E2E_tests[72348:1e414bc] [com.apple.defaults:User Defaults] CFPrefsPlistSource<0x600001367e00> (Domain: com.apple.avfoundation, User: kCFPreferencesCurrentUser, ByHost: No, Container: /Users/hubertwojcik/Library/Developer/CoreSimulator/Devices/5B9A3E60-C11E-483A-B1A7-E920607879BB/data, Contents Need Refresh: No) loaded: an empty base plist and no additional changes from the base plist
2023-09-09 12:50:30.699 Db E2E_tests[72348:1e414bc] [com.apple.defaults:User Defaults] CFPrefsPlistSource<0x600001367f00> (Domain: com.apple.avfoundation, User: kCFPreferencesCurrentUser, ByHost: Yes, Container: (null), Contents Need Refresh: No) loaded: an empty base plist and no additional changes from the base plist
2023-09-09 12:50:30.699 Db E2E_tests[72348:1e414bc] [com.apple.defaults:User Defaults] found no value for key avplayer_trace in CFPrefsSearchListSource<0x600001367980> (Domain: com.apple.avfoundation, Container: (null))
2023-09-09 12:50:30.699 Db E2E_tests[72348:1e414bc] [com.apple.defaults:User Defaults] found no value for key avplayer_trace in CFPrefsSearchListSource<0x600001367980> (Domain: com.apple.avfoundation, Container: (null))
2023-09-09 12:50:30.699 Db E2E_tests[72348:1e41522] [com.apple.CFBundle:loading] dlfcn check load bundle CFBundle 0x600000116400 </Applications/Xcode.app/Contents/Developer/Platforms/iPhoneOS.platform/Library/Developer/CoreSimulator/Profiles/Runtimes/iOS.simruntime/Contents/Resources/RuntimeRoot/System/Library/AccessibilityBundles/PDFKit.axbundle> (not loaded), dlopen of /Applications/Xcode.app/Contents/Developer/Platforms/iPhoneOS.platform/Library/Developer/CoreSimulator/Profiles/Runtimes/iOS.simruntime/Contents/Resources/RuntimeRoot/System/Library/AccessibilityBundles/PDFKit.axbundle/PDFKit mode 0x115 no handle
2023-09-09 12:50:30.704 Db E2E_tests[72348:1e41522] [com.apple.CFBundle:loading] dlfcn load bundle CFBundle 0x600000116400 </Applications/Xcode.app/Contents/Developer/Platforms/iPhoneOS.platform/Library/Developer/CoreSimulator/Profiles/Runtimes/iOS.simruntime/Contents/Resources/RuntimeRoot/System/Library/AccessibilityBundles/PDFKit.axbundle> (bundle, not loaded), dlopen of /Applications/Xcode.app/Contents/Developer/Platforms/iPhoneOS.platform/Library/Developer/CoreSimulator/Profiles/Runtimes/iOS.simruntime/Contents/Resources/RuntimeRoot/System/Library/AccessibilityBundles/PDFKit.axbundle/PDFKit mode 0x109 returns handle 0x22e26321
2023-09-09 12:50:30.704 Db E2E_tests[72348:1e41522] [com.apple.defaults:User Defaults] found no value for key UseNewAXBundleLoader in CFPrefsSearchListSource<0x600001326680> (Domain: com.apple.Accessibility, Container: /Users/hubertwojcik/Library/Developer/CoreSimulator/Devices/5B9A3E60-C11E-483A-B1A7-E920607879BB/data)
2023-09-09 12:50:30.704 Db E2E_tests[72348:1e41522] [com.apple.defaults:User Defaults] found no value for key UseNewAXBundleLoader in CFPrefsSearchListSource<0x60000133c080> (Domain: com.apple.Accessibility, Container: (null))
2023-09-09 12:50:30.704 Db E2E_tests[72348:1e414bc] [com.apple.defaults:User Defaults] found no value for key UseNewAXBundleLoader in CFPrefsSearchListSource<0x600001326680> (Domain: com.apple.Accessibility, Container: /Users/hubertwojcik/Library/Developer/CoreSimulator/Devices/5B9A3E60-C11E-483A-B1A7-E920607879BB/data)
2023-09-09 12:50:30.704 Db E2E_tests[72348:1e414bc] [com.apple.defaults:User Defaults] found no value for key UseNewAXBundleLoader in CFPrefsSearchListSource<0x60000133c080> (Domain: com.apple.Accessibility, Container: (null))
2023-09-09 12:50:30.706 Db E2E_tests[72348:1e41522] [com.apple.CFBundle:loading] dlfcn check load bundle CFBundle 0x60000011c000 </Applications/Xcode.app/Contents/Developer/Platforms/iPhoneOS.platform/Library/Developer/CoreSimulator/Profiles/Runtimes/iOS.simruntime/Contents/Resources/RuntimeRoot/System/Library/AccessibilityBundles/TemplateKit.axbundle> (not loaded), dlopen of /Applications/Xcode.app/Contents/Developer/Platforms/iPhoneOS.platform/Library/Developer/CoreSimulator/Profiles/Runtimes/iOS.simruntime/Contents/Resources/RuntimeRoot/System/Library/AccessibilityBundles/TemplateKit.axbundle/TemplateKit mode 0x115 no handle
2023-09-09 12:50:30.710 Db E2E_tests[72348:1e41522] [com.apple.CFBundle:loading] dlfcn load bundle CFBundle 0x60000011c000 </Applications/Xcode.app/Contents/Developer/Platforms/iPhoneOS.platform/Library/Developer/CoreSimulator/Profiles/Runtimes/iOS.simruntime/Contents/Resources/RuntimeRoot/System/Library/AccessibilityBundles/TemplateKit.axbundle> (bundle, not loaded), dlopen of /Applications/Xcode.app/Contents/Developer/Platforms/iPhoneOS.platform/Library/Developer/CoreSimulator/Profiles/Runtimes/iOS.simruntime/Contents/Resources/RuntimeRoot/System/Library/AccessibilityBundles/TemplateKit.axbundle/TemplateKit mode 0x109 returns handle 0x22e264e1
2023-09-09 12:50:30.711 Db E2E_tests[72348:1e41522] [com.apple.defaults:User Defaults] found no value for key UseNewAXBundleLoader in CFPrefsSearchListSource<0x600001326680> (Domain: com.apple.Accessibility, Container: /Users/hubertwojcik/Library/Developer/CoreSimulator/Devices/5B9A3E60-C11E-483A-B1A7-E920607879BB/data)
2023-09-09 12:50:30.711 Db E2E_tests[72348:1e41522] [com.apple.defaults:User Defaults] found no value for key UseNewAXBundleLoader in CFPrefsSearchListSource<0x60000133c080> (Domain: com.apple.Accessibility, Container: (null))
2023-09-09 12:50:30.711 Db E2E_tests[72348:1e414bc] [com.apple.defaults:User Defaults] found no value for key UseNewAXBundleLoader in CFPrefsSearchListSource<0x600001326680> (Domain: com.apple.Accessibility, Container: /Users/hubertwojcik/Library/Developer/CoreSimulator/Devices/5B9A3E60-C11E-483A-B1A7-E920607879BB/data)
2023-09-09 12:50:30.711 Db E2E_tests[72348:1e414bc] [com.apple.defaults:User Defaults] found no value for key UseNewAXBundleLoader in CFPrefsSearchListSource<0x60000133c080> (Domain: com.apple.Accessibility, Container: (null))
2023-09-09 12:50:30.712 Db E2E_tests[72348:1e41522] [com.apple.CFBundle:loading] dlfcn check load bundle CFBundle 0x600000115800 </Applications/Xcode.app/Contents/Developer/Platforms/iPhoneOS.platform/Library/Developer/CoreSimulator/Profiles/Runtimes/iOS.simruntime/Contents/Resources/RuntimeRoot/System/Library/AccessibilityBundles/AssistantServices.axbundle> (not loaded), dlopen of /Applications/Xcode.app/Contents/Developer/Platforms/iPhoneOS.platform/Library/Developer/CoreSimulator/Profiles/Runtimes/iOS.simruntime/Contents/Resources/RuntimeRoot/System/Library/AccessibilityBundles/AssistantServices.axbundle/AssistantServices mode 0x115 no handle
2023-09-09 12:50:30.717 Db E2E_tests[72348:1e41522] [com.apple.CFBundle:loading] dlfcn load bundle CFBundle 0x600000115800 </Applications/Xcode.app/Contents/Developer/Platforms/iPhoneOS.platform/Library/Developer/CoreSimulator/Profiles/Runtimes/iOS.simruntime/Contents/Resources/RuntimeRoot/System/Library/AccessibilityBundles/AssistantServices.axbundle> (bundle, not loaded), dlopen of /Applications/Xcode.app/Contents/Developer/Platforms/iPhoneOS.platform/Library/Developer/CoreSimulator/Profiles/Runtimes/iOS.simruntime/Contents/Resources/RuntimeRoot/System/Library/AccessibilityBundles/AssistantServices.axbundle/AssistantServices mode 0x109 returns handle 0x22e26691
2023-09-09 12:50:30.717 Db E2E_tests[72348:1e41522] [com.apple.defaults:User Defaults] found no value for key UseNewAXBundleLoader in CFPrefsSearchListSource<0x600001326680> (Domain: com.apple.Accessibility, Container: /Users/hubertwojcik/Library/Developer/CoreSimulator/Devices/5B9A3E60-C11E-483A-B1A7-E920607879BB/data)
2023-09-09 12:50:30.717 Db E2E_tests[72348:1e41522] [com.apple.defaults:User Defaults] found no value for key UseNewAXBundleLoader in CFPrefsSearchListSource<0x60000133c080> (Domain: com.apple.Accessibility, Container: (null))
2023-09-09 12:50:30.717 Db E2E_tests[72348:1e414bc] [com.apple.defaults:User Defaults] found no value for key UseNewAXBundleLoader in CFPrefsSearchListSource<0x600001326680> (Domain: com.apple.Accessibility, Container: /Users/hubertwojcik/Library/Developer/CoreSimulator/Devices/5B9A3E60-C11E-483A-B1A7-E920607879BB/data)
2023-09-09 12:50:30.717 Db E2E_tests[72348:1e414bc] [com.apple.defaults:User Defaults] found no value for key UseNewAXBundleLoader in CFPrefsSearchListSource<0x60000133c080> (Domain: com.apple.Accessibility, Container: (null))
2023-09-09 12:50:30.719 Db E2E_tests[72348:1e41522] [com.apple.CFBundle:loading] dlfcn check load bundle CFBundle 0x600000115000 </Applications/Xcode.app/Contents/Developer/Platforms/iPhoneOS.platform/Library/Developer/CoreSimulator/Profiles/Runtimes/iOS.simruntime/Contents/Resources/RuntimeRoot/System/Library/AccessibilityBundles/EventKitUIFramework.axbundle> (not loaded), dlopen of /Applications/Xcode.app/Contents/Developer/Platforms/iPhoneOS.platform/Library/Developer/CoreSimulator/Profiles/Runtimes/iOS.simruntime/Contents/Resources/RuntimeRoot/System/Library/AccessibilityBundles/EventKitUIFramework.axbundle/EventKitUIFramework mode 0x115 no handle
2023-09-09 12:50:30.725 Db E2E_tests[72348:1e41522] [com.apple.CFBundle:loading] dlfcn load bundle CFBundle 0x600000115000 </Applications/Xcode.app/Contents/Developer/Platforms/iPhoneOS.platform/Library/Developer/CoreSimulator/Profiles/Runtimes/iOS.simruntime/Contents/Resources/RuntimeRoot/System/Library/AccessibilityBundles/EventKitUIFramework.axbundle> (bundle, not loaded), dlopen of /Applications/Xcode.app/Contents/Developer/Platforms/iPhoneOS.platform/Library/Developer/CoreSimulator/Profiles/Runtimes/iOS.simruntime/Contents/Resources/RuntimeRoot/System/Library/AccessibilityBundles/EventKitUIFramework.axbundle/EventKitUIFramework mode 0x109 returns handle 0x22e26841
2023-09-09 12:50:30.725 Db E2E_tests[72348:1e41522] [com.apple.defaults:User Defaults] found no value for key UseNewAXBundleLoader in CFPrefsSearchListSource<0x600001326680> (Domain: com.apple.Accessibility, Container: /Users/hubertwojcik/Library/Developer/CoreSimulator/Devices/5B9A3E60-C11E-483A-B1A7-E920607879BB/data)
2023-09-09 12:50:30.725 Db E2E_tests[72348:1e41522] [com.apple.defaults:User Defaults] found no value for key UseNewAXBundleLoader in CFPrefsSearchListSource<0x60000133c080> (Domain: com.apple.Accessibility, Container: (null))
2023-09-09 12:50:30.725 Db E2E_tests[72348:1e414bc] [com.apple.defaults:User Defaults] found no value for key UseNewAXBundleLoader in CFPrefsSearchListSource<0x600001326680> (Domain: com.apple.Accessibility, Container: /Users/hubertwojcik/Library/Developer/CoreSimulator/Devices/5B9A3E60-C11E-483A-B1A7-E920607879BB/data)
2023-09-09 12:50:30.725 Db E2E_tests[72348:1e414bc] [com.apple.defaults:User Defaults] found no value for key UseNewAXBundleLoader in CFPrefsSearchListSource<0x60000133c080> (Domain: com.apple.Accessibility, Container: (null))
2023-09-09 12:50:30.727 Db E2E_tests[72348:1e41522] [com.apple.CFBundle:loading] dlfcn check load bundle CFBundle 0x600000114e00 </Applications/Xcode.app/Contents/Developer/Platforms/iPhoneOS.platform/Library/Developer/CoreSimulator/Profiles/Runtimes/iOS.simruntime/Contents/Resources/RuntimeRoot/System/Library/AccessibilityBundles/WebCore.axbundle> (not loaded), dlopen of /Applications/Xcode.app/Contents/Developer/Platforms/iPhoneOS.platform/Library/Developer/CoreSimulator/Profiles/Runtimes/iOS.simruntime/Contents/Resources/RuntimeRoot/System/Library/AccessibilityBundles/WebCore.axbundle/WebCore mode 0x115 no handle
2023-09-09 12:50:30.730 Db E2E_tests[72348:1e4151e] [com.apple.defaults:User Defaults] looked up value 1 for key RCTI18nUtil_makeRTLFlipLeftAndRightStyles in CFPrefsPlistSource<0x600001338080> (Domain: org.reactjs.native.example.E2E-tests, User: kCFPreferencesCurrentUser, ByHost: No, Container: (null), Contents Need Refresh: No) via CFPrefsSearchListSource<0x600001330700> (Domain: org.reactjs.native.example.E2E-tests, Container: (null))
2023-09-09 12:50:30.730 Db E2E_tests[72348:1e4151e] [com.apple.defaults:User Defaults] looked up value 1 for key RCTI18nUtil_makeRTLFlipLeftAndRightStyles in CFPrefsPlistSource<0x600001338080> (Domain: org.reactjs.native.example.E2E-tests, User: kCFPreferencesCurrentUser, ByHost: No, Container: (null), Contents Need Refresh: No) via CFPrefsSearchListSource<0x600001330700> (Domain: org.reactjs.native.example.E2E-tests, Container: (null))
2023-09-09 12:50:30.730 Db E2E_tests[72348:1e4151e] [com.apple.defaults:User Defaults] looked up value 1 for key RCTI18nUtil_makeRTLFlipLeftAndRightStyles in CFPrefsPlistSource<0x600001338080> (Domain: org.reactjs.native.example.E2E-tests, User: kCFPreferencesCurrentUser, ByHost: No, Container: (null), Contents Need Refresh: No) via CFPrefsSearchListSource<0x600001330700> (Domain: org.reactjs.native.example.E2E-tests, Container: (null))
2023-09-09 12:50:30.730 Db E2E_tests[72348:1e4151e] [com.apple.defaults:User Defaults] looked up value 1 for key RCTI18nUtil_makeRTLFlipLeftAndRightStyles in CFPrefsPlistSource<0x600001338080> (Domain: org.reactjs.native.example.E2E-tests, User: kCFPreferencesCurrentUser, ByHost: No, Container: (null), Contents Need Refresh: No) via CFPrefsSearchListSource<0x600001330700> (Domain: org.reactjs.native.example.E2E-tests, Container: (null))
2023-09-09 12:50:30.730 Db E2E_tests[72348:1e4151e] [com.apple.defaults:User Defaults] looked up value 1 for key RCTI18nUtil_makeRTLFlipLeftAndRightStyles in CFPrefsPlistSource<0x600001338080> (Domain: org.reactjs.native.example.E2E-tests, User: kCFPreferencesCurrentUser, ByHost: No, Container: (null), Contents Need Refresh: No) via CFPrefsSearchListSource<0x600001330700> (Domain: org.reactjs.native.example.E2E-tests, Container: (null))
2023-09-09 12:50:30.730 Db E2E_tests[72348:1e4151e] [com.apple.defaults:User Defaults] looked up value 1 for key RCTI18nUtil_makeRTLFlipLeftAndRightStyles in CFPrefsPlistSource<0x600001338080> (Domain: org.reactjs.native.example.E2E-tests, User: kCFPreferencesCurrentUser, ByHost: No, Container: (null), Contents Need Refresh: No) via CFPrefsSearchListSource<0x600001330700> (Domain: org.reactjs.native.example.E2E-tests, Container: (null))
2023-09-09 12:50:30.730 Db E2E_tests[72348:1e4151e] [com.apple.defaults:User Defaults] looked up value 1 for key RCTI18nUtil_makeRTLFlipLeftAndRightStyles in CFPrefsPlistSource<0x600001338080> (Domain: org.reactjs.native.example.E2E-tests, User: kCFPreferencesCurrentUser, ByHost: No, Container: (null), Contents Need Refresh: No) via CFPrefsSearchListSource<0x600001330700> (Domain: org.reactjs.native.example.E2E-tests, Container: (null))
2023-09-09 12:50:30.730 Db E2E_tests[72348:1e4151e] [com.apple.defaults:User Defaults] looked up value 1 for key RCTI18nUtil_makeRTLFlipLeftAndRightStyles in CFPrefsPlistSource<0x600001338080> (Domain: org.reactjs.native.example.E2E-tests, User: kCFPreferencesCurrentUser, ByHost: No, Container: (null), Contents Need Refresh: No) via CFPrefsSearchListSource<0x600001330700> (Domain: org.reactjs.native.example.E2E-tests, Container: (null))
2023-09-09 12:50:30.730 Db E2E_tests[72348:1e4151e] [com.apple.defaults:User Defaults] looked up value 1 for key RCTI18nUtil_makeRTLFlipLeftAndRightStyles in CFPrefsPlistSource<0x600001338080> (Domain: org.reactjs.native.example.E2E-tests, User: kCFPreferencesCurrentUser, ByHost: No, Container: (null), Contents Need Refresh: No) via CFPrefsSearchListSource<0x600001330700> (Domain: org.reactjs.native.example.E2E-tests, Container: (null))
2023-09-09 12:50:30.730 Db E2E_tests[72348:1e4151e] [com.apple.defaults:User Defaults] looked up value 1 for key RCTI18nUtil_makeRTLFlipLeftAndRightStyles in CFPrefsPlistSource<0x600001338080> (Domain: org.reactjs.native.example.E2E-tests, User: kCFPreferencesCurrentUser, ByHost: No, Container: (null), Contents Need Refresh: No) via CFPrefsSearchListSource<0x600001330700> (Domain: org.reactjs.native.example.E2E-tests, Container: (null))
2023-09-09 12:50:30.730 Db E2E_tests[72348:1e4151e] [com.apple.defaults:User Defaults] looked up value 1 for key RCTI18nUtil_makeRTLFlipLeftAndRightStyles in CFPrefsPlistSource<0x600001338080> (Domain: org.reactjs.native.example.E2E-tests, User: kCFPreferencesCurrentUser, ByHost: No, Container: (null), Contents Need Refresh: No) via CFPrefsSearchListSource<0x600001330700> (Domain: org.reactjs.native.example.E2E-tests, Container: (null))
2023-09-09 12:50:30.730 Db E2E_tests[72348:1e4151e] [com.apple.defaults:User Defaults] looked up value 1 for key RCTI18nUtil_makeRTLFlipLeftAndRightStyles in CFPrefsPlistSource<0x600001338080> (Domain: org.reactjs.native.example.E2E-tests, User: kCFPreferencesCurrentUser, ByHost: No, Container: (null), Contents Need Refresh: No) via CFPrefsSearchListSource<0x600001330700> (Domain: org.reactjs.native.example.E2E-tests, Container: (null))
2023-09-09 12:50:30.730 Db E2E_tests[72348:1e4151e] [com.apple.defaults:User Defaults] looked up value 1 for key RCTI18nUtil_makeRTLFlipLeftAndRightStyles in CFPrefsPlistSource<0x600001338080> (Domain: org.reactjs.native.example.E2E-tests, User: kCFPreferencesCurrentUser, ByHost: No, Container: (null), Contents Need Refresh: No) via CFPrefsSearchListSource<0x600001330700> (Domain: org.reactjs.native.example.E2E-tests, Container: (null))
2023-09-09 12:50:30.730 Db E2E_tests[72348:1e4151e] [com.apple.defaults:User Defaults] looked up value 1 for key RCTI18nUtil_makeRTLFlipLeftAndRightStyles in CFPrefsPlistSource<0x600001338080> (Domain: org.reactjs.native.example.E2E-tests, User: kCFPreferencesCurrentUser, ByHost: No, Container: (null), Contents Need Refresh: No) via CFPrefsSearchListSource<0x600001330700> (Domain: org.reactjs.native.example.E2E-tests, Container: (null))
2023-09-09 12:50:30.730 Db E2E_tests[72348:1e4151e] [com.apple.defaults:User Defaults] looked up value 1 for key RCTI18nUtil_makeRTLFlipLeftAndRightStyles in CFPrefsPlistSource<0x600001338080> (Domain: org.reactjs.native.example.E2E-tests, User: kCFPreferencesCurrentUser, ByHost: No, Container: (null), Contents Need Refresh: No) via CFPrefsSearchListSource<0x600001330700> (Domain: org.reactjs.native.example.E2E-tests, Container: (null))
2023-09-09 12:50:30.730 Db E2E_tests[72348:1e4151e] [com.apple.defaults:User Defaults] looked up value 1 for key RCTI18nUtil_makeRTLFlipLeftAndRightStyles in CFPrefsPlistSource<0x600001338080> (Domain: org.reactjs.native.example.E2E-tests, User: kCFPreferencesCurrentUser, ByHost: No, Container: (null), Contents Need Refresh: No) via CFPrefsSearchListSource<0x600001330700> (Domain: org.reactjs.native.example.E2E-tests, Container: (null))
2023-09-09 12:50:30.731 Db E2E_tests[72348:1e4151e] [com.apple.defaults:User Defaults] found no value for key NSUsesDefaultHyphenation in CFPrefsSearchListSource<0x600001330700> (Domain: org.reactjs.native.example.E2E-tests, Container: (null))
2023-09-09 12:50:30.732 Db E2E_tests[72348:1e4151e] [com.apple.defaults:User Defaults] found no value for key NSAlwaysFixAttributesLazily in CFPrefsSearchListSource<0x600001330700> (Domain: org.reactjs.native.example.E2E-tests, Container: (null))
2023-09-09 12:50:30.732 Db E2E_tests[72348:1e41522] [com.apple.CFBundle:loading] dlfcn load framework CFBundle 0x600000114e00 </Applications/Xcode.app/Contents/Developer/Platforms/iPhoneOS.platform/Library/Developer/CoreSimulator/Profiles/Runtimes/iOS.simruntime/Contents/Resources/RuntimeRoot/System/Library/AccessibilityBundles/WebCore.axbundle> (framework, not loaded), dlopen of /Applications/Xcode.app/Contents/Developer/Platforms/iPhoneOS.platform/Library/Developer/CoreSimulator/Profiles/Runtimes/iOS.simruntime/Contents/Resources/RuntimeRoot/System/Library/AccessibilityBundles/WebCore.axbundle/WebCore mode 0x109 returns handle 0x22e26c31
2023-09-09 12:50:30.732 Db E2E_tests[72348:1e4151e] [com.apple.defaults:User Defaults] found no value for key NSGlyphGeneratorConcreteClassName in CFPrefsSearchListSource<0x600001330700> (Domain: org.reactjs.native.example.E2E-tests, Container: (null))
2023-09-09 12:50:30.732 Db E2E_tests[72348:1e41522] [com.apple.defaults:User Defaults] found no value for key UseNewAXBundleLoader in CFPrefsSearchListSource<0x600001326680> (Domain: com.apple.Accessibility, Container: /Users/hubertwojcik/Library/Developer/CoreSimulator/Devices/5B9A3E60-C11E-483A-B1A7-E920607879BB/data)
2023-09-09 12:50:30.732 Db E2E_tests[72348:1e41522] [com.apple.defaults:User Defaults] found no value for key UseNewAXBundleLoader in CFPrefsSearchListSource<0x60000133c080> (Domain: com.apple.Accessibility, Container: (null))
